 mission_server_waypoint_qball2_sfun

 Timestamp is 55e50a41 (Mon Aug 31 22:15:29 2015)

 Preferred load address is 0000000180000000

 Start         Length     Name                   Class
 0001:00000000 0002518cH .text                   CODE
 0001:00025190 00000092H .text$x                 CODE
 0002:00000000 00000508H .idata$5                DATA
 0002:00000508 00000008H .CRT$XCA                DATA
 0002:00000510 00000008H .CRT$XCZ                DATA
 0002:00000518 00000008H .CRT$XIA                DATA
 0002:00000520 00000008H .CRT$XIAA               DATA
 0002:00000528 00000008H .CRT$XIZ                DATA
 0002:00000530 0000073cH .rdata                  DATA
 0002:00000c70 00000008H .rtc$IAA                DATA
 0002:00000c78 00000008H .rtc$IZZ                DATA
 0002:00000c80 00000008H .rtc$TAA                DATA
 0002:00000c88 00000008H .rtc$TZZ                DATA
 0002:00000c90 00000c00H .xdata                  DATA
 0002:00001890 0000008cH .idata$2                DATA
 0002:0000191c 00000014H .idata$3                DATA
 0002:00001930 00000508H .idata$4                DATA
 0002:00001e38 00000e66H .idata$6                DATA
 0002:00002ca0 00000069H .edata                  DATA
 0003:00000000 00006c38H .data                   DATA
 0003:00006c40 000006e0H .bss                    DATA
 0004:00000000 00000f0cH .pdata                  DATA

  Address         Publics by Value              Rva+Base               Lib:Object

 0000:00000000       ___safe_se_handler_table   0000000000000000     <absolute>
 0000:00000000       ___safe_se_handler_count   0000000000000000     <absolute>
 0000:00000000       __ImageBase                0000000180000000     <linker-defined>
 0001:00000000       mission_server_waypoint_qball2_initializer 0000000180001000 f   mission_server_waypoint_qball2_sfun.obj
 0001:00000010       mission_server_waypoint_qball2_terminator 0000000180001010 f   mission_server_waypoint_qball2_sfun.obj
 0001:00000020       sf_mission_server_waypoint_qball2_method_dispatcher 0000000180001020 f   mission_server_waypoint_qball2_sfun.obj
 0001:00000090       sf_mission_server_waypoint_qball2_process_testpoint_info_call 0000000180001090 f   mission_server_waypoint_qball2_sfun.obj
 0001:00000230       sf_mission_server_waypoint_qball2_process_check_sum_call 0000000180001230 f   mission_server_waypoint_qball2_sfun.obj
 0001:00000650       sf_mission_server_waypoint_qball2_autoinheritance_info 0000000180001650 f   mission_server_waypoint_qball2_sfun.obj
 0001:00000810       sf_mission_server_waypoint_qball2_get_eml_resolved_functions_info 0000000180001810 f   mission_server_waypoint_qball2_sfun.obj
 0001:00000980       sf_mission_server_waypoint_qball2_third_party_uses_info 0000000180001980 f   mission_server_waypoint_qball2_sfun.obj
 0001:00000b00       sf_mission_server_waypoint_qball2_updateBuildInfo_args_info 0000000180001b00 f   mission_server_waypoint_qball2_sfun.obj
 0001:00000c80       mission_server_waypoint_qball2_debug_initialize 0000000180001c80 f   mission_server_waypoint_qball2_sfun.obj
 0001:00000d00       mission_server_waypoint_qball2_register_exported_symbols 0000000180001d00 f   mission_server_waypoint_qball2_sfun.obj
 0001:00000d10       load_mission_server_waypoint_qball2_optimization_info 0000000180001d10 f   mission_server_waypoint_qball2_sfun.obj
 0001:00000d60       unload_mission_server_waypoint_qball2_optimization_info 0000000180001d60 f   mission_server_waypoint_qball2_sfun.obj
 0001:00000d90       sf_c1_mission_server_waypoint_qball2_get_eml_resolved_functions_info 0000000180001d90 f   c1_mission_server_waypoint_qball2.obj
 0001:00000e10       sf_c1_mission_server_waypoint_qball2_get_check_sum 0000000180001e10 f   c1_mission_server_waypoint_qball2.obj
 0001:00000e90       sf_c1_mission_server_waypoint_qball2_get_autoinheritance_info 0000000180001e90 f   c1_mission_server_waypoint_qball2.obj
 0001:00001ba0       sf_c1_mission_server_waypoint_qball2_third_party_uses_info 0000000180002ba0 f   c1_mission_server_waypoint_qball2.obj
 0001:00001bd0       sf_c1_mission_server_waypoint_qball2_updateBuildInfo_args_info 0000000180002bd0 f   c1_mission_server_waypoint_qball2.obj
 0001:00001c00       sf_internal_get_sim_state_c1_mission_server_waypoint_qball2 0000000180002c00 f   c1_mission_server_waypoint_qball2.obj
 0001:00002290       sf_internal_set_sim_state_c1_mission_server_waypoint_qball2 0000000180003290 f   c1_mission_server_waypoint_qball2.obj
 0001:00002ef0       sf_c1_mission_server_waypoint_qball2_get_testpoint_info 0000000180003ef0 f   c1_mission_server_waypoint_qball2.obj
 0001:00002f30       c1_mission_server_waypoint_qball2_method_dispatcher 0000000180003f30 f   c1_mission_server_waypoint_qball2.obj
 0001:00008d10       sf_c3_mission_server_waypoint_qball2_get_eml_resolved_functions_info 0000000180009d10 f   c3_mission_server_waypoint_qball2.obj
 0001:00008d90       sf_c3_mission_server_waypoint_qball2_get_check_sum 0000000180009d90 f   c3_mission_server_waypoint_qball2.obj
 0001:00008e10       sf_c3_mission_server_waypoint_qball2_get_autoinheritance_info 0000000180009e10 f   c3_mission_server_waypoint_qball2.obj
 0001:00009b30       sf_c3_mission_server_waypoint_qball2_third_party_uses_info 000000018000ab30 f   c3_mission_server_waypoint_qball2.obj
 0001:00009b60       sf_c3_mission_server_waypoint_qball2_updateBuildInfo_args_info 000000018000ab60 f   c3_mission_server_waypoint_qball2.obj
 0001:00009b90       sf_internal_get_sim_state_c3_mission_server_waypoint_qball2 000000018000ab90 f   c3_mission_server_waypoint_qball2.obj
 0001:0000a460       sf_internal_set_sim_state_c3_mission_server_waypoint_qball2 000000018000b460 f   c3_mission_server_waypoint_qball2.obj
 0001:0000b2c0       sf_c3_mission_server_waypoint_qball2_get_testpoint_info 000000018000c2c0 f   c3_mission_server_waypoint_qball2.obj
 0001:0000b300       c3_mission_server_waypoint_qball2_method_dispatcher 000000018000c300 f   c3_mission_server_waypoint_qball2.obj
 0001:00010a10       sf_process_check_sum_call  0000000180011a10 f   mission_server_waypoint_qball2_sfun_registry.obj
 0001:00010a80       sf_process_testpoint_info_call 0000000180011a80 f   mission_server_waypoint_qball2_sfun_registry.obj
 0001:00010af0       sf_process_autoinheritance_call 0000000180011af0 f   mission_server_waypoint_qball2_sfun_registry.obj
 0001:00010d30       sf_process_get_third_party_uses_info_call 0000000180011d30 f   mission_server_waypoint_qball2_sfun_registry.obj
 0001:00010f70       sf_process_get_updateBuildInfo_args_info_call 0000000180011f70 f   mission_server_waypoint_qball2_sfun_registry.obj
 0001:000111b0       sf_process_get_eml_resolved_functions_info_call 00000001800121b0 f   mission_server_waypoint_qball2_sfun_registry.obj
 0001:000113a0       sf_mex_unlock_call         00000001800123a0 f   mission_server_waypoint_qball2_sfun_registry.obj
 0001:00011450       sf_machine_global_initializer_called 0000000180012450 f   mission_server_waypoint_qball2_sfun_registry.obj
 0001:00011480       sf_machine_global_method_dispatcher 0000000180012480 f   mission_server_waypoint_qball2_sfun_registry.obj
 0001:00011520       sf_machine_global_terminator 0000000180012520 f   mission_server_waypoint_qball2_sfun_registry.obj
 0001:00011570       sf_register_machine_exported_symbols 0000000180012570 f   mission_server_waypoint_qball2_sfun_registry.obj
 0001:000115a0       callCustomFcn              00000001800125a0 f   mission_server_waypoint_qball2_sfun_registry.obj
 0001:000115b0       sf_machine_global_initializer 00000001800125b0 f   mission_server_waypoint_qball2_sfun_registry.obj
 0001:00011640       mdlGetSimState             0000000180012640 f   mission_server_waypoint_qball2_sfun_registry.obj
 0001:000116c0       mdlSetSimState             00000001800126c0 f   mission_server_waypoint_qball2_sfun_registry.obj
 0001:00011700       _ssSetStateAbsTol          0000000180012700 f   mission_server_waypoint_qball2_sfun_registry.obj
 0001:000117e0       _ssGetAbsTol               00000001800127e0 f   mission_server_waypoint_qball2_sfun_registry.obj
 0001:00011850       _ssSetInputPortMatrixDimensions 0000000180012850 f   mission_server_waypoint_qball2_sfun_registry.obj
 0001:00011960       _ssSetOutputPortMatrixDimensions 0000000180012960 f   mission_server_waypoint_qball2_sfun_registry.obj
 0001:00011a70       _ssSetInputPortVectorDimension 0000000180012a70 f   mission_server_waypoint_qball2_sfun_registry.obj
 0001:00011b40       _ssSetOutputPortVectorDimension 0000000180012b40 f   mission_server_waypoint_qball2_sfun_registry.obj
 0001:00011c10       ssIsRunTimeParamTunable    0000000180012c10 f   mission_server_waypoint_qball2_sfun_registry.obj
 0001:00011c80       ssGetSFuncBlockHandle      0000000180012c80 f   mission_server_waypoint_qball2_sfun_registry.obj
 0001:00011cf0       _ssGetCurrentInputPortWidth 0000000180012cf0 f   mission_server_waypoint_qball2_sfun_registry.obj
 0001:00011e10       _ssGetCurrentOutputPortWidth 0000000180012e10 f   mission_server_waypoint_qball2_sfun_registry.obj
 0001:00011f30       _ssGetCallSystemNumFcnCallDestinations 0000000180012f30 f   mission_server_waypoint_qball2_sfun_registry.obj
 0001:00011fa0       ssWarning                  0000000180012fa0 f   mission_server_waypoint_qball2_sfun_registry.obj
 0001:000120b0       ssGetIsZeroCrossControlDisabled 00000001800130b0 f   mission_server_waypoint_qball2_sfun_registry.obj
 0001:00012120       ssSetIsInputPortUsedForContZcSignal 0000000180013120 f   mission_server_waypoint_qball2_sfun_registry.obj
 0001:00012190       ssSetZcSignalIsZcElementDisc 0000000180013190 f   mission_server_waypoint_qball2_sfun_registry.obj
 0001:00012240       ssSetZcSignalName          0000000180013240 f   mission_server_waypoint_qball2_sfun_registry.obj
 0001:000122b0       ssSetZcSignalWidth         00000001800132b0 f   mission_server_waypoint_qball2_sfun_registry.obj
 0001:00012320       ssSetZcSignalZcEventType   0000000180013320 f   mission_server_waypoint_qball2_sfun_registry.obj
 0001:00012390       ssSetZcSignalType          0000000180013390 f   mission_server_waypoint_qball2_sfun_registry.obj
 0001:00012400       ssSetZcSignalZcTol         0000000180013400 f   mission_server_waypoint_qball2_sfun_registry.obj
 0001:00012470       ssSetZcSignalNeedsEventNotification 0000000180013470 f   mission_server_waypoint_qball2_sfun_registry.obj
 0001:000124e0       ssCreateAndAddZcSignalInfo 00000001800134e0 f   mission_server_waypoint_qball2_sfun_registry.obj
 0001:00012550       ssCloneAndAddZcSignalInfo  0000000180013550 f   mission_server_waypoint_qball2_sfun_registry.obj
 0001:000125c0       ssGetNumZcSignals          00000001800135c0 f   mission_server_waypoint_qball2_sfun_registry.obj
 0001:00012630       ssGetZcSignalVector        0000000180013630 f   mission_server_waypoint_qball2_sfun_registry.obj
 0001:000126a0       ssGetZcSignalZcEvents      00000001800136a0 f   mission_server_waypoint_qball2_sfun_registry.obj
 0001:00012710       ssGetZcSignalName          0000000180013710 f   mission_server_waypoint_qball2_sfun_registry.obj
 0001:00012780       ssGetZcSignalWidth         0000000180013780 f   mission_server_waypoint_qball2_sfun_registry.obj
 0001:000127f0       ssGetZcSignalZcEventType   00000001800137f0 f   mission_server_waypoint_qball2_sfun_registry.obj
 0001:00012860       ssGetZcSignalType          0000000180013860 f   mission_server_waypoint_qball2_sfun_registry.obj
 0001:000128d0       ssGetZcSignalZcTol         00000001800138d0 f   mission_server_waypoint_qball2_sfun_registry.obj
 0001:00012950       ssGetZcSignalNeedsEventNotification 0000000180013950 f   mission_server_waypoint_qball2_sfun_registry.obj
 0001:000129c0       ssGetZcSignalIsZcElementDisc 00000001800139c0 f   mission_server_waypoint_qball2_sfun_registry.obj
 0001:00012a60       ssGetIsInputPortElementContinuous 0000000180013a60 f   mission_server_waypoint_qball2_sfun_registry.obj
 0001:00012b00       _ssGetInputPortSignalPtrsFcn 0000000180013b00 f   mission_server_waypoint_qball2_sfun_registry.obj
 0001:00012dc0       _ssGetInputPortSignalFcn   0000000180013dc0 f   mission_server_waypoint_qball2_sfun_registry.obj
 0001:00012fe0       _ssSetInputPortDirectFeedThroughFcn 0000000180013fe0 f   mission_server_waypoint_qball2_sfun_registry.obj
 0001:00013140       _ssSetInputPortReusableFcn 0000000180014140 f   mission_server_waypoint_qball2_sfun_registry.obj
 0001:00013230       _ssSetOutputPortReusableFcn 0000000180014230 f   mission_server_waypoint_qball2_sfun_registry.obj
 0001:00013310       ssGetDTypeIdFromMxArray    0000000180014310 f   mission_server_waypoint_qball2_sfun_registry.obj
 0001:00013430       ssWriteRTWStr              0000000180014430 f   mission_server_waypoint_qball2_sfun_registry.obj
 0001:00013490       ssWriteRTWMxVectParam      0000000180014490 f   mission_server_waypoint_qball2_sfun_registry.obj
 0001:000134f0       ssWriteRTWMx2dMatParam     00000001800144f0 f   mission_server_waypoint_qball2_sfun_registry.obj
 0001:00013570       ssWriteRTWNameValuePair    0000000180014570 f   mission_server_waypoint_qball2_sfun_registry.obj
 0001:00013a60       ssWriteRTWParameters       0000000180014a60 f   mission_server_waypoint_qball2_sfun_registry.obj
 0001:00014060       ssWriteRTWParamSettings    0000000180015060 f   mission_server_waypoint_qball2_sfun_registry.obj
 0001:00014730       ssWriteRTWWorkVect         0000000180015730 f   mission_server_waypoint_qball2_sfun_registry.obj
 0001:00014c30       mexFunction                0000000180015c30 f   mission_server_waypoint_qball2_sfun_registry.obj
 0001:000170e0       ProcessMexSfunctionEveryCall 00000001800180e0 f   mission_server_waypoint_qball2_sfun_registry.obj
 0001:00017262       sf_debug_set_machine_data_thresholds 0000000180018262 f   sf_runtime:sf_runtime.dll
 0001:00017268       sf_debug_set_machine_event_thresholds 0000000180018268 f   sf_runtime:sf_runtime.dll
 0001:0001726e       sf_debug_initialize_machine 000000018001826e f   sf_runtime:sf_runtime.dll
 0001:00017274       sf_load_rtw_optimization_info 0000000180018274 f   sf_runtime:sf_runtime.dll
 0001:0001727a       sf_mex_assign              000000018001827a f   sf_runtime:sf_runtime.dll
 0001:00017280       sf_mex_create              0000000180018280 f   sf_runtime:sf_runtime.dll
 0001:00017286       sf_mex_error_message       0000000180018286 f   sf_runtime:sf_runtime.dll
 0001:0001728c       sf_mex_call_matlab         000000018001828c f   sf_runtime:sf_runtime.dll
 0001:00017292       sf_mex_setcell             0000000180018292 f   sf_runtime:sf_runtime.dll
 0001:00017298       sf_mex_createcellmatrix    0000000180018298 f   sf_runtime:sf_runtime.dll
 0001:0001729e       sf_mex_decode_encoded_mx_struct_array 000000018001829e f   sf_runtime:sf_runtime.dll
 0001:000172a4       sf_mex_destroy             00000001800182a4 f   sf_runtime:sf_runtime.dll
 0001:000172aa       sf_mex_getcell             00000001800182aa f   sf_runtime:sf_runtime.dll
 0001:000172b0       sf_mex_dup                 00000001800182b0 f   sf_runtime:sf_runtime.dll
 0001:000172b6       sf_debug_animate           00000001800182b6 f   sf_runtime:sf_runtime.dll
 0001:000172bc       sf_debug_call              00000001800182bc f   sf_runtime:sf_runtime.dll
 0001:000172c2       sf_debug_set_honor_breakpoints 00000001800182c2 f   sf_runtime:sf_runtime.dll
 0001:000172c8       sf_debug_set_animation     00000001800182c8 f   sf_runtime:sf_runtime.dll
 0001:000172ce       sf_debug_get_animation     00000001800182ce f   sf_runtime:sf_runtime.dll
 0001:000172d4       sf_mex_import              00000001800182d4 f   sf_runtime:sf_runtime.dll
 0001:000172da       sf_mex_duplicatearraysafe  00000001800182da f   sf_runtime:sf_runtime.dll
 0001:000172e0       sf_set_rtw_dwork_info      00000001800182e0 f   sf_runtime:sf_runtime.dll
 0001:000172e6       sf_mark_chart_reusable_outputs 00000001800182e6 f   sf_runtime:sf_runtime.dll
 0001:000172ec       sf_mark_chart_expressionable_inputs 00000001800182ec f   sf_runtime:sf_runtime.dll
 0001:000172f2       sf_update_buildInfo        00000001800182f2 f   sf_runtime:sf_runtime.dll
 0001:000172f8       sf_rtw_info_uint_prop      00000001800182f8 f   sf_runtime:sf_runtime.dll
 0001:000172fe       sf_is_chart_inlinable      00000001800182fe f   sf_runtime:sf_runtime.dll
 0001:00017304       sim_mode_is_external       0000000180018304 f   sf_runtime:sf_runtime.dll
 0001:0001730a       sim_mode_is_rtw_gen        000000018001830a f   sf_runtime:sf_runtime.dll
 0001:00017310       sf_set_encoded_dwork_info  0000000180018310 f   sf_runtime:sf_runtime.dll
 0001:00017316       sf_debug_reset_current_state_configuration 0000000180018316 f   sf_runtime:sf_runtime.dll
 0001:0001731c       sf_debug_set_instance_data_value_ptr 000000018001831c f   sf_runtime:sf_runtime.dll
 0001:00017322       sf_debug_set_chart_data_compiled_props 0000000180018322 f   sf_runtime:sf_runtime.dll
 0001:00017328       cv_eml_init_if             0000000180018328 f   sf_runtime:sf_runtime.dll
 0001:0001732e       cv_eml_init_script         000000018001832e f   sf_runtime:sf_runtime.dll
 0001:00017334       sf_debug_cv_init_trans     0000000180018334 f   sf_runtime:sf_runtime.dll
 0001:0001733a       sf_debug_cv_init_state     000000018001833a f   sf_runtime:sf_runtime.dll
 0001:00017340       sf_debug_cv_init_chart     0000000180018340 f   sf_runtime:sf_runtime.dll
 0001:00017346       sf_debug_set_chart_state_substate_count 0000000180018346 f   sf_runtime:sf_runtime.dll
 0001:0001734c       sf_debug_set_chart_substate_index 000000018001834c f   sf_runtime:sf_runtime.dll
 0001:00017352       sf_debug_set_chart_decomposition 0000000180018352 f   sf_runtime:sf_runtime.dll
 0001:00017358       sf_debug_set_chart_substate_count 0000000180018358 f   sf_runtime:sf_runtime.dll
 0001:0001735e       sf_debug_set_chart_state_info 000000018001835e f   sf_runtime:sf_runtime.dll
 0001:00017364       sf_debug_set_chart_data_props 0000000180018364 f   sf_runtime:sf_runtime.dll
 0001:0001736a       sf_debug_set_chart_event_thresholds 000000018001836a f   sf_runtime:sf_runtime.dll
 0001:00017370       sf_debug_set_chart_disable_implicit_casting 0000000180018370 f   sf_runtime:sf_runtime.dll
 0001:00017376       sf_debug_initialize_chart  0000000180018376 f   sf_runtime:sf_runtime.dll
 0001:0001737c       sf_get_time                000000018001837c f   sf_runtime:sf_runtime.dll
 0001:00017382       sf_get_dwork_info_from_mat_file 0000000180018382 f   sf_runtime:sf_runtime.dll
 0001:00017388       sf_debug_check_for_state_inconsistency 0000000180018388 f   sf_runtime:sf_runtime.dll
 0001:0001738e       sf_debug_symbol_scope_pop  000000018001838e f   sf_runtime:sf_runtime.dll
 0001:00017394       sf_debug_data_range_wrapper 0000000180018394 f   sf_runtime:sf_runtime.dll
 0001:0001739a       sf_debug_symbol_scope_push 000000018001839a f   sf_runtime:sf_runtime.dll
 0001:000173a0       sf_mex_call_debug          00000001800183a0 f   sf_runtime:sf_runtime.dll
 0001:000173a6       sf_mex_printf              00000001800183a6 f   sf_runtime:sf_runtime.dll
 0001:000173ac       cv_eml_eval                00000001800183ac f   sf_runtime:sf_runtime.dll
 0001:000173b2       sf_debug_symbol_scope_add_eml_importable 00000001800183b2 f   sf_runtime:sf_runtime.dll
 0001:000173b8       sf_debug_symbol_scope_push_eml 00000001800183b8 f   sf_runtime:sf_runtime.dll
 0001:000173be       cv_eval_point              00000001800183be f   sf_runtime:sf_runtime.dll
 0001:000173c4       sf_debug_eml_data_array_bounds_error_check 00000001800183c4 f   sf_runtime:sf_runtime.dll
 0001:000173ca       sf_debug_read_before_write_check 00000001800183ca f   sf_runtime:sf_runtime.dll
 0001:000173d0       sf_clear_rtw_identifier    00000001800183d0 f   sf_runtime:sf_runtime.dll
 0001:000173d6       cv_eml_init_mcdc           00000001800183d6 f   sf_runtime:sf_runtime.dll
 0001:000173dc       sf_debug_set_chart_event_scope 00000001800183dc f   sf_runtime:sf_runtime.dll
 0001:000173e2       sf_debug_data_array_bounds_error_check 00000001800183e2 f   sf_runtime:sf_runtime.dll
 0001:000173e8       sf_debug_integer_check     00000001800183e8 f   sf_runtime:sf_runtime.dll
 0001:000173ee       sf_debug_data_range_error_wrapper_min_max 00000001800183ee f   sf_runtime:sf_runtime.dll
 0001:000173f4       sf_debug_data_range_error_wrapper_min 00000001800183f4 f   sf_runtime:sf_runtime.dll
 0001:000173fa       sf_mex_sub                 00000001800183fa f   sf_runtime:sf_runtime.dll
 0001:00017400       sf_debug_terminate         0000000180018400 f   sf_runtime:sf_runtime.dll
 0001:00017406       sf_debug_create_debug_instance_struct 0000000180018406 f   sf_runtime:sf_runtime.dll
 0001:0001740c       sf_debug_api               000000018001840c f   sf_runtime:sf_runtime.dll
 0001:00017412       callMdlMethodAndReportError 0000000180018412 f   sf_runtime:sf_runtime.dll
 0001:00017418       call_sf_machine_global_method_dispatcher 0000000180018418 f   sf_runtime:sf_runtime.dll
 0001:0001741e       sf_clear_error_manager_info 000000018001841e f   sf_runtime:sf_runtime.dll
 0001:00017424       sf_mex_error_direct_call   0000000180018424 f   sf_runtime:sf_runtime.dll
 0001:0001742a       mxCreateDoubleMatrix_730   000000018001842a f   libmx:libmx.dll
 0001:00017430       mxGetScalar                0000000180018430 f   libmx:libmx.dll
 0001:00017436       mxGetString_730            0000000180018436 f   libmx:libmx.dll
 0001:0001743c       mxIsChar                   000000018001843c f   libmx:libmx.dll
 0001:00017442       mxGetPr                    0000000180018442 f   libmx:libmx.dll
 0001:00017448       mxDestroyArray             0000000180018448 f   libmx:libmx.dll
 0001:0001744e       mxDuplicateArray           000000018001844e f   libmx:libmx.dll
 0001:00017454       mxCreateDoubleScalar       0000000180018454 f   libmx:libmx.dll
 0001:0001745a       mxSetField_730             000000018001845a f   libmx:libmx.dll
 0001:00017460       mxCreateString             0000000180018460 f   libmx:libmx.dll
 0001:00017466       mxCreateStructMatrix_730   0000000180018466 f   libmx:libmx.dll
 0001:0001746c       mxCreateCellMatrix_730     000000018001846c f   libmx:libmx.dll
 0001:00017472       mxGetClassID               0000000180018472 f   libmx:libmx.dll
 0001:00017478       mxIsNumeric                0000000180018478 f   libmx:libmx.dll
 0001:0001747e       mxIsComplex                000000018001847e f   libmx:libmx.dll
 0001:00017484       mxGetN                     0000000180018484 f   libmx:libmx.dll
 0001:0001748a       mxGetM                     000000018001848a f   libmx:libmx.dll
 0001:00017490       mxCalloc                   0000000180018490 f   libmx:libmx.dll
 0001:00017496       mexMakeArrayPersistent     0000000180018496 f   libmex:libmex.dll
 0001:0001749c       mexUnlock                  000000018001849c f   libmex:libmex.dll
 0001:000174a2       mexIsLocked                00000001800184a2 f   libmex:libmex.dll
 0001:000174a8       mexWarnMsgTxt              00000001800184a8 f   libmex:libmex.dll
 0001:000174ae       mexCallMATLAB              00000001800184ae f   libmex:libmex.dll
 0001:000174b4       mexErrMsgTxt               00000001800184b4 f   libmex:libmex.dll
 0001:000174ba       mexLock                    00000001800184ba f   libmex:libmex.dll
 0001:000174c0       utMalloc                   00000001800184c0 f   libut:libut.dll
 0001:000174c6       utFree                     00000001800184c6 f   libut:libut.dll
 0001:000174cc       muDoubleScalarFloor        00000001800184cc f   libmwmathutil:libmwmathutil.dll
 0001:000174e0       Orientation_Library_initializer 00000001800184e0 f   Orientation_Library_sfun:Orientation_Library_sfun.obj
 0001:000174f0       Orientation_Library_terminator 00000001800184f0 f   Orientation_Library_sfun:Orientation_Library_sfun.obj
 0001:00017500       sf_Orientation_Library_method_dispatcher 0000000180018500 f   Orientation_Library_sfun:Orientation_Library_sfun.obj
 0001:00017570       sf_Orientation_Library_process_testpoint_info_call 0000000180018570 f   Orientation_Library_sfun:Orientation_Library_sfun.obj
 0001:000176d0       sf_Orientation_Library_process_check_sum_call 00000001800186d0 f   Orientation_Library_sfun:Orientation_Library_sfun.obj
 0001:000179b0       sf_Orientation_Library_autoinheritance_info 00000001800189b0 f   Orientation_Library_sfun:Orientation_Library_sfun.obj
 0001:00017b70       sf_Orientation_Library_get_eml_resolved_functions_info 0000000180018b70 f   Orientation_Library_sfun:Orientation_Library_sfun.obj
 0001:00017ce0       sf_Orientation_Library_third_party_uses_info 0000000180018ce0 f   Orientation_Library_sfun:Orientation_Library_sfun.obj
 0001:00017e60       sf_Orientation_Library_updateBuildInfo_args_info 0000000180018e60 f   Orientation_Library_sfun:Orientation_Library_sfun.obj
 0001:00017fe0       Orientation_Library_debug_initialize 0000000180018fe0 f   Orientation_Library_sfun:Orientation_Library_sfun.obj
 0001:00018070       Orientation_Library_register_exported_symbols 0000000180019070 f   Orientation_Library_sfun:Orientation_Library_sfun.obj
 0001:00018080       load_Orientation_Library_optimization_info 0000000180019080 f   Orientation_Library_sfun:Orientation_Library_sfun.obj
 0001:000180d0       unload_Orientation_Library_optimization_info 00000001800190d0 f   Orientation_Library_sfun:Orientation_Library_sfun.obj
 0001:00018100       sf_c27_Orientation_Library_get_eml_resolved_functions_info 0000000180019100 f   Orientation_Library_sfun:c27_Orientation_Library.obj
 0001:0001ae30       sf_c27_Orientation_Library_get_check_sum 000000018001be30 f   Orientation_Library_sfun:c27_Orientation_Library.obj
 0001:0001aeb0       sf_c27_Orientation_Library_get_autoinheritance_info 000000018001beb0 f   Orientation_Library_sfun:c27_Orientation_Library.obj
 0001:0001b6b0       sf_c27_Orientation_Library_third_party_uses_info 000000018001c6b0 f   Orientation_Library_sfun:c27_Orientation_Library.obj
 0001:0001b6e0       sf_c27_Orientation_Library_updateBuildInfo_args_info 000000018001c6e0 f   Orientation_Library_sfun:c27_Orientation_Library.obj
 0001:0001b710       sf_internal_get_sim_state_c27_Orientation_Library 000000018001c710 f   Orientation_Library_sfun:c27_Orientation_Library.obj
 0001:0001bb90       sf_internal_set_sim_state_c27_Orientation_Library 000000018001cb90 f   Orientation_Library_sfun:c27_Orientation_Library.obj
 0001:0001c190       c27_Orientation_Library_method_dispatcher 000000018001d190 f   Orientation_Library_sfun:c27_Orientation_Library.obj
 0001:0001fbd0       sf_c5_Orientation_Library_get_eml_resolved_functions_info 0000000180020bd0 f   Orientation_Library_sfun:c5_Orientation_Library.obj
 0001:000206c0       sf_c5_Orientation_Library_get_check_sum 00000001800216c0 f   Orientation_Library_sfun:c5_Orientation_Library.obj
 0001:00020740       sf_c5_Orientation_Library_get_autoinheritance_info 0000000180021740 f   Orientation_Library_sfun:c5_Orientation_Library.obj
 0001:00020df0       sf_c5_Orientation_Library_third_party_uses_info 0000000180021df0 f   Orientation_Library_sfun:c5_Orientation_Library.obj
 0001:00020e20       sf_c5_Orientation_Library_updateBuildInfo_args_info 0000000180021e20 f   Orientation_Library_sfun:c5_Orientation_Library.obj
 0001:00020e50       sf_internal_get_sim_state_c5_Orientation_Library 0000000180021e50 f   Orientation_Library_sfun:c5_Orientation_Library.obj
 0001:00021250       sf_internal_set_sim_state_c5_Orientation_Library 0000000180022250 f   Orientation_Library_sfun:c5_Orientation_Library.obj
 0001:00021740       c5_Orientation_Library_method_dispatcher 0000000180022740 f   Orientation_Library_sfun:c5_Orientation_Library.obj
 0001:0002472c       __GSHandlerCheckCommon     000000018002572c f   MSVCRT:gshandler.obj
 0001:00024790       __GSHandlerCheck           0000000180025790 f   MSVCRT:gshandler.obj
 0001:000247ae       strcmp                     00000001800257ae f   MSVCRT:MSVCR100.dll
 0001:000247d0       __security_check_cookie    00000001800257d0 f   MSVCRT:amdsecgs.obj
 0001:000247f0       memset                     00000001800257f0 f   MSVCRT:MSVCR100.dll
 0001:000247f6       free                       00000001800257f6 f   MSVCRT:MSVCR100.dll
 0001:000247fc       sprintf                    00000001800257fc f   MSVCRT:MSVCR100.dll
 0001:00024802       malloc                     0000000180025802 f   MSVCRT:MSVCR100.dll
 0001:00024808       strlen                     0000000180025808 f   MSVCRT:MSVCR100.dll
 0001:0002480e       strcat                     000000018002580e f   MSVCRT:MSVCR100.dll
 0001:00024814       memcpy                     0000000180025814 f   MSVCRT:MSVCR100.dll
 0001:0002481c       NtCurrentTeb               000000018002581c f i MSVCRT:crtdll.obj
 0001:00024888       _CRT_INIT                  0000000180025888 f   MSVCRT:crtdll.obj
 0001:00024c20       _DllMainCRTStartup         0000000180025c20 f   MSVCRT:crtdll.obj
 0001:00024c60       __report_gsfailure         0000000180025c60 f   MSVCRT:gs_report.obj
 0001:00024dac       __clean_type_info_names    0000000180025dac f   MSVCRT:tncleanup.obj
 0001:00024db8       _onexit                    0000000180025db8 f   MSVCRT:atonexit.obj
 0001:00024e68       atexit                     0000000180025e68 f   MSVCRT:atonexit.obj
 0001:00024e80       _RTC_Initialize            0000000180025e80 f   MSVCRT:_initsect_.obj
 0001:00024eb8       _RTC_Terminate             0000000180025eb8 f   MSVCRT:_initsect_.obj
 0001:00024ef0       _malloc_crt                0000000180025ef0 f   MSVCRT:MSVCR100.dll
 0001:00024f00       _ValidateImageBase         0000000180025f00 f   MSVCRT:pesect.obj
 0001:00024f30       _FindPESection             0000000180025f30 f   MSVCRT:pesect.obj
 0001:00024f80       _IsNonwritableInCurrentImage 0000000180025f80 f   MSVCRT:pesect.obj
 0001:00024fc2       _initterm                  0000000180025fc2 f   MSVCRT:MSVCR100.dll
 0001:00024fc8       _initterm_e                0000000180025fc8 f   MSVCRT:MSVCR100.dll
 0001:00024fce       _encoded_null              0000000180025fce f   MSVCRT:MSVCR100.dll
 0001:00024fd4       _amsg_exit                 0000000180025fd4 f   MSVCRT:MSVCR100.dll
 0001:00024fda       __C_specific_handler       0000000180025fda f   MSVCRT:MSVCR100.dll
 0001:00024fe0       __CppXcptFilter            0000000180025fe0 f   MSVCRT:MSVCR100.dll
 0001:00024fe8       DllMain                    0000000180025fe8 f   MSVCRT:dllmain.obj
 0001:0002500c       __security_init_cookie     000000018002600c f   MSVCRT:gs_support.obj
 0001:000250c0       __crt_debugger_hook        00000001800260c0 f   MSVCRT:MSVCR100.dll
 0001:000250c6       __clean_type_info_names_internal 00000001800260c6 f   MSVCRT:MSVCR100.dll
 0001:000250cc       _unlock                    00000001800260cc f   MSVCRT:MSVCR100.dll
 0001:000250d2       __dllonexit                00000001800260d2 f   MSVCRT:MSVCR100.dll
 0001:000250d8       _lock                      00000001800260d8 f   MSVCRT:MSVCR100.dll
 0001:000250de       EncodePointer              00000001800260de f   kernel32:KERNEL32.dll
 0001:000250e4       DecodePointer              00000001800260e4 f   kernel32:KERNEL32.dll
 0001:000250ea       Sleep                      00000001800260ea f   kernel32:KERNEL32.dll
 0001:000250f0       TerminateProcess           00000001800260f0 f   kernel32:KERNEL32.dll
 0001:000250f6       GetCurrentProcess          00000001800260f6 f   kernel32:KERNEL32.dll
 0001:000250fc       UnhandledExceptionFilter   00000001800260fc f   kernel32:KERNEL32.dll
 0001:00025102       SetUnhandledExceptionFilter 0000000180026102 f   kernel32:KERNEL32.dll
 0001:00025108       IsDebuggerPresent          0000000180026108 f   kernel32:KERNEL32.dll
 0001:0002510e       RtlVirtualUnwind           000000018002610e f   kernel32:KERNEL32.dll
 0001:00025114       RtlLookupFunctionEntry     0000000180026114 f   kernel32:KERNEL32.dll
 0001:0002511a       RtlCaptureContext          000000018002611a f   kernel32:KERNEL32.dll
 0001:00025120       DisableThreadLibraryCalls  0000000180026120 f   kernel32:KERNEL32.dll
 0001:00025126       QueryPerformanceCounter    0000000180026126 f   kernel32:KERNEL32.dll
 0001:0002512c       GetTickCount               000000018002612c f   kernel32:KERNEL32.dll
 0001:00025132       GetCurrentThreadId         0000000180026132 f   kernel32:KERNEL32.dll
 0001:00025138       GetCurrentProcessId        0000000180026138 f   kernel32:KERNEL32.dll
 0001:0002513e       GetSystemTimeAsFileTime    000000018002613e f   kernel32:KERNEL32.dll
 0001:00025144       sf_mex_emlrtNameCapturePostProcessR2012a 0000000180026144 f   sf_runtime:sf_runtime.dll
 0001:0002514a       sf_mex_createstruct        000000018002614a f   sf_runtime:sf_runtime.dll
 0001:00025150       sf_mex_addfield            0000000180026150 f   sf_runtime:sf_runtime.dll
 0001:00025156       cv_eml_init_fcn            0000000180026156 f   sf_runtime:sf_runtime.dll
 0001:0002515c       eml_debug_line_call        000000018002615c f   sf_runtime:sf_runtime.dll
 0001:00025162       sf_debug_symbol_scope_add_eml 0000000180026162 f   sf_runtime:sf_runtime.dll
 0001:00025168       muDoubleScalarAcos         0000000180026168 f   libmwmathutil:libmwmathutil.dll
 0001:0002516e       muDoubleScalarAbs          000000018002616e f   libmwmathutil:libmwmathutil.dll
 0001:00025174       muDoubleScalarAsin         0000000180026174 f   libmwmathutil:libmwmathutil.dll
 0001:0002517a       muDoubleScalarAtan2        000000018002617a f   libmwmathutil:libmwmathutil.dll
 0001:00025180       muDoubleScalarCos          0000000180026180 f   libmwmathutil:libmwmathutil.dll
 0001:00025186       muDoubleScalarSin          0000000180026186 f   libmwmathutil:libmwmathutil.dll
 0002:00000000       __imp_EncodePointer        0000000180027000     kernel32:KERNEL32.dll
 0002:00000008       __imp_Sleep                0000000180027008     kernel32:KERNEL32.dll
 0002:00000010       __imp_TerminateProcess     0000000180027010     kernel32:KERNEL32.dll
 0002:00000018       __imp_GetCurrentProcess    0000000180027018     kernel32:KERNEL32.dll
 0002:00000020       __imp_UnhandledExceptionFilter 0000000180027020     kernel32:KERNEL32.dll
 0002:00000028       __imp_SetUnhandledExceptionFilter 0000000180027028     kernel32:KERNEL32.dll
 0002:00000030       __imp_GetSystemTimeAsFileTime 0000000180027030     kernel32:KERNEL32.dll
 0002:00000038       __imp_GetCurrentProcessId  0000000180027038     kernel32:KERNEL32.dll
 0002:00000040       __imp_GetCurrentThreadId   0000000180027040     kernel32:KERNEL32.dll
 0002:00000048       __imp_GetTickCount         0000000180027048     kernel32:KERNEL32.dll
 0002:00000050       __imp_QueryPerformanceCounter 0000000180027050     kernel32:KERNEL32.dll
 0002:00000058       __imp_DisableThreadLibraryCalls 0000000180027058     kernel32:KERNEL32.dll
 0002:00000060       __imp_RtlCaptureContext    0000000180027060     kernel32:KERNEL32.dll
 0002:00000068       __imp_RtlLookupFunctionEntry 0000000180027068     kernel32:KERNEL32.dll
 0002:00000070       __imp_RtlVirtualUnwind     0000000180027070     kernel32:KERNEL32.dll
 0002:00000078       __imp_IsDebuggerPresent    0000000180027078     kernel32:KERNEL32.dll
 0002:00000080       __imp_DecodePointer        0000000180027080     kernel32:KERNEL32.dll
 0002:00000088       \177KERNEL32_NULL_THUNK_DATA 0000000180027088     kernel32:KERNEL32.dll
 0002:00000090       __imp_sprintf              0000000180027090     MSVCRT:MSVCR100.dll
 0002:00000098       __imp_free                 0000000180027098     MSVCRT:MSVCR100.dll
 0002:000000a0       __imp_memset               00000001800270a0     MSVCRT:MSVCR100.dll
 0002:000000a8       __imp_malloc               00000001800270a8     MSVCRT:MSVCR100.dll
 0002:000000b0       __imp_strlen               00000001800270b0     MSVCRT:MSVCR100.dll
 0002:000000b8       __imp___clean_type_info_names_internal 00000001800270b8     MSVCRT:MSVCR100.dll
 0002:000000c0       __imp__onexit              00000001800270c0     MSVCRT:MSVCR100.dll
 0002:000000c8       __imp__lock                00000001800270c8     MSVCRT:MSVCR100.dll
 0002:000000d0       __imp___dllonexit          00000001800270d0     MSVCRT:MSVCR100.dll
 0002:000000d8       __imp__unlock              00000001800270d8     MSVCRT:MSVCR100.dll
 0002:000000e0       __imp_strcat               00000001800270e0     MSVCRT:MSVCR100.dll
 0002:000000e8       __imp___crt_debugger_hook  00000001800270e8     MSVCRT:MSVCR100.dll
 0002:000000f0       __imp___CppXcptFilter      00000001800270f0     MSVCRT:MSVCR100.dll
 0002:000000f8       __imp___C_specific_handler 00000001800270f8     MSVCRT:MSVCR100.dll
 0002:00000100       __imp__amsg_exit           0000000180027100     MSVCRT:MSVCR100.dll
 0002:00000108       __imp__encoded_null        0000000180027108     MSVCRT:MSVCR100.dll
 0002:00000110       __imp__initterm_e          0000000180027110     MSVCRT:MSVCR100.dll
 0002:00000118       __imp__initterm            0000000180027118     MSVCRT:MSVCR100.dll
 0002:00000120       __imp__malloc_crt          0000000180027120     MSVCRT:MSVCR100.dll
 0002:00000128       __imp_memcpy               0000000180027128     MSVCRT:MSVCR100.dll
 0002:00000130       __imp_strcmp               0000000180027130     MSVCRT:MSVCR100.dll
 0002:00000138       \177MSVCR100_NULL_THUNK_DATA 0000000180027138     MSVCRT:MSVCR100.dll
 0002:00000140       __imp_mexCallMATLAB        0000000180027140     libmex:libmex.dll
 0002:00000148       __imp_mexWarnMsgTxt        0000000180027148     libmex:libmex.dll
 0002:00000150       __imp_mexIsLocked          0000000180027150     libmex:libmex.dll
 0002:00000158       __imp_mexUnlock            0000000180027158     libmex:libmex.dll
 0002:00000160       __imp_mexErrMsgTxt         0000000180027160     libmex:libmex.dll
 0002:00000168       __imp_mexMakeArrayPersistent 0000000180027168     libmex:libmex.dll
 0002:00000170       __imp_mexLock              0000000180027170     libmex:libmex.dll
 0002:00000178       \177libmex_NULL_THUNK_DATA 0000000180027178     libmex:libmex.dll
 0002:00000180       __imp_muDoubleScalarAcos   0000000180027180     libmwmathutil:libmwmathutil.dll
 0002:00000188       __imp_muDoubleScalarAbs    0000000180027188     libmwmathutil:libmwmathutil.dll
 0002:00000190       __imp_muDoubleScalarAsin   0000000180027190     libmwmathutil:libmwmathutil.dll
 0002:00000198       __imp_muDoubleScalarAtan2  0000000180027198     libmwmathutil:libmwmathutil.dll
 0002:000001a0       __imp_muDoubleScalarCos    00000001800271a0     libmwmathutil:libmwmathutil.dll
 0002:000001a8       __imp_muDoubleScalarSin    00000001800271a8     libmwmathutil:libmwmathutil.dll
 0002:000001b0       __imp_muDoubleScalarFloor  00000001800271b0     libmwmathutil:libmwmathutil.dll
 0002:000001b8       \177libmwmathutil_NULL_THUNK_DATA 00000001800271b8     libmwmathutil:libmwmathutil.dll
 0002:000001c0       __imp_mxCalloc             00000001800271c0     libmx:libmx.dll
 0002:000001c8       __imp_mxGetM               00000001800271c8     libmx:libmx.dll
 0002:000001d0       __imp_mxGetN               00000001800271d0     libmx:libmx.dll
 0002:000001d8       __imp_mxIsComplex          00000001800271d8     libmx:libmx.dll
 0002:000001e0       __imp_mxIsNumeric          00000001800271e0     libmx:libmx.dll
 0002:000001e8       __imp_mxGetClassID         00000001800271e8     libmx:libmx.dll
 0002:000001f0       __imp_mxCreateCellMatrix_730 00000001800271f0     libmx:libmx.dll
 0002:000001f8       __imp_mxCreateStructMatrix_730 00000001800271f8     libmx:libmx.dll
 0002:00000200       __imp_mxCreateString       0000000180027200     libmx:libmx.dll
 0002:00000208       __imp_mxSetField_730       0000000180027208     libmx:libmx.dll
 0002:00000210       __imp_mxCreateDoubleScalar 0000000180027210     libmx:libmx.dll
 0002:00000218       __imp_mxDuplicateArray     0000000180027218     libmx:libmx.dll
 0002:00000220       __imp_mxDestroyArray       0000000180027220     libmx:libmx.dll
 0002:00000228       __imp_mxGetPr              0000000180027228     libmx:libmx.dll
 0002:00000230       __imp_mxIsChar             0000000180027230     libmx:libmx.dll
 0002:00000238       __imp_mxGetString_730      0000000180027238     libmx:libmx.dll
 0002:00000240       __imp_mxGetScalar          0000000180027240     libmx:libmx.dll
 0002:00000248       __imp_mxCreateDoubleMatrix_730 0000000180027248     libmx:libmx.dll
 0002:00000250       \177libmx_NULL_THUNK_DATA  0000000180027250     libmx:libmx.dll
 0002:00000258       __imp_utMalloc             0000000180027258     libut:libut.dll
 0002:00000260       __imp_utFree               0000000180027260     libut:libut.dll
 0002:00000268       \177libut_NULL_THUNK_DATA  0000000180027268     libut:libut.dll
 0002:00000270       __imp_call_sf_machine_global_method_dispatcher 0000000180027270     sf_runtime:sf_runtime.dll
 0002:00000278       __imp_callMdlMethodAndReportError 0000000180027278     sf_runtime:sf_runtime.dll
 0002:00000280       __imp_sf_debug_api         0000000180027280     sf_runtime:sf_runtime.dll
 0002:00000288       __imp_sf_debug_create_debug_instance_struct 0000000180027288     sf_runtime:sf_runtime.dll
 0002:00000290       __imp_sf_debug_terminate   0000000180027290     sf_runtime:sf_runtime.dll
 0002:00000298       __imp_sf_mex_sub           0000000180027298     sf_runtime:sf_runtime.dll
 0002:000002a0       __imp_sf_debug_data_range_error_wrapper_min 00000001800272a0     sf_runtime:sf_runtime.dll
 0002:000002a8       __imp_sf_debug_data_range_error_wrapper_min_max 00000001800272a8     sf_runtime:sf_runtime.dll
 0002:000002b0       __imp_sf_debug_integer_check 00000001800272b0     sf_runtime:sf_runtime.dll
 0002:000002b8       __imp_sf_debug_data_array_bounds_error_check 00000001800272b8     sf_runtime:sf_runtime.dll
 0002:000002c0       __imp_sf_debug_set_chart_event_scope 00000001800272c0     sf_runtime:sf_runtime.dll
 0002:000002c8       __imp_cv_eml_init_mcdc     00000001800272c8     sf_runtime:sf_runtime.dll
 0002:000002d0       __imp_sf_clear_error_manager_info 00000001800272d0     sf_runtime:sf_runtime.dll
 0002:000002d8       __imp_sf_debug_read_before_write_check 00000001800272d8     sf_runtime:sf_runtime.dll
 0002:000002e0       __imp_sf_debug_eml_data_array_bounds_error_check 00000001800272e0     sf_runtime:sf_runtime.dll
 0002:000002e8       __imp_cv_eval_point        00000001800272e8     sf_runtime:sf_runtime.dll
 0002:000002f0       __imp_sf_debug_symbol_scope_push_eml 00000001800272f0     sf_runtime:sf_runtime.dll
 0002:000002f8       __imp_sf_debug_symbol_scope_add_eml_importable 00000001800272f8     sf_runtime:sf_runtime.dll
 0002:00000300       __imp_cv_eml_eval          0000000180027300     sf_runtime:sf_runtime.dll
 0002:00000308       __imp_sf_mex_printf        0000000180027308     sf_runtime:sf_runtime.dll
 0002:00000310       __imp_sf_mex_call_debug    0000000180027310     sf_runtime:sf_runtime.dll
 0002:00000318       __imp_sf_debug_symbol_scope_push 0000000180027318     sf_runtime:sf_runtime.dll
 0002:00000320       __imp_sf_debug_data_range_wrapper 0000000180027320     sf_runtime:sf_runtime.dll
 0002:00000328       __imp_sf_debug_symbol_scope_pop 0000000180027328     sf_runtime:sf_runtime.dll
 0002:00000330       __imp_sf_debug_check_for_state_inconsistency 0000000180027330     sf_runtime:sf_runtime.dll
 0002:00000338       __imp_sf_get_dwork_info_from_mat_file 0000000180027338     sf_runtime:sf_runtime.dll
 0002:00000340       __imp_sf_clear_rtw_identifier 0000000180027340     sf_runtime:sf_runtime.dll
 0002:00000348       __imp_sf_mex_error_direct_call 0000000180027348     sf_runtime:sf_runtime.dll
 0002:00000350       __imp_sf_get_time          0000000180027350     sf_runtime:sf_runtime.dll
 0002:00000358       __imp_sf_debug_initialize_chart 0000000180027358     sf_runtime:sf_runtime.dll
 0002:00000360       __imp_sf_debug_set_chart_disable_implicit_casting 0000000180027360     sf_runtime:sf_runtime.dll
 0002:00000368       __imp_sf_debug_set_chart_event_thresholds 0000000180027368     sf_runtime:sf_runtime.dll
 0002:00000370       __imp_sf_debug_set_chart_data_props 0000000180027370     sf_runtime:sf_runtime.dll
 0002:00000378       __imp_sf_debug_set_chart_state_info 0000000180027378     sf_runtime:sf_runtime.dll
 0002:00000380       __imp_sf_debug_set_chart_substate_count 0000000180027380     sf_runtime:sf_runtime.dll
 0002:00000388       __imp_sf_debug_set_chart_decomposition 0000000180027388     sf_runtime:sf_runtime.dll
 0002:00000390       __imp_sf_debug_set_chart_substate_index 0000000180027390     sf_runtime:sf_runtime.dll
 0002:00000398       __imp_sf_debug_set_chart_state_substate_count 0000000180027398     sf_runtime:sf_runtime.dll
 0002:000003a0       __imp_sf_debug_cv_init_chart 00000001800273a0     sf_runtime:sf_runtime.dll
 0002:000003a8       __imp_sf_debug_cv_init_state 00000001800273a8     sf_runtime:sf_runtime.dll
 0002:000003b0       __imp_sf_debug_cv_init_trans 00000001800273b0     sf_runtime:sf_runtime.dll
 0002:000003b8       __imp_cv_eml_init_script   00000001800273b8     sf_runtime:sf_runtime.dll
 0002:000003c0       __imp_cv_eml_init_if       00000001800273c0     sf_runtime:sf_runtime.dll
 0002:000003c8       __imp_sf_debug_set_chart_data_compiled_props 00000001800273c8     sf_runtime:sf_runtime.dll
 0002:000003d0       __imp_sf_debug_set_instance_data_value_ptr 00000001800273d0     sf_runtime:sf_runtime.dll
 0002:000003d8       __imp_sf_debug_reset_current_state_configuration 00000001800273d8     sf_runtime:sf_runtime.dll
 0002:000003e0       __imp_sf_set_encoded_dwork_info 00000001800273e0     sf_runtime:sf_runtime.dll
 0002:000003e8       __imp_sim_mode_is_rtw_gen  00000001800273e8     sf_runtime:sf_runtime.dll
 0002:000003f0       __imp_sim_mode_is_external 00000001800273f0     sf_runtime:sf_runtime.dll
 0002:000003f8       __imp_sf_is_chart_inlinable 00000001800273f8     sf_runtime:sf_runtime.dll
 0002:00000400       __imp_sf_rtw_info_uint_prop 0000000180027400     sf_runtime:sf_runtime.dll
 0002:00000408       __imp_sf_update_buildInfo  0000000180027408     sf_runtime:sf_runtime.dll
 0002:00000410       __imp_sf_mark_chart_expressionable_inputs 0000000180027410     sf_runtime:sf_runtime.dll
 0002:00000418       __imp_sf_mark_chart_reusable_outputs 0000000180027418     sf_runtime:sf_runtime.dll
 0002:00000420       __imp_sf_set_rtw_dwork_info 0000000180027420     sf_runtime:sf_runtime.dll
 0002:00000428       __imp_sf_mex_duplicatearraysafe 0000000180027428     sf_runtime:sf_runtime.dll
 0002:00000430       __imp_sf_mex_import        0000000180027430     sf_runtime:sf_runtime.dll
 0002:00000438       __imp_sf_debug_get_animation 0000000180027438     sf_runtime:sf_runtime.dll
 0002:00000440       __imp_sf_debug_set_animation 0000000180027440     sf_runtime:sf_runtime.dll
 0002:00000448       __imp_sf_debug_set_honor_breakpoints 0000000180027448     sf_runtime:sf_runtime.dll
 0002:00000450       __imp_sf_debug_call        0000000180027450     sf_runtime:sf_runtime.dll
 0002:00000458       __imp_sf_debug_animate     0000000180027458     sf_runtime:sf_runtime.dll
 0002:00000460       __imp_sf_mex_dup           0000000180027460     sf_runtime:sf_runtime.dll
 0002:00000468       __imp_sf_mex_getcell       0000000180027468     sf_runtime:sf_runtime.dll
 0002:00000470       __imp_sf_mex_destroy       0000000180027470     sf_runtime:sf_runtime.dll
 0002:00000478       __imp_sf_mex_decode_encoded_mx_struct_array 0000000180027478     sf_runtime:sf_runtime.dll
 0002:00000480       __imp_sf_mex_createcellmatrix 0000000180027480     sf_runtime:sf_runtime.dll
 0002:00000488       __imp_sf_mex_setcell       0000000180027488     sf_runtime:sf_runtime.dll
 0002:00000490       __imp_sf_mex_call_matlab   0000000180027490     sf_runtime:sf_runtime.dll
 0002:00000498       __imp_sf_mex_error_message 0000000180027498     sf_runtime:sf_runtime.dll
 0002:000004a0       __imp_sf_mex_emlrtNameCapturePostProcessR2012a 00000001800274a0     sf_runtime:sf_runtime.dll
 0002:000004a8       __imp_sf_mex_createstruct  00000001800274a8     sf_runtime:sf_runtime.dll
 0002:000004b0       __imp_sf_mex_addfield      00000001800274b0     sf_runtime:sf_runtime.dll
 0002:000004b8       __imp_cv_eml_init_fcn      00000001800274b8     sf_runtime:sf_runtime.dll
 0002:000004c0       __imp_eml_debug_line_call  00000001800274c0     sf_runtime:sf_runtime.dll
 0002:000004c8       __imp_sf_debug_symbol_scope_add_eml 00000001800274c8     sf_runtime:sf_runtime.dll
 0002:000004d0       __imp_sf_mex_create        00000001800274d0     sf_runtime:sf_runtime.dll
 0002:000004d8       __imp_sf_mex_assign        00000001800274d8     sf_runtime:sf_runtime.dll
 0002:000004e0       __imp_sf_load_rtw_optimization_info 00000001800274e0     sf_runtime:sf_runtime.dll
 0002:000004e8       __imp_sf_debug_initialize_machine 00000001800274e8     sf_runtime:sf_runtime.dll
 0002:000004f0       __imp_sf_debug_set_machine_event_thresholds 00000001800274f0     sf_runtime:sf_runtime.dll
 0002:000004f8       __imp_sf_debug_set_machine_data_thresholds 00000001800274f8     sf_runtime:sf_runtime.dll
 0002:00000500       \177sf_runtime_NULL_THUNK_DATA 0000000180027500     sf_runtime:sf_runtime.dll
 0002:00000508       __xc_a                     0000000180027508     MSVCRT:cinitexe.obj
 0002:00000510       __xc_z                     0000000180027510     MSVCRT:cinitexe.obj
 0002:00000518       __xi_a                     0000000180027518     MSVCRT:cinitexe.obj
 0002:00000528       __xi_z                     0000000180027528     MSVCRT:cinitexe.obj
 0002:00000530       __real@41dfc08793800000    0000000180027530     mission_server_waypoint_qball2_sfun.obj
 0002:00000538       __real@41e72ac55fa00000    0000000180027538     mission_server_waypoint_qball2_sfun.obj
 0002:00000540       __real@41dd99b438c00000    0000000180027540     mission_server_waypoint_qball2_sfun.obj
 0002:00000548       __real@41ce0e574f000000    0000000180027548     mission_server_waypoint_qball2_sfun.obj
 0002:00000550       __real@41ad4b2baa000000    0000000180027550     mission_server_waypoint_qball2_sfun.obj
 0002:00000558       __real@41e4f54984000000    0000000180027558     mission_server_waypoint_qball2_sfun.obj
 0002:00000560       __real@41e2ce78c3a00000    0000000180027560     mission_server_waypoint_qball2_sfun.obj
 0002:00000568       __real@41e6fa90b7000000    0000000180027568     mission_server_waypoint_qball2_sfun.obj
 0002:00000570       __real@41e856361b000000    0000000180027570     mission_server_waypoint_qball2_sfun.obj
 0002:00000578       __real@41e054f7a4a00000    0000000180027578     mission_server_waypoint_qball2_sfun.obj
 0002:00000580       __real@41e3c67c9e800000    0000000180027580     mission_server_waypoint_qball2_sfun.obj
 0002:00000588       __real@41ed63ef7da00000    0000000180027588     mission_server_waypoint_qball2_sfun.obj
 0002:00000590       __real@41c0b4dc19000000    0000000180027590     mission_server_waypoint_qball2_sfun.obj
 0002:00000598       __real@41eccae81f000000    0000000180027598     mission_server_waypoint_qball2_sfun.obj
 0002:000005a0       __real@41d2da62a3800000    00000001800275a0     mission_server_waypoint_qball2_sfun.obj
 0002:000005a8       __real@41e9f0bee8200000    00000001800275a8     mission_server_waypoint_qball2_sfun.obj
 0002:000005b0       __real@41d48c85d2c00000    00000001800275b0     c1_mission_server_waypoint_qball2.obj
 0002:000005b8       __real@41d29f3f27c00000    00000001800275b8     c1_mission_server_waypoint_qball2.obj
 0002:000005c0       __real@41c3175d48000000    00000001800275c0     c1_mission_server_waypoint_qball2.obj
 0002:000005c8       __real@41b2be96dd000000    00000001800275c8     c1_mission_server_waypoint_qball2.obj
 0002:000005d0       __real@4024000000000000    00000001800275d0     c1_mission_server_waypoint_qball2.obj
 0002:000005d8       __real@3ff0000000000000    00000001800275d8     c1_mission_server_waypoint_qball2.obj
 0002:000005e0       __real@3fe0000000000000    00000001800275e0     c1_mission_server_waypoint_qball2.obj
 0002:000005e8       __real@41cbb488eb800000    00000001800275e8     c3_mission_server_waypoint_qball2.obj
 0002:000005f0       __real@41cc4d97de000000    00000001800275f0     c3_mission_server_waypoint_qball2.obj
 0002:000005f8       __real@41eecc7aff600000    00000001800275f8     c3_mission_server_waypoint_qball2.obj
 0002:00000600       __real@41ec715a81a00000    0000000180027600     c3_mission_server_waypoint_qball2.obj
 0002:00000608       __real@4014000000000000    0000000180027608     c3_mission_server_waypoint_qball2.obj
 0002:00000610       __real@3f60624dd2f1a9fc    0000000180027610     c3_mission_server_waypoint_qball2.obj
 0002:00000618       __real@0000000000000000    0000000180027618     c3_mission_server_waypoint_qball2.obj
 0002:00000620       DYNAMIC_DIMENSION_DEF      0000000180027620     mission_server_waypoint_qball2_sfun_registry.obj
 0002:00000640       _ssBadLevel2InputAccessMsg 0000000180027640     mission_server_waypoint_qball2_sfun_registry.obj
 0002:000007d0       _ssBadLevel2DirectFeedMsg  00000001800277d0     mission_server_waypoint_qball2_sfun_registry.obj
 0002:00000910       _ssBadLevel2DirectFeedSolutionMsg 0000000180027910     mission_server_waypoint_qball2_sfun_registry.obj
 0002:00000980       _ssBadLevel2ZeroDirectFeedMsg 0000000180027980     mission_server_waypoint_qball2_sfun_registry.obj
 0002:00000ac0       _ssBadLevel2ZeroDirectFeedMsg2 0000000180027ac0     mission_server_waypoint_qball2_sfun_registry.obj
 0002:00000ba8       __real@bff0000000000000    0000000180027ba8     mission_server_waypoint_qball2_sfun_registry.obj
 0002:00000bb0       __real@41602cbca0000000    0000000180027bb0     mission_server_waypoint_qball2_sfun_registry.obj
 0002:00000bb8       __real@41e82f30d3000000    0000000180027bb8     Orientation_Library_sfun:Orientation_Library_sfun.obj
 0002:00000bc0       __real@41ca49e449000000    0000000180027bc0     Orientation_Library_sfun:Orientation_Library_sfun.obj
 0002:00000bc8       __real@41e9ad18ebc00000    0000000180027bc8     Orientation_Library_sfun:Orientation_Library_sfun.obj
 0002:00000bd0       __real@41db35ac12400000    0000000180027bd0     Orientation_Library_sfun:Orientation_Library_sfun.obj
 0002:00000bd8       __real@41d6da6e1d800000    0000000180027bd8     Orientation_Library_sfun:c27_Orientation_Library.obj
 0002:00000be0       __real@419ef17858000000    0000000180027be0     Orientation_Library_sfun:c27_Orientation_Library.obj
 0002:00000be8       __real@41eaf37be7800000    0000000180027be8     Orientation_Library_sfun:c27_Orientation_Library.obj
 0002:00000bf0       __real@41e37b2905a00000    0000000180027bf0     Orientation_Library_sfun:c27_Orientation_Library.obj
 0002:00000bf8       __real@4008000000000000    0000000180027bf8     Orientation_Library_sfun:c27_Orientation_Library.obj
 0002:00000c00       __mask@@NegDouble@         0000000180027c00     Orientation_Library_sfun:c27_Orientation_Library.obj
 0002:00000c10       __real@3cb0000000000000    0000000180027c10     Orientation_Library_sfun:c27_Orientation_Library.obj
 0002:00000c18       __real@4000000000000000    0000000180027c18     Orientation_Library_sfun:c27_Orientation_Library.obj
 0002:00000c20       __real@41bee3003b000000    0000000180027c20     Orientation_Library_sfun:c5_Orientation_Library.obj
 0002:00000c28       __real@41e4e31303800000    0000000180027c28     Orientation_Library_sfun:c5_Orientation_Library.obj
 0002:00000c30       __real@41e3b574a9600000    0000000180027c30     Orientation_Library_sfun:c5_Orientation_Library.obj
 0002:00000c38       __real@41ee88456ca00000    0000000180027c38     Orientation_Library_sfun:c5_Orientation_Library.obj
 0002:00000c40       _pDefaultRawDllMain        0000000180027c40     MSVCRT:crtdll.obj
 0002:00000c40       _pRawDllMain               0000000180027c40     MSVCRT:crtdll.obj
 0002:00000c58       ?ProcessDetach@NativeDll@<CrtImplementationDetails>@@0IB 0000000180027c58     MSVCRT:tncleanup.obj
 0002:00000c5c       ?ProcessAttach@NativeDll@<CrtImplementationDetails>@@0IB 0000000180027c5c     MSVCRT:tncleanup.obj
 0002:00000c60       ?ThreadAttach@NativeDll@<CrtImplementationDetails>@@0IB 0000000180027c60     MSVCRT:tncleanup.obj
 0002:00000c64       ?ThreadDetach@NativeDll@<CrtImplementationDetails>@@0IB 0000000180027c64     MSVCRT:tncleanup.obj
 0002:00000c68       ?ProcessVerifier@NativeDll@<CrtImplementationDetails>@@0IB 0000000180027c68     MSVCRT:tncleanup.obj
 0002:00000c70       __rtc_iaa                  0000000180027c70     MSVCRT:_initsect_.obj
 0002:00000c78       __rtc_izz                  0000000180027c78     MSVCRT:_initsect_.obj
 0002:00000c80       __rtc_taa                  0000000180027c80     MSVCRT:_initsect_.obj
 0002:00000c88       __rtc_tzz                  0000000180027c88     MSVCRT:_initsect_.obj
 0002:00001890       __IMPORT_DESCRIPTOR_sf_runtime 0000000180028890     sf_runtime:sf_runtime.dll
 0002:000018a4       __IMPORT_DESCRIPTOR_libmx  00000001800288a4     libmx:libmx.dll
 0002:000018b8       __IMPORT_DESCRIPTOR_libmex 00000001800288b8     libmex:libmex.dll
 0002:000018cc       __IMPORT_DESCRIPTOR_libut  00000001800288cc     libut:libut.dll
 0002:000018e0       __IMPORT_DESCRIPTOR_libmwmathutil 00000001800288e0     libmwmathutil:libmwmathutil.dll
 0002:000018f4       __IMPORT_DESCRIPTOR_MSVCR100 00000001800288f4     MSVCRT:MSVCR100.dll
 0002:00001908       __IMPORT_DESCRIPTOR_KERNEL32 0000000180028908     kernel32:KERNEL32.dll
 0002:0000191c       __NULL_IMPORT_DESCRIPTOR   000000018002891c     sf_runtime:sf_runtime.dll
 0003:00003120       DYNAMIC_DIMENSION          000000018002d120     mission_server_waypoint_qball2_sfun_registry.obj
 0003:00006c10       __security_cookie          0000000180030c10     MSVCRT:gs_cookie.obj
 0003:00006c18       __security_cookie_complement 0000000180030c18     MSVCRT:gs_cookie.obj
 0003:00006c20       _fltused                   0000000180030c20     MSVCRT:dllsupp.obj
 0003:00006c30       __native_dllmain_reason    0000000180030c30     MSVCRT:natstart.obj
 0003:00006c34       __native_vcclrit_reason    0000000180030c34     MSVCRT:natstart.obj
 0003:00006d38       sfGlobalDebugInstanceStruct 0000000180030d38     mission_server_waypoint_qball2_sfun_registry.obj
 0003:000072e0       ?__type_info_root_node@@3U__type_info_node@@A 00000001800312e0     MSVCRT:tncleanup.obj
 0003:000072f0       _mission_server_waypoint_qball2MachineNumber_ 00000001800312f0     <common>
 0003:000072f4       _Orientation_LibraryMachineNumber_ 00000001800312f4     <common>
 0003:000072f8       __native_startup_state     00000001800312f8     <common>
 0003:00007300       __native_startup_lock      0000000180031300     <common>
 0003:00007308       __onexitend                0000000180031308     <common>
 0003:00007310       __onexitbegin              0000000180031310     <common>
 0003:00007318       __dyn_tls_init_callback    0000000180031318     <common>

 entry point at        0001:00024c20

 Static symbols

 0001:00001d00       get_sim_state_c1_mission_server_waypoint_qball2 0000000180002d00 f   c1_mission_server_waypoint_qball2.obj
 0001:000021d0       sf_get_sim_state_info_c1_mission_server_waypoint_qball2 00000001800031d0 f   c1_mission_server_waypoint_qball2.obj
 0001:000023a0       set_sim_state_c1_mission_server_waypoint_qball2 00000001800033a0 f   c1_mission_server_waypoint_qball2.obj
 0001:00002610       c1_update_debugger_state_c1_mission_server_waypoint_qball2 0000000180003610 f   c1_mission_server_waypoint_qball2.obj
 0001:00002c20       c1_emlrt_marshallIn        0000000180003c20 f   c1_mission_server_waypoint_qball2.obj
 0001:00002c90       c1_b_emlrt_marshallIn      0000000180003c90 f   c1_mission_server_waypoint_qball2.obj
 0001:00002d20       c1_e_emlrt_marshallIn      0000000180003d20 f   c1_mission_server_waypoint_qball2.obj
 0001:00002d80       c1_f_emlrt_marshallIn      0000000180003d80 f   c1_mission_server_waypoint_qball2.obj
 0001:00002e10       c1_g_emlrt_marshallIn      0000000180003e10 f   c1_mission_server_waypoint_qball2.obj
 0001:00002e90       c1_h_emlrt_marshallIn      0000000180003e90 f   c1_mission_server_waypoint_qball2.obj
 0001:00002fa0       mdlProcessParameters_c1_mission_server_waypoint_qball2 0000000180003fa0 f   c1_mission_server_waypoint_qball2.obj
 0001:00003080       initialize_params_c1_mission_server_waypoint_qball2 0000000180004080 f   c1_mission_server_waypoint_qball2.obj
 0001:00003090       mdlSetWorkWidths_c1_mission_server_waypoint_qball2 0000000180004090 f   c1_mission_server_waypoint_qball2.obj
 0001:00003650       sf_get_instance_specialization 0000000180004650 f   c1_mission_server_waypoint_qball2.obj
 0001:00003660       sf_set_sfun_dwork_info     0000000180004660 f   c1_mission_server_waypoint_qball2.obj
 0001:000036a0       mdlStart_c1_mission_server_waypoint_qball2 00000001800046a0 f   c1_mission_server_waypoint_qball2.obj
 0001:000038e0       init_dsm_address_info      00000001800048e0 f   c1_mission_server_waypoint_qball2.obj
 0001:000038f0       chart_debug_initialization 00000001800048f0 f   c1_mission_server_waypoint_qball2.obj
 0001:000054f0       init_script_number_translation 00000001800064f0 f   c1_mission_server_waypoint_qball2.obj
 0001:00005510       c1_sf_marshallOut          0000000180006510 f   c1_mission_server_waypoint_qball2.obj
 0001:000055c0       c1_sf_marshallIn           00000001800065c0 f   c1_mission_server_waypoint_qball2.obj
 0001:00005660       sf_opaque_initialize_c1_mission_server_waypoint_qball2 0000000180006660 f   c1_mission_server_waypoint_qball2.obj
 0001:000056b0       initialize_c1_mission_server_waypoint_qball2 00000001800066b0 f   c1_mission_server_waypoint_qball2.obj
 0001:00005770       sf_check_dwork_consistency 0000000180006770 f   c1_mission_server_waypoint_qball2.obj
 0001:00005860       sf_opaque_enable_c1_mission_server_waypoint_qball2 0000000180006860 f   c1_mission_server_waypoint_qball2.obj
 0001:00005880       enable_c1_mission_server_waypoint_qball2 0000000180006880 f   c1_mission_server_waypoint_qball2.obj
 0001:000058b0       sf_opaque_disable_c1_mission_server_waypoint_qball2 00000001800068b0 f   c1_mission_server_waypoint_qball2.obj
 0001:000058d0       disable_c1_mission_server_waypoint_qball2 00000001800068d0 f   c1_mission_server_waypoint_qball2.obj
 0001:00005900       sf_opaque_gateway_c1_mission_server_waypoint_qball2 0000000180006900 f   c1_mission_server_waypoint_qball2.obj
 0001:00005920       sf_gateway_c1_mission_server_waypoint_qball2 0000000180006920 f   c1_mission_server_waypoint_qball2.obj
 0001:00005ed0       c1_set_sim_state_side_effects_c1_mission_server_waypoint_qball2 0000000180006ed0 f   c1_mission_server_waypoint_qball2.obj
 0001:00005f00       c1_c1_mission_server_waypoint_qball2 0000000180006f00 f   c1_mission_server_waypoint_qball2.obj
 0001:00008810       c1_b_sf_marshallOut        0000000180009810 f   c1_mission_server_waypoint_qball2.obj
 0001:000088c0       c1_b_sf_marshallIn         00000001800098c0 f   c1_mission_server_waypoint_qball2.obj
 0001:00008960       c1_c_emlrt_marshallIn      0000000180009960 f   c1_mission_server_waypoint_qball2.obj
 0001:000089f0       c1_updateDataWrittenToVector 00000001800099f0 f   c1_mission_server_waypoint_qball2.obj
 0001:00008a70       c1_errorIfDataNotWrittenToFcn 0000000180009a70 f   c1_mission_server_waypoint_qball2.obj
 0001:00008b30       sf_opaque_ext_mode_exec_c1_mission_server_waypoint_qball2 0000000180009b30 f   c1_mission_server_waypoint_qball2.obj
 0001:00008b50       ext_mode_exec_c1_mission_server_waypoint_qball2 0000000180009b50 f   c1_mission_server_waypoint_qball2.obj
 0001:00008b70       sf_opaque_get_sim_state_c1_mission_server_waypoint_qball2 0000000180009b70 f   c1_mission_server_waypoint_qball2.obj
 0001:00008b90       sf_opaque_set_sim_state_c1_mission_server_waypoint_qball2 0000000180009b90 f   c1_mission_server_waypoint_qball2.obj
 0001:00008bc0       sf_opaque_terminate_c1_mission_server_waypoint_qball2 0000000180009bc0 f   c1_mission_server_waypoint_qball2.obj
 0001:00008c60       finalize_c1_mission_server_waypoint_qball2 0000000180009c60 f   c1_mission_server_waypoint_qball2.obj
 0001:00008c90       sf_opaque_init_subchart_simstructs 0000000180009c90 f   c1_mission_server_waypoint_qball2.obj
 0001:00008cb0       initSimStructsc1_mission_server_waypoint_qball2 0000000180009cb0 f   c1_mission_server_waypoint_qball2.obj
 0001:00008cc0       sf_get_sfun_dwork_checksum 0000000180009cc0 f   c1_mission_server_waypoint_qball2.obj
 0001:00008cd0       mdlRTW_c1_mission_server_waypoint_qball2 0000000180009cd0 f   c1_mission_server_waypoint_qball2.obj
 0001:00009c90       get_sim_state_c3_mission_server_waypoint_qball2 000000018000ac90 f   c3_mission_server_waypoint_qball2.obj
 0001:0000a3a0       sf_get_sim_state_info_c3_mission_server_waypoint_qball2 000000018000b3a0 f   c3_mission_server_waypoint_qball2.obj
 0001:0000a570       set_sim_state_c3_mission_server_waypoint_qball2 000000018000b570 f   c3_mission_server_waypoint_qball2.obj
 0001:0000a910       c3_update_debugger_state_c3_mission_server_waypoint_qball2 000000018000b910 f   c3_mission_server_waypoint_qball2.obj
 0001:0000ae00       c3_emlrt_marshallIn        000000018000be00 f   c3_mission_server_waypoint_qball2.obj
 0001:0000ae70       c3_b_emlrt_marshallIn      000000018000be70 f   c3_mission_server_waypoint_qball2.obj
 0001:0000af00       c3_f_emlrt_marshallIn      000000018000bf00 f   c3_mission_server_waypoint_qball2.obj
 0001:0000af60       c3_g_emlrt_marshallIn      000000018000bf60 f   c3_mission_server_waypoint_qball2.obj
 0001:0000aff0       c3_h_emlrt_marshallIn      000000018000bff0 f   c3_mission_server_waypoint_qball2.obj
 0001:0000b060       c3_i_emlrt_marshallIn      000000018000c060 f   c3_mission_server_waypoint_qball2.obj
 0001:0000b0f0       c3_j_emlrt_marshallIn      000000018000c0f0 f   c3_mission_server_waypoint_qball2.obj
 0001:0000b150       c3_k_emlrt_marshallIn      000000018000c150 f   c3_mission_server_waypoint_qball2.obj
 0001:0000b1e0       c3_l_emlrt_marshallIn      000000018000c1e0 f   c3_mission_server_waypoint_qball2.obj
 0001:0000b260       c3_m_emlrt_marshallIn      000000018000c260 f   c3_mission_server_waypoint_qball2.obj
 0001:0000b370       mdlProcessParameters_c3_mission_server_waypoint_qball2 000000018000c370 f   c3_mission_server_waypoint_qball2.obj
 0001:0000b450       initialize_params_c3_mission_server_waypoint_qball2 000000018000c450 f   c3_mission_server_waypoint_qball2.obj
 0001:0000b460       mdlSetWorkWidths_c3_mission_server_waypoint_qball2 000000018000c460 f   c3_mission_server_waypoint_qball2.obj
 0001:0000b9a0       sf_get_instance_specialization 000000018000c9a0 f   c3_mission_server_waypoint_qball2.obj
 0001:0000b9b0       sf_set_sfun_dwork_info     000000018000c9b0 f   c3_mission_server_waypoint_qball2.obj
 0001:0000b9f0       mdlStart_c3_mission_server_waypoint_qball2 000000018000c9f0 f   c3_mission_server_waypoint_qball2.obj
 0001:0000bc30       init_dsm_address_info      000000018000cc30 f   c3_mission_server_waypoint_qball2.obj
 0001:0000bc40       chart_debug_initialization 000000018000cc40 f   c3_mission_server_waypoint_qball2.obj
 0001:0000d400       init_script_number_translation 000000018000e400 f   c3_mission_server_waypoint_qball2.obj
 0001:0000d420       c3_sf_marshallOut          000000018000e420 f   c3_mission_server_waypoint_qball2.obj
 0001:0000d4d0       c3_sf_marshallIn           000000018000e4d0 f   c3_mission_server_waypoint_qball2.obj
 0001:0000d570       c3_b_sf_marshallOut        000000018000e570 f   c3_mission_server_waypoint_qball2.obj
 0001:0000d620       c3_e_sf_marshallOut        000000018000e620 f   c3_mission_server_waypoint_qball2.obj
 0001:0000d790       sf_opaque_initialize_c3_mission_server_waypoint_qball2 000000018000e790 f   c3_mission_server_waypoint_qball2.obj
 0001:0000d7e0       initialize_c3_mission_server_waypoint_qball2 000000018000e7e0 f   c3_mission_server_waypoint_qball2.obj
 0001:0000d900       sf_check_dwork_consistency 000000018000e900 f   c3_mission_server_waypoint_qball2.obj
 0001:0000d9f0       sf_opaque_enable_c3_mission_server_waypoint_qball2 000000018000e9f0 f   c3_mission_server_waypoint_qball2.obj
 0001:0000da10       enable_c3_mission_server_waypoint_qball2 000000018000ea10 f   c3_mission_server_waypoint_qball2.obj
 0001:0000dab0       sf_opaque_disable_c3_mission_server_waypoint_qball2 000000018000eab0 f   c3_mission_server_waypoint_qball2.obj
 0001:0000dad0       disable_c3_mission_server_waypoint_qball2 000000018000ead0 f   c3_mission_server_waypoint_qball2.obj
 0001:0000dbf0       sf_opaque_gateway_c3_mission_server_waypoint_qball2 000000018000ebf0 f   c3_mission_server_waypoint_qball2.obj
 0001:0000dc10       sf_gateway_c3_mission_server_waypoint_qball2 000000018000ec10 f   c3_mission_server_waypoint_qball2.obj
 0001:00010510       c3_set_sim_state_side_effects_c3_mission_server_waypoint_qball2 0000000180011510 f   c3_mission_server_waypoint_qball2.obj
 0001:000105c0       c3_b_sf_marshallIn         00000001800115c0 f   c3_mission_server_waypoint_qball2.obj
 0001:00010660       c3_c_emlrt_marshallIn      0000000180011660 f   c3_mission_server_waypoint_qball2.obj
 0001:000106f0       c3_updateDataWrittenToVector 00000001800116f0 f   c3_mission_server_waypoint_qball2.obj
 0001:00010770       c3_errorIfDataNotWrittenToFcn 0000000180011770 f   c3_mission_server_waypoint_qball2.obj
 0001:00010830       sf_opaque_ext_mode_exec_c3_mission_server_waypoint_qball2 0000000180011830 f   c3_mission_server_waypoint_qball2.obj
 0001:00010850       ext_mode_exec_c3_mission_server_waypoint_qball2 0000000180011850 f   c3_mission_server_waypoint_qball2.obj
 0001:00010870       sf_opaque_get_sim_state_c3_mission_server_waypoint_qball2 0000000180011870 f   c3_mission_server_waypoint_qball2.obj
 0001:00010890       sf_opaque_set_sim_state_c3_mission_server_waypoint_qball2 0000000180011890 f   c3_mission_server_waypoint_qball2.obj
 0001:000108c0       sf_opaque_terminate_c3_mission_server_waypoint_qball2 00000001800118c0 f   c3_mission_server_waypoint_qball2.obj
 0001:00010960       finalize_c3_mission_server_waypoint_qball2 0000000180011960 f   c3_mission_server_waypoint_qball2.obj
 0001:00010990       sf_opaque_init_subchart_simstructs 0000000180011990 f   c3_mission_server_waypoint_qball2.obj
 0001:000109b0       initSimStructsc3_mission_server_waypoint_qball2 00000001800119b0 f   c3_mission_server_waypoint_qball2.obj
 0001:000109c0       sf_get_sfun_dwork_checksum 00000001800119c0 f   c3_mission_server_waypoint_qball2.obj
 0001:000109d0       mdlRTW_c3_mission_server_waypoint_qball2 00000001800119d0 f   c3_mission_server_waypoint_qball2.obj
 0001:00011680       getChartInfoFromSimStruct  0000000180012680 f   mission_server_waypoint_qball2_sfun_registry.obj
 0001:00012d20       _ssFatalError              0000000180013d20 f   mission_server_waypoint_qball2_sfun_registry.obj
 0001:00015dd0       ProcessMexSfunctionCmdLineCall 0000000180016dd0 f   mission_server_waypoint_qball2_sfun_registry.obj
 0001:00015f30       sf_debug_api_wrapper       0000000180016f30 f   mission_server_waypoint_qball2_sfun_registry.obj
 0001:00015f80       mdlStart                   0000000180016f80 f   mission_server_waypoint_qball2_sfun_registry.obj
 0001:00015fb0       mdl_start_processing       0000000180016fb0 f   mission_server_waypoint_qball2_sfun_registry.obj
 0001:00016040       mdlTerminate               0000000180017040 f   mission_server_waypoint_qball2_sfun_registry.obj
 0001:00016070       mdl_terminate_processing   0000000180017070 f   mission_server_waypoint_qball2_sfun_registry.obj
 0001:000160f0       mdlInitializeSampleTimes   00000001800170f0 f   mission_server_waypoint_qball2_sfun_registry.obj
 0001:00016120       mdlZeroCrossings           0000000180017120 f   mission_server_waypoint_qball2_sfun_registry.obj
 0001:00016150       mdl_zeroCrossings_processing 0000000180017150 f   mission_server_waypoint_qball2_sfun_registry.obj
 0001:00016190       mdlDerivatives             0000000180017190 f   mission_server_waypoint_qball2_sfun_registry.obj
 0001:000161c0       mdl_derivatives_processing 00000001800171c0 f   mission_server_waypoint_qball2_sfun_registry.obj
 0001:00016210       mdlInitializeConditions    0000000180017210 f   mission_server_waypoint_qball2_sfun_registry.obj
 0001:00016240       mdl_initialize_conditions_processing 0000000180017240 f   mission_server_waypoint_qball2_sfun_registry.obj
 0001:00016290       mdlEnable                  0000000180017290 f   mission_server_waypoint_qball2_sfun_registry.obj
 0001:000162c0       mdl_enable_processing      00000001800172c0 f   mission_server_waypoint_qball2_sfun_registry.obj
 0001:00016300       mdlDisable                 0000000180017300 f   mission_server_waypoint_qball2_sfun_registry.obj
 0001:00016330       mdl_disable_processing     0000000180017330 f   mission_server_waypoint_qball2_sfun_registry.obj
 0001:00016370       mdlOutputs                 0000000180017370 f   mission_server_waypoint_qball2_sfun_registry.obj
 0001:000163a0       mdl_outputs_processing     00000001800173a0 f   mission_server_waypoint_qball2_sfun_registry.obj
 0001:00016480       mdl_outputs_continuous_legacy 0000000180017480 f   mission_server_waypoint_qball2_sfun_registry.obj
 0001:00016570       mdlGetTimeOfNextVarHit     0000000180017570 f   mission_server_waypoint_qball2_sfun_registry.obj
 0001:000165c0       _ProcessMexSfunctionCmdLineCall 00000001800175c0 f   mission_server_waypoint_qball2_sfun_registry.obj
 0001:00016d10       mdlSetWorkWidths           0000000180017d10 f   mission_server_waypoint_qball2_sfun_registry.obj
 0001:00016d40       mdlProcessParameters       0000000180017d40 f   mission_server_waypoint_qball2_sfun_registry.obj
 0001:00016d70       mdlInitializeSizes         0000000180017d70 f   mission_server_waypoint_qball2_sfun_registry.obj
 0001:00016da0       mdlExtModeExec             0000000180017da0 f   mission_server_waypoint_qball2_sfun_registry.obj
 0001:00016dd0       mdl_ext_mode_exec_processing 0000000180017dd0 f   mission_server_waypoint_qball2_sfun_registry.obj
 0001:00016e10       mdlRTW                     0000000180017e10 f   mission_server_waypoint_qball2_sfun_registry.obj
 0001:00016e50       _CreateSimStruct           0000000180017e50 f   mission_server_waypoint_qball2_sfun_registry.obj
 0001:00016fe0       _RegNumInputPortsCB        0000000180017fe0 f   mission_server_waypoint_qball2_sfun_registry.obj
 0001:00017060       _RegNumOutputPortsCB       0000000180018060 f   mission_server_waypoint_qball2_sfun_registry.obj
 0001:00018170       c27_info_helper            0000000180019170 f   Orientation_Library_sfun:c27_Orientation_Library.obj
 0001:0001ad30       c27_emlrt_marshallOut      000000018001bd30 f   Orientation_Library_sfun:c27_Orientation_Library.obj
 0001:0001adc0       c27_b_emlrt_marshallOut    000000018001bdc0 f   Orientation_Library_sfun:c27_Orientation_Library.obj
 0001:0001b810       get_sim_state_c27_Orientation_Library 000000018001c810 f   Orientation_Library_sfun:c27_Orientation_Library.obj
 0001:0001bad0       sf_get_sim_state_info_c27_Orientation_Library 000000018001cad0 f   Orientation_Library_sfun:c27_Orientation_Library.obj
 0001:0001bca0       set_sim_state_c27_Orientation_Library 000000018001cca0 f   Orientation_Library_sfun:c27_Orientation_Library.obj
 0001:0001be30       c27_update_debugger_state_c27_Orientation_Library 000000018001ce30 f   Orientation_Library_sfun:c27_Orientation_Library.obj
 0001:0001be40       c27_emlrt_marshallIn       000000018001ce40 f   Orientation_Library_sfun:c27_Orientation_Library.obj
 0001:0001beb0       c27_b_emlrt_marshallIn     000000018001ceb0 f   Orientation_Library_sfun:c27_Orientation_Library.obj
 0001:0001bf40       c27_c_emlrt_marshallIn     000000018001cf40 f   Orientation_Library_sfun:c27_Orientation_Library.obj
 0001:0001bfb0       c27_d_emlrt_marshallIn     000000018001cfb0 f   Orientation_Library_sfun:c27_Orientation_Library.obj
 0001:0001c0a0       c27_f_emlrt_marshallIn     000000018001d0a0 f   Orientation_Library_sfun:c27_Orientation_Library.obj
 0001:0001c100       c27_g_emlrt_marshallIn     000000018001d100 f   Orientation_Library_sfun:c27_Orientation_Library.obj
 0001:0001c200       mdlProcessParameters_c27_Orientation_Library 000000018001d200 f   Orientation_Library_sfun:c27_Orientation_Library.obj
 0001:0001c2e0       initialize_params_c27_Orientation_Library 000000018001d2e0 f   Orientation_Library_sfun:c27_Orientation_Library.obj
 0001:0001c2f0       mdlSetWorkWidths_c27_Orientation_Library 000000018001d2f0 f   Orientation_Library_sfun:c27_Orientation_Library.obj
 0001:0001c820       sf_get_instance_specialization 000000018001d820 f   Orientation_Library_sfun:c27_Orientation_Library.obj
 0001:0001c830       mdlStart_c27_Orientation_Library 000000018001d830 f   Orientation_Library_sfun:c27_Orientation_Library.obj
 0001:0001ca60       init_dsm_address_info      000000018001da60 f   Orientation_Library_sfun:c27_Orientation_Library.obj
 0001:0001ca70       chart_debug_initialization 000000018001da70 f   Orientation_Library_sfun:c27_Orientation_Library.obj
 0001:0001d7a0       init_script_number_translation 000000018001e7a0 f   Orientation_Library_sfun:c27_Orientation_Library.obj
 0001:0001d7c0       c27_sf_marshallOut         000000018001e7c0 f   Orientation_Library_sfun:c27_Orientation_Library.obj
 0001:0001d870       c27_sf_marshallIn          000000018001e870 f   Orientation_Library_sfun:c27_Orientation_Library.obj
 0001:0001d910       c27_b_sf_marshallOut       000000018001e910 f   Orientation_Library_sfun:c27_Orientation_Library.obj
 0001:0001da70       c27_b_sf_marshallIn        000000018001ea70 f   Orientation_Library_sfun:c27_Orientation_Library.obj
 0001:0001db70       c27_c_sf_marshallOut       000000018001eb70 f   Orientation_Library_sfun:c27_Orientation_Library.obj
 0001:0001dda0       sf_opaque_initialize_c27_Orientation_Library 000000018001eda0 f   Orientation_Library_sfun:c27_Orientation_Library.obj
 0001:0001dde0       initialize_c27_Orientation_Library 000000018001ede0 f   Orientation_Library_sfun:c27_Orientation_Library.obj
 0001:0001de30       sf_opaque_enable_c27_Orientation_Library 000000018001ee30 f   Orientation_Library_sfun:c27_Orientation_Library.obj
 0001:0001de50       enable_c27_Orientation_Library 000000018001ee50 f   Orientation_Library_sfun:c27_Orientation_Library.obj
 0001:0001de80       sf_opaque_disable_c27_Orientation_Library 000000018001ee80 f   Orientation_Library_sfun:c27_Orientation_Library.obj
 0001:0001dea0       disable_c27_Orientation_Library 000000018001eea0 f   Orientation_Library_sfun:c27_Orientation_Library.obj
 0001:0001ded0       sf_opaque_gateway_c27_Orientation_Library 000000018001eed0 f   Orientation_Library_sfun:c27_Orientation_Library.obj
 0001:0001def0       sf_gateway_c27_Orientation_Library 000000018001eef0 f   Orientation_Library_sfun:c27_Orientation_Library.obj
 0001:0001f630       c27_eml_error              0000000180020630 f   Orientation_Library_sfun:c27_Orientation_Library.obj
 0001:0001f820       c27_atan2                  0000000180020820 f   Orientation_Library_sfun:c27_Orientation_Library.obj
 0001:0001f870       c27_b_eml_error            0000000180020870 f   Orientation_Library_sfun:c27_Orientation_Library.obj
 0001:0001fa60       sf_opaque_get_sim_state_c27_Orientation_Library 0000000180020a60 f   Orientation_Library_sfun:c27_Orientation_Library.obj
 0001:0001fa80       sf_opaque_set_sim_state_c27_Orientation_Library 0000000180020a80 f   Orientation_Library_sfun:c27_Orientation_Library.obj
 0001:0001fab0       sf_opaque_terminate_c27_Orientation_Library 0000000180020ab0 f   Orientation_Library_sfun:c27_Orientation_Library.obj
 0001:0001fb50       finalize_c27_Orientation_Library 0000000180020b50 f   Orientation_Library_sfun:c27_Orientation_Library.obj
 0001:0001fb60       sf_opaque_init_subchart_simstructs 0000000180020b60 f   Orientation_Library_sfun:c27_Orientation_Library.obj
 0001:0001fb80       initSimStructsc27_Orientation_Library 0000000180020b80 f   Orientation_Library_sfun:c27_Orientation_Library.obj
 0001:0001fb90       mdlRTW_c27_Orientation_Library 0000000180020b90 f   Orientation_Library_sfun:c27_Orientation_Library.obj
 0001:0001fc40       c5_info_helper             0000000180020c40 f   Orientation_Library_sfun:c5_Orientation_Library.obj
 0001:000205c0       c5_emlrt_marshallOut       00000001800215c0 f   Orientation_Library_sfun:c5_Orientation_Library.obj
 0001:00020650       c5_b_emlrt_marshallOut     0000000180021650 f   Orientation_Library_sfun:c5_Orientation_Library.obj
 0001:00020f50       get_sim_state_c5_Orientation_Library 0000000180021f50 f   Orientation_Library_sfun:c5_Orientation_Library.obj
 0001:00021190       sf_get_sim_state_info_c5_Orientation_Library 0000000180022190 f   Orientation_Library_sfun:c5_Orientation_Library.obj
 0001:00021360       set_sim_state_c5_Orientation_Library 0000000180022360 f   Orientation_Library_sfun:c5_Orientation_Library.obj
 0001:000214c0       c5_update_debugger_state_c5_Orientation_Library 00000001800224c0 f   Orientation_Library_sfun:c5_Orientation_Library.obj
 0001:000214d0       c5_emlrt_marshallIn        00000001800224d0 f   Orientation_Library_sfun:c5_Orientation_Library.obj
 0001:00021540       c5_b_emlrt_marshallIn      0000000180022540 f   Orientation_Library_sfun:c5_Orientation_Library.obj
 0001:00021650       c5_e_emlrt_marshallIn      0000000180022650 f   Orientation_Library_sfun:c5_Orientation_Library.obj
 0001:000216b0       c5_f_emlrt_marshallIn      00000001800226b0 f   Orientation_Library_sfun:c5_Orientation_Library.obj
 0001:000217b0       mdlProcessParameters_c5_Orientation_Library 00000001800227b0 f   Orientation_Library_sfun:c5_Orientation_Library.obj
 0001:00021890       initialize_params_c5_Orientation_Library 0000000180022890 f   Orientation_Library_sfun:c5_Orientation_Library.obj
 0001:000218a0       mdlSetWorkWidths_c5_Orientation_Library 00000001800228a0 f   Orientation_Library_sfun:c5_Orientation_Library.obj
 0001:00021dd0       sf_get_instance_specialization 0000000180022dd0 f   Orientation_Library_sfun:c5_Orientation_Library.obj
 0001:00021de0       mdlStart_c5_Orientation_Library 0000000180022de0 f   Orientation_Library_sfun:c5_Orientation_Library.obj
 0001:00022010       init_dsm_address_info      0000000180023010 f   Orientation_Library_sfun:c5_Orientation_Library.obj
 0001:00022020       chart_debug_initialization 0000000180023020 f   Orientation_Library_sfun:c5_Orientation_Library.obj
 0001:00022a40       init_script_number_translation 0000000180023a40 f   Orientation_Library_sfun:c5_Orientation_Library.obj
 0001:00022a60       c5_sf_marshallOut          0000000180023a60 f   Orientation_Library_sfun:c5_Orientation_Library.obj
 0001:00022cb0       c5_sf_marshallIn           0000000180023cb0 f   Orientation_Library_sfun:c5_Orientation_Library.obj
 0001:00022e30       c5_b_sf_marshallOut        0000000180023e30 f   Orientation_Library_sfun:c5_Orientation_Library.obj
 0001:00022ee0       sf_opaque_initialize_c5_Orientation_Library 0000000180023ee0 f   Orientation_Library_sfun:c5_Orientation_Library.obj
 0001:00022f20       initialize_c5_Orientation_Library 0000000180023f20 f   Orientation_Library_sfun:c5_Orientation_Library.obj
 0001:00022f70       sf_opaque_enable_c5_Orientation_Library 0000000180023f70 f   Orientation_Library_sfun:c5_Orientation_Library.obj
 0001:00022f90       enable_c5_Orientation_Library 0000000180023f90 f   Orientation_Library_sfun:c5_Orientation_Library.obj
 0001:00022fc0       sf_opaque_disable_c5_Orientation_Library 0000000180023fc0 f   Orientation_Library_sfun:c5_Orientation_Library.obj
 0001:00022fe0       disable_c5_Orientation_Library 0000000180023fe0 f   Orientation_Library_sfun:c5_Orientation_Library.obj
 0001:00023010       sf_opaque_gateway_c5_Orientation_Library 0000000180024010 f   Orientation_Library_sfun:c5_Orientation_Library.obj
 0001:00023030       sf_gateway_c5_Orientation_Library 0000000180024030 f   Orientation_Library_sfun:c5_Orientation_Library.obj
 0001:00024490       c5_b_sf_marshallIn         0000000180025490 f   Orientation_Library_sfun:c5_Orientation_Library.obj
 0001:00024530       c5_c_emlrt_marshallIn      0000000180025530 f   Orientation_Library_sfun:c5_Orientation_Library.obj
 0001:000245c0       sf_opaque_get_sim_state_c5_Orientation_Library 00000001800255c0 f   Orientation_Library_sfun:c5_Orientation_Library.obj
 0001:000245e0       sf_opaque_set_sim_state_c5_Orientation_Library 00000001800255e0 f   Orientation_Library_sfun:c5_Orientation_Library.obj
 0001:00024610       sf_opaque_terminate_c5_Orientation_Library 0000000180025610 f   Orientation_Library_sfun:c5_Orientation_Library.obj
 0001:000246b0       finalize_c5_Orientation_Library 00000001800256b0 f   Orientation_Library_sfun:c5_Orientation_Library.obj
 0001:000246c0       sf_opaque_init_subchart_simstructs 00000001800256c0 f   Orientation_Library_sfun:c5_Orientation_Library.obj
 0001:000246e0       initSimStructsc5_Orientation_Library 00000001800256e0 f   Orientation_Library_sfun:c5_Orientation_Library.obj
 0001:000246f0       mdlRTW_c5_Orientation_Library 00000001800256f0 f   Orientation_Library_sfun:c5_Orientation_Library.obj
 0001:00024828       pre_c_init                 0000000180025828 f   MSVCRT:crtdll.obj
 0001:00024ae4       __DllMainCRTStartup        0000000180025ae4 f   MSVCRT:crtdll.obj
 0001:00025190       __DllMainCRTStartup$filt$0 0000000180026190 f   MSVCRT:crtdll.obj
 0001:000251c0       __DllMainCRTStartup$fin$1  00000001800261c0 f   MSVCRT:crtdll.obj
 0001:000251da       _onexit$fin$0              00000001800261da f   MSVCRT:atonexit.obj
 0001:00025200       _IsNonwritableInCurrentImage$filt$0 0000000180026200 f   MSVCRT:pesect.obj
