 tracking_sfun

 Timestamp is 58e4d18f (Wed Apr 05 19:14:23 2017)

 Preferred load address is 0000000180000000

 Start         Length     Name                   Class
 0001:00000000 000272d4H .text                   CODE
 0001:000272e0 00000092H .text$x                 CODE
 0002:00000000 00000460H .idata$5                DATA
 0002:00000460 00000008H .CRT$XCA                DATA
 0002:00000468 00000008H .CRT$XCZ                DATA
 0002:00000470 00000008H .CRT$XIA                DATA
 0002:00000478 00000008H .CRT$XIAA               DATA
 0002:00000480 00000008H .CRT$XIZ                DATA
 0002:00000490 000007acH .rdata                  DATA
 0002:00000c40 00000008H .rtc$IAA                DATA
 0002:00000c48 00000008H .rtc$IZZ                DATA
 0002:00000c50 00000008H .rtc$TAA                DATA
 0002:00000c58 00000008H .rtc$TZZ                DATA
 0002:00000c60 00000cb8H .xdata                  DATA
 0002:00001918 0000008cH .idata$2                DATA
 0002:000019a4 00000014H .idata$3                DATA
 0002:000019b8 00000460H .idata$4                DATA
 0002:00001e18 00000bfaH .idata$6                DATA
 0002:00002a20 00000053H .edata                  DATA
 0003:00000000 00009168H .data                   DATA
 0003:00009170 000006f8H .bss                    DATA
 0004:00000000 00001098H .pdata                  DATA

  Address         Publics by Value              Rva+Base               Lib:Object

 0000:00000000       ___safe_se_handler_count   0000000000000000     <absolute>
 0000:00000000       ___safe_se_handler_table   0000000000000000     <absolute>
 0000:00000000       __ImageBase                0000000180000000     <linker-defined>
 0001:00000000       tracking_initializer       0000000180001000 f   tracking_sfun.obj
 0001:00000010       tracking_terminator        0000000180001010 f   tracking_sfun.obj
 0001:00000020       sf_tracking_method_dispatcher 0000000180001020 f   tracking_sfun.obj
 0001:00000110       sf_tracking_process_testpoint_info_call 0000000180001110 f   tracking_sfun.obj
 0001:00000270       sf_tracking_process_check_sum_call 0000000180001270 f   tracking_sfun.obj
 0001:00000720       sf_tracking_autoinheritance_info 0000000180001720 f   tracking_sfun.obj
 0001:00000a50       sf_tracking_get_eml_resolved_functions_info 0000000180001a50 f   tracking_sfun.obj
 0001:00000cf0       sf_tracking_third_party_uses_info 0000000180001cf0 f   tracking_sfun.obj
 0001:00000f70       sf_tracking_updateBuildInfo_args_info 0000000180001f70 f   tracking_sfun.obj
 0001:000011f0       tracking_debug_initialize  00000001800021f0 f   tracking_sfun.obj
 0001:00001270       tracking_register_exported_symbols 0000000180002270 f   tracking_sfun.obj
 0001:00001280       load_tracking_optimization_info 0000000180002280 f   tracking_sfun.obj
 0001:000012d0       unload_tracking_optimization_info 00000001800022d0 f   tracking_sfun.obj
 0001:00001300       sf_c1_tracking_get_eml_resolved_functions_info 0000000180002300 f   c1_tracking.obj
 0001:00002540       sf_c1_tracking_get_check_sum 0000000180003540 f   c1_tracking.obj
 0001:000025c0       sf_c1_tracking_get_autoinheritance_info 00000001800035c0 f   c1_tracking.obj
 0001:00002c80       sf_c1_tracking_third_party_uses_info 0000000180003c80 f   c1_tracking.obj
 0001:00002cb0       sf_c1_tracking_updateBuildInfo_args_info 0000000180003cb0 f   c1_tracking.obj
 0001:00002ce0       sf_internal_get_sim_state_c1_tracking 0000000180003ce0 f   c1_tracking.obj
 0001:00003110       sf_internal_set_sim_state_c1_tracking 0000000180004110 f   c1_tracking.obj
 0001:00003540       c1_tracking_method_dispatcher 0000000180004540 f   c1_tracking.obj
 0001:00005450       sf_c3_tracking_get_eml_resolved_functions_info 0000000180006450 f   c3_tracking.obj
 0001:00006690       sf_c3_tracking_get_check_sum 0000000180007690 f   c3_tracking.obj
 0001:00006710       sf_c3_tracking_get_autoinheritance_info 0000000180007710 f   c3_tracking.obj
 0001:00006dd0       sf_c3_tracking_third_party_uses_info 0000000180007dd0 f   c3_tracking.obj
 0001:00006e00       sf_c3_tracking_updateBuildInfo_args_info 0000000180007e00 f   c3_tracking.obj
 0001:00006e30       sf_internal_get_sim_state_c3_tracking 0000000180007e30 f   c3_tracking.obj
 0001:00007260       sf_internal_set_sim_state_c3_tracking 0000000180008260 f   c3_tracking.obj
 0001:00007690       c3_tracking_method_dispatcher 0000000180008690 f   c3_tracking.obj
 0001:00009650       sf_c4_tracking_get_eml_resolved_functions_info 000000018000a650 f   c4_tracking.obj
 0001:0000a140       sf_c4_tracking_get_check_sum 000000018000b140 f   c4_tracking.obj
 0001:0000a1c0       sf_c4_tracking_get_autoinheritance_info 000000018000b1c0 f   c4_tracking.obj
 0001:0000ab10       sf_c4_tracking_third_party_uses_info 000000018000bb10 f   c4_tracking.obj
 0001:0000ab40       sf_c4_tracking_updateBuildInfo_args_info 000000018000bb40 f   c4_tracking.obj
 0001:0000ab70       sf_internal_get_sim_state_c4_tracking 000000018000bb70 f   c4_tracking.obj
 0001:0000b050       sf_internal_set_sim_state_c4_tracking 000000018000c050 f   c4_tracking.obj
 0001:0000b4d0       c4_tracking_method_dispatcher 000000018000c4d0 f   c4_tracking.obj
 0001:0000d870       sf_c7_tracking_get_eml_resolved_functions_info 000000018000e870 f   c7_tracking.obj
 0001:0000e360       sf_c7_tracking_get_check_sum 000000018000f360 f   c7_tracking.obj
 0001:0000e3e0       sf_c7_tracking_get_autoinheritance_info 000000018000f3e0 f   c7_tracking.obj
 0001:0000ed30       sf_c7_tracking_third_party_uses_info 000000018000fd30 f   c7_tracking.obj
 0001:0000ed60       sf_c7_tracking_updateBuildInfo_args_info 000000018000fd60 f   c7_tracking.obj
 0001:0000ed90       sf_internal_get_sim_state_c7_tracking 000000018000fd90 f   c7_tracking.obj
 0001:0000f280       sf_internal_set_sim_state_c7_tracking 0000000180010280 f   c7_tracking.obj
 0001:0000f700       c7_tracking_method_dispatcher 0000000180010700 f   c7_tracking.obj
 0001:00011aa0       sf_c9_tracking_get_eml_resolved_functions_info 0000000180012aa0 f   c9_tracking.obj
 0001:000173f0       sf_c9_tracking_get_check_sum 00000001800183f0 f   c9_tracking.obj
 0001:00017470       sf_c9_tracking_get_autoinheritance_info 0000000180018470 f   c9_tracking.obj
 0001:00017dc0       sf_c9_tracking_third_party_uses_info 0000000180018dc0 f   c9_tracking.obj
 0001:00017df0       sf_c9_tracking_updateBuildInfo_args_info 0000000180018df0 f   c9_tracking.obj
 0001:00017e20       sf_internal_get_sim_state_c9_tracking 0000000180018e20 f   c9_tracking.obj
 0001:000183d0       sf_internal_set_sim_state_c9_tracking 00000001800193d0 f   c9_tracking.obj
 0001:000188a0       c9_tracking_method_dispatcher 00000001800198a0 f   c9_tracking.obj
 0001:0001c890       sf_c14_tracking_get_eml_resolved_functions_info 000000018001d890 f   c14_tracking.obj
 0001:0001d380       sf_c14_tracking_get_check_sum 000000018001e380 f   c14_tracking.obj
 0001:0001d400       sf_c14_tracking_get_autoinheritance_info 000000018001e400 f   c14_tracking.obj
 0001:0001d820       sf_c14_tracking_third_party_uses_info 000000018001e820 f   c14_tracking.obj
 0001:0001d850       sf_c14_tracking_updateBuildInfo_args_info 000000018001e850 f   c14_tracking.obj
 0001:0001d880       sf_internal_get_sim_state_c14_tracking 000000018001e880 f   c14_tracking.obj
 0001:0001dc40       sf_internal_set_sim_state_c14_tracking 000000018001ec40 f   c14_tracking.obj
 0001:0001e130       c14_tracking_method_dispatcher 000000018001f130 f   c14_tracking.obj
 0001:00020120       sf_process_check_sum_call  0000000180021120 f   tracking_sfun_registry.obj
 0001:00020170       sf_process_testpoint_info_call 0000000180021170 f   tracking_sfun_registry.obj
 0001:000201c0       sf_process_autoinheritance_call 00000001800211c0 f   tracking_sfun_registry.obj
 0001:00020360       sf_process_get_third_party_uses_info_call 0000000180021360 f   tracking_sfun_registry.obj
 0001:00020500       sf_process_get_updateBuildInfo_args_info_call 0000000180021500 f   tracking_sfun_registry.obj
 0001:000206a0       sf_process_get_eml_resolved_functions_info_call 00000001800216a0 f   tracking_sfun_registry.obj
 0001:00020820       sf_mex_unlock_call         0000000180021820 f   tracking_sfun_registry.obj
 0001:000208d0       sf_machine_global_initializer_called 00000001800218d0 f   tracking_sfun_registry.obj
 0001:00020900       sf_machine_global_method_dispatcher 0000000180021900 f   tracking_sfun_registry.obj
 0001:00020960       sf_machine_global_terminator 0000000180021960 f   tracking_sfun_registry.obj
 0001:000209b0       sf_register_machine_exported_symbols 00000001800219b0 f   tracking_sfun_registry.obj
 0001:000209d0       callCustomFcn              00000001800219d0 f   tracking_sfun_registry.obj
 0001:000209e0       sf_machine_global_initializer 00000001800219e0 f   tracking_sfun_registry.obj
 0001:00020a60       mdlGetSimState             0000000180021a60 f   tracking_sfun_registry.obj
 0001:00020ae0       mdlSetSimState             0000000180021ae0 f   tracking_sfun_registry.obj
 0001:00020b20       _ssSetStateAbsTol          0000000180021b20 f   tracking_sfun_registry.obj
 0001:00020c00       _ssGetAbsTol               0000000180021c00 f   tracking_sfun_registry.obj
 0001:00020c70       _ssSetInputPortMatrixDimensions 0000000180021c70 f   tracking_sfun_registry.obj
 0001:00020d80       _ssSetOutputPortMatrixDimensions 0000000180021d80 f   tracking_sfun_registry.obj
 0001:00020e90       _ssSetInputPortVectorDimension 0000000180021e90 f   tracking_sfun_registry.obj
 0001:00020f60       _ssSetOutputPortVectorDimension 0000000180021f60 f   tracking_sfun_registry.obj
 0001:00021030       ssIsRunTimeParamTunable    0000000180022030 f   tracking_sfun_registry.obj
 0001:000210a0       ssGetSFuncBlockHandle      00000001800220a0 f   tracking_sfun_registry.obj
 0001:00021110       _ssGetCurrentInputPortWidth 0000000180022110 f   tracking_sfun_registry.obj
 0001:00021230       _ssGetCurrentOutputPortWidth 0000000180022230 f   tracking_sfun_registry.obj
 0001:00021350       _ssGetCallSystemNumFcnCallDestinations 0000000180022350 f   tracking_sfun_registry.obj
 0001:000213c0       ssWarning                  00000001800223c0 f   tracking_sfun_registry.obj
 0001:000214d0       ssGetIsZeroCrossControlDisabled 00000001800224d0 f   tracking_sfun_registry.obj
 0001:00021540       ssSetIsInputPortUsedForContZcSignal 0000000180022540 f   tracking_sfun_registry.obj
 0001:000215b0       ssSetZcSignalIsZcElementDisc 00000001800225b0 f   tracking_sfun_registry.obj
 0001:00021660       ssSetZcSignalName          0000000180022660 f   tracking_sfun_registry.obj
 0001:000216d0       ssSetZcSignalWidth         00000001800226d0 f   tracking_sfun_registry.obj
 0001:00021740       ssSetZcSignalZcEventType   0000000180022740 f   tracking_sfun_registry.obj
 0001:000217b0       ssSetZcSignalType          00000001800227b0 f   tracking_sfun_registry.obj
 0001:00021820       ssSetZcSignalZcTol         0000000180022820 f   tracking_sfun_registry.obj
 0001:00021890       ssSetZcSignalNeedsEventNotification 0000000180022890 f   tracking_sfun_registry.obj
 0001:00021900       ssCreateAndAddZcSignalInfo 0000000180022900 f   tracking_sfun_registry.obj
 0001:00021970       ssCloneAndAddZcSignalInfo  0000000180022970 f   tracking_sfun_registry.obj
 0001:000219e0       ssGetNumZcSignals          00000001800229e0 f   tracking_sfun_registry.obj
 0001:00021a50       ssGetZcSignalVector        0000000180022a50 f   tracking_sfun_registry.obj
 0001:00021ac0       ssGetZcSignalZcEvents      0000000180022ac0 f   tracking_sfun_registry.obj
 0001:00021b30       ssGetZcSignalName          0000000180022b30 f   tracking_sfun_registry.obj
 0001:00021ba0       ssGetZcSignalWidth         0000000180022ba0 f   tracking_sfun_registry.obj
 0001:00021c10       ssGetZcSignalZcEventType   0000000180022c10 f   tracking_sfun_registry.obj
 0001:00021c80       ssGetZcSignalType          0000000180022c80 f   tracking_sfun_registry.obj
 0001:00021cf0       ssGetZcSignalZcTol         0000000180022cf0 f   tracking_sfun_registry.obj
 0001:00021d70       ssGetZcSignalNeedsEventNotification 0000000180022d70 f   tracking_sfun_registry.obj
 0001:00021de0       ssGetZcSignalIsZcElementDisc 0000000180022de0 f   tracking_sfun_registry.obj
 0001:00021e80       ssGetIsInputPortElementContinuous 0000000180022e80 f   tracking_sfun_registry.obj
 0001:00021f20       _ssGetInputPortSignalPtrsFcn 0000000180022f20 f   tracking_sfun_registry.obj
 0001:000221e0       _ssGetInputPortSignalFcn   00000001800231e0 f   tracking_sfun_registry.obj
 0001:00022400       _ssSetInputPortDirectFeedThroughFcn 0000000180023400 f   tracking_sfun_registry.obj
 0001:00022560       _ssSetInputPortReusableFcn 0000000180023560 f   tracking_sfun_registry.obj
 0001:00022650       _ssSetOutputPortReusableFcn 0000000180023650 f   tracking_sfun_registry.obj
 0001:00022730       ssGetDTypeIdFromMxArray    0000000180023730 f   tracking_sfun_registry.obj
 0001:00022850       ssWriteRTWStr              0000000180023850 f   tracking_sfun_registry.obj
 0001:000228b0       ssWriteRTWMxVectParam      00000001800238b0 f   tracking_sfun_registry.obj
 0001:00022910       ssWriteRTWMx2dMatParam     0000000180023910 f   tracking_sfun_registry.obj
 0001:00022990       ssWriteRTWNameValuePair    0000000180023990 f   tracking_sfun_registry.obj
 0001:00022e80       ssWriteRTWParameters       0000000180023e80 f   tracking_sfun_registry.obj
 0001:00023480       ssWriteRTWParamSettings    0000000180024480 f   tracking_sfun_registry.obj
 0001:00023b50       ssWriteRTWWorkVect         0000000180024b50 f   tracking_sfun_registry.obj
 0001:00024050       mexFunction                0000000180025050 f   tracking_sfun_registry.obj
 0001:00026500       ProcessMexSfunctionEveryCall 0000000180027500 f   tracking_sfun_registry.obj
 0001:00026682       sf_debug_set_machine_data_thresholds 0000000180027682 f   sf_runtime:sf_runtime.dll
 0001:00026688       sf_debug_set_machine_event_thresholds 0000000180027688 f   sf_runtime:sf_runtime.dll
 0001:0002668e       sf_debug_initialize_machine 000000018002768e f   sf_runtime:sf_runtime.dll
 0001:00026694       sf_load_rtw_optimization_info 0000000180027694 f   sf_runtime:sf_runtime.dll
 0001:0002669a       sf_mex_emlrtNameCapturePostProcessR2012a 000000018002769a f   sf_runtime:sf_runtime.dll
 0001:000266a0       sf_mex_assign              00000001800276a0 f   sf_runtime:sf_runtime.dll
 0001:000266a6       sf_mex_createstruct        00000001800276a6 f   sf_runtime:sf_runtime.dll
 0001:000266ac       sf_mex_destroy             00000001800276ac f   sf_runtime:sf_runtime.dll
 0001:000266b2       sf_mex_duplicatearraysafe  00000001800276b2 f   sf_runtime:sf_runtime.dll
 0001:000266b8       sf_mex_createcellmatrix    00000001800276b8 f   sf_runtime:sf_runtime.dll
 0001:000266be       sf_mex_addfield            00000001800276be f   sf_runtime:sf_runtime.dll
 0001:000266c4       sf_mex_create              00000001800276c4 f   sf_runtime:sf_runtime.dll
 0001:000266ca       sf_mex_error_message       00000001800276ca f   sf_runtime:sf_runtime.dll
 0001:000266d0       sf_mex_call_matlab         00000001800276d0 f   sf_runtime:sf_runtime.dll
 0001:000266d6       sf_mex_setcell             00000001800276d6 f   sf_runtime:sf_runtime.dll
 0001:000266dc       sf_mex_decode_encoded_mx_struct_array 00000001800276dc f   sf_runtime:sf_runtime.dll
 0001:000266e2       sf_mex_getcell             00000001800276e2 f   sf_runtime:sf_runtime.dll
 0001:000266e8       sf_mex_dup                 00000001800276e8 f   sf_runtime:sf_runtime.dll
 0001:000266ee       sf_mex_import              00000001800276ee f   sf_runtime:sf_runtime.dll
 0001:000266f4       sf_set_rtw_dwork_info      00000001800276f4 f   sf_runtime:sf_runtime.dll
 0001:000266fa       sf_mark_chart_reusable_outputs 00000001800276fa f   sf_runtime:sf_runtime.dll
 0001:00026700       sf_mark_chart_expressionable_inputs 0000000180027700 f   sf_runtime:sf_runtime.dll
 0001:00026706       sf_update_buildInfo        0000000180027706 f   sf_runtime:sf_runtime.dll
 0001:0002670c       sf_rtw_info_uint_prop      000000018002770c f   sf_runtime:sf_runtime.dll
 0001:00026712       sf_is_chart_inlinable      0000000180027712 f   sf_runtime:sf_runtime.dll
 0001:00026718       sim_mode_is_external       0000000180027718 f   sf_runtime:sf_runtime.dll
 0001:0002671e       sim_mode_is_rtw_gen        000000018002771e f   sf_runtime:sf_runtime.dll
 0001:00026724       sf_debug_reset_current_state_configuration 0000000180027724 f   sf_runtime:sf_runtime.dll
 0001:0002672a       sf_debug_set_instance_data_value_ptr 000000018002772a f   sf_runtime:sf_runtime.dll
 0001:00026730       sf_debug_set_chart_data_compiled_props 0000000180027730 f   sf_runtime:sf_runtime.dll
 0001:00026736       cv_eml_init_fcn            0000000180027736 f   sf_runtime:sf_runtime.dll
 0001:0002673c       cv_eml_init_script         000000018002773c f   sf_runtime:sf_runtime.dll
 0001:00026742       sf_debug_cv_init_trans     0000000180027742 f   sf_runtime:sf_runtime.dll
 0001:00026748       sf_debug_cv_init_state     0000000180027748 f   sf_runtime:sf_runtime.dll
 0001:0002674e       sf_debug_cv_init_chart     000000018002774e f   sf_runtime:sf_runtime.dll
 0001:00026754       sf_debug_set_chart_decomposition 0000000180027754 f   sf_runtime:sf_runtime.dll
 0001:0002675a       sf_debug_set_chart_substate_count 000000018002775a f   sf_runtime:sf_runtime.dll
 0001:00026760       sf_debug_set_chart_state_info 0000000180027760 f   sf_runtime:sf_runtime.dll
 0001:00026766       sf_debug_set_chart_data_props 0000000180027766 f   sf_runtime:sf_runtime.dll
 0001:0002676c       sf_debug_set_chart_event_thresholds 000000018002776c f   sf_runtime:sf_runtime.dll
 0001:00026772       sf_debug_set_chart_disable_implicit_casting 0000000180027772 f   sf_runtime:sf_runtime.dll
 0001:00026778       sf_debug_initialize_chart  0000000180027778 f   sf_runtime:sf_runtime.dll
 0001:0002677e       sf_get_time                000000018002777e f   sf_runtime:sf_runtime.dll
 0001:00026784       sf_debug_check_for_state_inconsistency 0000000180027784 f   sf_runtime:sf_runtime.dll
 0001:0002678a       sf_debug_symbol_scope_pop  000000018002778a f   sf_runtime:sf_runtime.dll
 0001:00026790       eml_debug_line_call        0000000180027790 f   sf_runtime:sf_runtime.dll
 0001:00026796       cv_eml_eval                0000000180027796 f   sf_runtime:sf_runtime.dll
 0001:0002679c       sf_debug_symbol_scope_add_eml_importable 000000018002779c f   sf_runtime:sf_runtime.dll
 0001:000267a2       sf_debug_symbol_scope_add_eml 00000001800277a2 f   sf_runtime:sf_runtime.dll
 0001:000267a8       sf_debug_symbol_scope_push_eml 00000001800277a8 f   sf_runtime:sf_runtime.dll
 0001:000267ae       sf_debug_data_range_wrapper 00000001800277ae f   sf_runtime:sf_runtime.dll
 0001:000267b4       sf_debug_call              00000001800277b4 f   sf_runtime:sf_runtime.dll
 0001:000267ba       sf_debug_symbol_scope_push 00000001800277ba f   sf_runtime:sf_runtime.dll
 0001:000267c0       sf_clear_rtw_identifier    00000001800277c0 f   sf_runtime:sf_runtime.dll
 0001:000267c6       sf_mex_call_debug          00000001800277c6 f   sf_runtime:sf_runtime.dll
 0001:000267cc       sf_debug_terminate         00000001800277cc f   sf_runtime:sf_runtime.dll
 0001:000267d2       sf_debug_create_debug_instance_struct 00000001800277d2 f   sf_runtime:sf_runtime.dll
 0001:000267d8       sf_debug_api               00000001800277d8 f   sf_runtime:sf_runtime.dll
 0001:000267de       callMdlMethodAndReportError 00000001800277de f   sf_runtime:sf_runtime.dll
 0001:000267e4       call_sf_machine_global_method_dispatcher 00000001800277e4 f   sf_runtime:sf_runtime.dll
 0001:000267ea       sf_clear_error_manager_info 00000001800277ea f   sf_runtime:sf_runtime.dll
 0001:000267f0       sf_mex_error_direct_call   00000001800277f0 f   sf_runtime:sf_runtime.dll
 0001:000267f6       mxCreateDoubleMatrix_730   00000001800277f6 f   libmx:libmx.dll
 0001:000267fc       mxGetScalar                00000001800277fc f   libmx:libmx.dll
 0001:00026802       mxGetString_730            0000000180027802 f   libmx:libmx.dll
 0001:00026808       mxIsChar                   0000000180027808 f   libmx:libmx.dll
 0001:0002680e       mxGetPr                    000000018002780e f   libmx:libmx.dll
 0001:00026814       mxDestroyArray             0000000180027814 f   libmx:libmx.dll
 0001:0002681a       mxDuplicateArray           000000018002781a f   libmx:libmx.dll
 0001:00026820       mxCreateDoubleScalar       0000000180027820 f   libmx:libmx.dll
 0001:00026826       mxSetField_730             0000000180027826 f   libmx:libmx.dll
 0001:0002682c       mxCreateString             000000018002782c f   libmx:libmx.dll
 0001:00026832       mxCreateStructMatrix_730   0000000180027832 f   libmx:libmx.dll
 0001:00026838       mxCreateCellMatrix_730     0000000180027838 f   libmx:libmx.dll
 0001:0002683e       mxGetClassID               000000018002783e f   libmx:libmx.dll
 0001:00026844       mxIsNumeric                0000000180027844 f   libmx:libmx.dll
 0001:0002684a       mxIsComplex                000000018002784a f   libmx:libmx.dll
 0001:00026850       mxGetN                     0000000180027850 f   libmx:libmx.dll
 0001:00026856       mxGetM                     0000000180027856 f   libmx:libmx.dll
 0001:0002685c       mxCalloc                   000000018002785c f   libmx:libmx.dll
 0001:00026862       mexMakeArrayPersistent     0000000180027862 f   libmex:libmex.dll
 0001:00026868       mexUnlock                  0000000180027868 f   libmex:libmex.dll
 0001:0002686e       mexIsLocked                000000018002786e f   libmex:libmex.dll
 0001:00026874       mexWarnMsgTxt              0000000180027874 f   libmex:libmex.dll
 0001:0002687a       mexCallMATLAB              000000018002787a f   libmex:libmex.dll
 0001:00026880       mexErrMsgTxt               0000000180027880 f   libmex:libmex.dll
 0001:00026886       mexLock                    0000000180027886 f   libmex:libmex.dll
 0001:0002688c       utMalloc                   000000018002788c f   libut:libut.dll
 0001:00026892       utFree                     0000000180027892 f   libut:libut.dll
 0001:00026898       muDoubleScalarSin          0000000180027898 f   libmwmathutil:libmwmathutil.dll
 0001:0002689e       muDoubleScalarCos          000000018002789e f   libmwmathutil:libmwmathutil.dll
 0001:000268a4       muDoubleScalarSign         00000001800278a4 f   libmwmathutil:libmwmathutil.dll
 0001:000268aa       muDoubleScalarTanh         00000001800278aa f   libmwmathutil:libmwmathutil.dll
 0001:000268b0       muDoubleScalarAbs          00000001800278b0 f   libmwmathutil:libmwmathutil.dll
 0001:000268b6       muDoubleScalarSqrt         00000001800278b6 f   libmwmathutil:libmwmathutil.dll
 0001:000268bc       __GSHandlerCheckCommon     00000001800278bc f   MSVCRT:gshandler.obj
 0001:00026920       __GSHandlerCheck           0000000180027920 f   MSVCRT:gshandler.obj
 0001:0002693e       strcmp                     000000018002793e f   MSVCRT:MSVCR100.dll
 0001:00026960       __security_check_cookie    0000000180027960 f   MSVCRT:amdsecgs.obj
 0001:00026980       strlen                     0000000180027980 f   MSVCRT:MSVCR100.dll
 0001:00026986       memset                     0000000180027986 f   MSVCRT:MSVCR100.dll
 0001:0002698c       free                       000000018002798c f   MSVCRT:MSVCR100.dll
 0001:00026992       sprintf                    0000000180027992 f   MSVCRT:MSVCR100.dll
 0001:00026998       malloc                     0000000180027998 f   MSVCRT:MSVCR100.dll
 0001:0002699e       strcat                     000000018002799e f   MSVCRT:MSVCR100.dll
 0001:000269a4       memcpy                     00000001800279a4 f   MSVCRT:MSVCR100.dll
 0001:000269ac       NtCurrentTeb               00000001800279ac f i MSVCRT:crtdll.obj
 0001:00026a18       _CRT_INIT                  0000000180027a18 f   MSVCRT:crtdll.obj
 0001:00026db0       _DllMainCRTStartup         0000000180027db0 f   MSVCRT:crtdll.obj
 0001:00026df0       __report_gsfailure         0000000180027df0 f   MSVCRT:gs_report.obj
 0001:00026f3c       __clean_type_info_names    0000000180027f3c f   MSVCRT:tncleanup.obj
 0001:00026f48       _onexit                    0000000180027f48 f   MSVCRT:atonexit.obj
 0001:00026ff8       atexit                     0000000180027ff8 f   MSVCRT:atonexit.obj
 0001:00027010       _RTC_Initialize            0000000180028010 f   MSVCRT:_initsect_.obj
 0001:00027048       _RTC_Terminate             0000000180028048 f   MSVCRT:_initsect_.obj
 0001:00027080       _malloc_crt                0000000180028080 f   MSVCRT:MSVCR100.dll
 0001:00027090       _ValidateImageBase         0000000180028090 f   MSVCRT:pesect.obj
 0001:000270c0       _FindPESection             00000001800280c0 f   MSVCRT:pesect.obj
 0001:00027110       _IsNonwritableInCurrentImage 0000000180028110 f   MSVCRT:pesect.obj
 0001:00027152       _initterm                  0000000180028152 f   MSVCRT:MSVCR100.dll
 0001:00027158       _initterm_e                0000000180028158 f   MSVCRT:MSVCR100.dll
 0001:0002715e       _encoded_null              000000018002815e f   MSVCRT:MSVCR100.dll
 0001:00027164       _amsg_exit                 0000000180028164 f   MSVCRT:MSVCR100.dll
 0001:0002716a       __C_specific_handler       000000018002816a f   MSVCRT:MSVCR100.dll
 0001:00027170       __CppXcptFilter            0000000180028170 f   MSVCRT:MSVCR100.dll
 0001:00027178       DllMain                    0000000180028178 f   MSVCRT:dllmain.obj
 0001:0002719c       __security_init_cookie     000000018002819c f   MSVCRT:gs_support.obj
 0001:00027250       __crt_debugger_hook        0000000180028250 f   MSVCRT:MSVCR100.dll
 0001:00027256       __clean_type_info_names_internal 0000000180028256 f   MSVCRT:MSVCR100.dll
 0001:0002725c       _unlock                    000000018002825c f   MSVCRT:MSVCR100.dll
 0001:00027262       __dllonexit                0000000180028262 f   MSVCRT:MSVCR100.dll
 0001:00027268       _lock                      0000000180028268 f   MSVCRT:MSVCR100.dll
 0001:0002726e       EncodePointer              000000018002826e f   kernel32:KERNEL32.dll
 0001:00027274       DecodePointer              0000000180028274 f   kernel32:KERNEL32.dll
 0001:0002727a       Sleep                      000000018002827a f   kernel32:KERNEL32.dll
 0001:00027280       TerminateProcess           0000000180028280 f   kernel32:KERNEL32.dll
 0001:00027286       GetCurrentProcess          0000000180028286 f   kernel32:KERNEL32.dll
 0001:0002728c       UnhandledExceptionFilter   000000018002828c f   kernel32:KERNEL32.dll
 0001:00027292       SetUnhandledExceptionFilter 0000000180028292 f   kernel32:KERNEL32.dll
 0001:00027298       IsDebuggerPresent          0000000180028298 f   kernel32:KERNEL32.dll
 0001:0002729e       RtlVirtualUnwind           000000018002829e f   kernel32:KERNEL32.dll
 0001:000272a4       RtlLookupFunctionEntry     00000001800282a4 f   kernel32:KERNEL32.dll
 0001:000272aa       RtlCaptureContext          00000001800282aa f   kernel32:KERNEL32.dll
 0001:000272b0       DisableThreadLibraryCalls  00000001800282b0 f   kernel32:KERNEL32.dll
 0001:000272b6       QueryPerformanceCounter    00000001800282b6 f   kernel32:KERNEL32.dll
 0001:000272bc       GetTickCount               00000001800282bc f   kernel32:KERNEL32.dll
 0001:000272c2       GetCurrentThreadId         00000001800282c2 f   kernel32:KERNEL32.dll
 0001:000272c8       GetCurrentProcessId        00000001800282c8 f   kernel32:KERNEL32.dll
 0001:000272ce       GetSystemTimeAsFileTime    00000001800282ce f   kernel32:KERNEL32.dll
 0002:00000000       __imp_GetSystemTimeAsFileTime 0000000180029000     kernel32:KERNEL32.dll
 0002:00000008       __imp_GetCurrentProcessId  0000000180029008     kernel32:KERNEL32.dll
 0002:00000010       __imp_GetCurrentThreadId   0000000180029010     kernel32:KERNEL32.dll
 0002:00000018       __imp_GetTickCount         0000000180029018     kernel32:KERNEL32.dll
 0002:00000020       __imp_QueryPerformanceCounter 0000000180029020     kernel32:KERNEL32.dll
 0002:00000028       __imp_DisableThreadLibraryCalls 0000000180029028     kernel32:KERNEL32.dll
 0002:00000030       __imp_RtlCaptureContext    0000000180029030     kernel32:KERNEL32.dll
 0002:00000038       __imp_RtlLookupFunctionEntry 0000000180029038     kernel32:KERNEL32.dll
 0002:00000040       __imp_RtlVirtualUnwind     0000000180029040     kernel32:KERNEL32.dll
 0002:00000048       __imp_IsDebuggerPresent    0000000180029048     kernel32:KERNEL32.dll
 0002:00000050       __imp_SetUnhandledExceptionFilter 0000000180029050     kernel32:KERNEL32.dll
 0002:00000058       __imp_UnhandledExceptionFilter 0000000180029058     kernel32:KERNEL32.dll
 0002:00000060       __imp_GetCurrentProcess    0000000180029060     kernel32:KERNEL32.dll
 0002:00000068       __imp_TerminateProcess     0000000180029068     kernel32:KERNEL32.dll
 0002:00000070       __imp_Sleep                0000000180029070     kernel32:KERNEL32.dll
 0002:00000078       __imp_DecodePointer        0000000180029078     kernel32:KERNEL32.dll
 0002:00000080       __imp_EncodePointer        0000000180029080     kernel32:KERNEL32.dll
 0002:00000088       \177KERNEL32_NULL_THUNK_DATA 0000000180029088     kernel32:KERNEL32.dll
 0002:00000090       __imp__onexit              0000000180029090     MSVCRT:MSVCR100.dll
 0002:00000098       __imp__lock                0000000180029098     MSVCRT:MSVCR100.dll
 0002:000000a0       __imp___dllonexit          00000001800290a0     MSVCRT:MSVCR100.dll
 0002:000000a8       __imp__unlock              00000001800290a8     MSVCRT:MSVCR100.dll
 0002:000000b0       __imp___clean_type_info_names_internal 00000001800290b0     MSVCRT:MSVCR100.dll
 0002:000000b8       __imp___crt_debugger_hook  00000001800290b8     MSVCRT:MSVCR100.dll
 0002:000000c0       __imp___CppXcptFilter      00000001800290c0     MSVCRT:MSVCR100.dll
 0002:000000c8       __imp___C_specific_handler 00000001800290c8     MSVCRT:MSVCR100.dll
 0002:000000d0       __imp__amsg_exit           00000001800290d0     MSVCRT:MSVCR100.dll
 0002:000000d8       __imp__encoded_null        00000001800290d8     MSVCRT:MSVCR100.dll
 0002:000000e0       __imp__initterm_e          00000001800290e0     MSVCRT:MSVCR100.dll
 0002:000000e8       __imp__initterm            00000001800290e8     MSVCRT:MSVCR100.dll
 0002:000000f0       __imp__malloc_crt          00000001800290f0     MSVCRT:MSVCR100.dll
 0002:000000f8       __imp_memcpy               00000001800290f8     MSVCRT:MSVCR100.dll
 0002:00000100       __imp_strcat               0000000180029100     MSVCRT:MSVCR100.dll
 0002:00000108       __imp_malloc               0000000180029108     MSVCRT:MSVCR100.dll
 0002:00000110       __imp_sprintf              0000000180029110     MSVCRT:MSVCR100.dll
 0002:00000118       __imp_free                 0000000180029118     MSVCRT:MSVCR100.dll
 0002:00000120       __imp_memset               0000000180029120     MSVCRT:MSVCR100.dll
 0002:00000128       __imp_strlen               0000000180029128     MSVCRT:MSVCR100.dll
 0002:00000130       __imp_strcmp               0000000180029130     MSVCRT:MSVCR100.dll
 0002:00000138       \177MSVCR100_NULL_THUNK_DATA 0000000180029138     MSVCRT:MSVCR100.dll
 0002:00000140       __imp_mexUnlock            0000000180029140     libmex:libmex.dll
 0002:00000148       __imp_mexIsLocked          0000000180029148     libmex:libmex.dll
 0002:00000150       __imp_mexWarnMsgTxt        0000000180029150     libmex:libmex.dll
 0002:00000158       __imp_mexCallMATLAB        0000000180029158     libmex:libmex.dll
 0002:00000160       __imp_mexErrMsgTxt         0000000180029160     libmex:libmex.dll
 0002:00000168       __imp_mexLock              0000000180029168     libmex:libmex.dll
 0002:00000170       __imp_mexMakeArrayPersistent 0000000180029170     libmex:libmex.dll
 0002:00000178       \177libmex_NULL_THUNK_DATA 0000000180029178     libmex:libmex.dll
 0002:00000180       __imp_muDoubleScalarCos    0000000180029180     libmwmathutil:libmwmathutil.dll
 0002:00000188       __imp_muDoubleScalarSign   0000000180029188     libmwmathutil:libmwmathutil.dll
 0002:00000190       __imp_muDoubleScalarTanh   0000000180029190     libmwmathutil:libmwmathutil.dll
 0002:00000198       __imp_muDoubleScalarAbs    0000000180029198     libmwmathutil:libmwmathutil.dll
 0002:000001a0       __imp_muDoubleScalarSqrt   00000001800291a0     libmwmathutil:libmwmathutil.dll
 0002:000001a8       __imp_muDoubleScalarSin    00000001800291a8     libmwmathutil:libmwmathutil.dll
 0002:000001b0       \177libmwmathutil_NULL_THUNK_DATA 00000001800291b0     libmwmathutil:libmwmathutil.dll
 0002:000001b8       __imp_mxCalloc             00000001800291b8     libmx:libmx.dll
 0002:000001c0       __imp_mxGetM               00000001800291c0     libmx:libmx.dll
 0002:000001c8       __imp_mxGetN               00000001800291c8     libmx:libmx.dll
 0002:000001d0       __imp_mxIsComplex          00000001800291d0     libmx:libmx.dll
 0002:000001d8       __imp_mxIsNumeric          00000001800291d8     libmx:libmx.dll
 0002:000001e0       __imp_mxGetClassID         00000001800291e0     libmx:libmx.dll
 0002:000001e8       __imp_mxCreateCellMatrix_730 00000001800291e8     libmx:libmx.dll
 0002:000001f0       __imp_mxCreateDoubleMatrix_730 00000001800291f0     libmx:libmx.dll
 0002:000001f8       __imp_mxGetScalar          00000001800291f8     libmx:libmx.dll
 0002:00000200       __imp_mxGetString_730      0000000180029200     libmx:libmx.dll
 0002:00000208       __imp_mxIsChar             0000000180029208     libmx:libmx.dll
 0002:00000210       __imp_mxGetPr              0000000180029210     libmx:libmx.dll
 0002:00000218       __imp_mxDestroyArray       0000000180029218     libmx:libmx.dll
 0002:00000220       __imp_mxDuplicateArray     0000000180029220     libmx:libmx.dll
 0002:00000228       __imp_mxCreateDoubleScalar 0000000180029228     libmx:libmx.dll
 0002:00000230       __imp_mxSetField_730       0000000180029230     libmx:libmx.dll
 0002:00000238       __imp_mxCreateString       0000000180029238     libmx:libmx.dll
 0002:00000240       __imp_mxCreateStructMatrix_730 0000000180029240     libmx:libmx.dll
 0002:00000248       \177libmx_NULL_THUNK_DATA  0000000180029248     libmx:libmx.dll
 0002:00000250       __imp_utMalloc             0000000180029250     libut:libut.dll
 0002:00000258       __imp_utFree               0000000180029258     libut:libut.dll
 0002:00000260       \177libut_NULL_THUNK_DATA  0000000180029260     libut:libut.dll
 0002:00000268       __imp_call_sf_machine_global_method_dispatcher 0000000180029268     sf_runtime:sf_runtime.dll
 0002:00000270       __imp_callMdlMethodAndReportError 0000000180029270     sf_runtime:sf_runtime.dll
 0002:00000278       __imp_sf_debug_api         0000000180029278     sf_runtime:sf_runtime.dll
 0002:00000280       __imp_sf_debug_create_debug_instance_struct 0000000180029280     sf_runtime:sf_runtime.dll
 0002:00000288       __imp_sf_debug_terminate   0000000180029288     sf_runtime:sf_runtime.dll
 0002:00000290       __imp_sf_mex_call_debug    0000000180029290     sf_runtime:sf_runtime.dll
 0002:00000298       __imp_sf_clear_error_manager_info 0000000180029298     sf_runtime:sf_runtime.dll
 0002:000002a0       __imp_sf_debug_symbol_scope_push 00000001800292a0     sf_runtime:sf_runtime.dll
 0002:000002a8       __imp_sf_debug_call        00000001800292a8     sf_runtime:sf_runtime.dll
 0002:000002b0       __imp_sf_debug_data_range_wrapper 00000001800292b0     sf_runtime:sf_runtime.dll
 0002:000002b8       __imp_sf_debug_symbol_scope_push_eml 00000001800292b8     sf_runtime:sf_runtime.dll
 0002:000002c0       __imp_sf_debug_symbol_scope_add_eml 00000001800292c0     sf_runtime:sf_runtime.dll
 0002:000002c8       __imp_sf_debug_symbol_scope_add_eml_importable 00000001800292c8     sf_runtime:sf_runtime.dll
 0002:000002d0       __imp_sf_mex_error_direct_call 00000001800292d0     sf_runtime:sf_runtime.dll
 0002:000002d8       __imp_sf_clear_rtw_identifier 00000001800292d8     sf_runtime:sf_runtime.dll
 0002:000002e0       __imp_cv_eml_eval          00000001800292e0     sf_runtime:sf_runtime.dll
 0002:000002e8       __imp_eml_debug_line_call  00000001800292e8     sf_runtime:sf_runtime.dll
 0002:000002f0       __imp_sf_debug_symbol_scope_pop 00000001800292f0     sf_runtime:sf_runtime.dll
 0002:000002f8       __imp_sf_debug_check_for_state_inconsistency 00000001800292f8     sf_runtime:sf_runtime.dll
 0002:00000300       __imp_sf_get_time          0000000180029300     sf_runtime:sf_runtime.dll
 0002:00000308       __imp_sf_debug_initialize_chart 0000000180029308     sf_runtime:sf_runtime.dll
 0002:00000310       __imp_sf_debug_set_chart_disable_implicit_casting 0000000180029310     sf_runtime:sf_runtime.dll
 0002:00000318       __imp_sf_debug_set_chart_event_thresholds 0000000180029318     sf_runtime:sf_runtime.dll
 0002:00000320       __imp_sf_debug_set_chart_data_props 0000000180029320     sf_runtime:sf_runtime.dll
 0002:00000328       __imp_sf_debug_set_chart_state_info 0000000180029328     sf_runtime:sf_runtime.dll
 0002:00000330       __imp_sf_debug_set_chart_substate_count 0000000180029330     sf_runtime:sf_runtime.dll
 0002:00000338       __imp_sf_debug_set_chart_decomposition 0000000180029338     sf_runtime:sf_runtime.dll
 0002:00000340       __imp_sf_debug_cv_init_chart 0000000180029340     sf_runtime:sf_runtime.dll
 0002:00000348       __imp_sf_debug_cv_init_state 0000000180029348     sf_runtime:sf_runtime.dll
 0002:00000350       __imp_sf_debug_cv_init_trans 0000000180029350     sf_runtime:sf_runtime.dll
 0002:00000358       __imp_cv_eml_init_script   0000000180029358     sf_runtime:sf_runtime.dll
 0002:00000360       __imp_cv_eml_init_fcn      0000000180029360     sf_runtime:sf_runtime.dll
 0002:00000368       __imp_sf_debug_set_chart_data_compiled_props 0000000180029368     sf_runtime:sf_runtime.dll
 0002:00000370       __imp_sf_debug_set_instance_data_value_ptr 0000000180029370     sf_runtime:sf_runtime.dll
 0002:00000378       __imp_sf_debug_reset_current_state_configuration 0000000180029378     sf_runtime:sf_runtime.dll
 0002:00000380       __imp_sim_mode_is_rtw_gen  0000000180029380     sf_runtime:sf_runtime.dll
 0002:00000388       __imp_sim_mode_is_external 0000000180029388     sf_runtime:sf_runtime.dll
 0002:00000390       __imp_sf_is_chart_inlinable 0000000180029390     sf_runtime:sf_runtime.dll
 0002:00000398       __imp_sf_rtw_info_uint_prop 0000000180029398     sf_runtime:sf_runtime.dll
 0002:000003a0       __imp_sf_update_buildInfo  00000001800293a0     sf_runtime:sf_runtime.dll
 0002:000003a8       __imp_sf_mark_chart_expressionable_inputs 00000001800293a8     sf_runtime:sf_runtime.dll
 0002:000003b0       __imp_sf_mark_chart_reusable_outputs 00000001800293b0     sf_runtime:sf_runtime.dll
 0002:000003b8       __imp_sf_set_rtw_dwork_info 00000001800293b8     sf_runtime:sf_runtime.dll
 0002:000003c0       __imp_sf_mex_import        00000001800293c0     sf_runtime:sf_runtime.dll
 0002:000003c8       __imp_sf_mex_dup           00000001800293c8     sf_runtime:sf_runtime.dll
 0002:000003d0       __imp_sf_mex_getcell       00000001800293d0     sf_runtime:sf_runtime.dll
 0002:000003d8       __imp_sf_mex_decode_encoded_mx_struct_array 00000001800293d8     sf_runtime:sf_runtime.dll
 0002:000003e0       __imp_sf_mex_setcell       00000001800293e0     sf_runtime:sf_runtime.dll
 0002:000003e8       __imp_sf_mex_call_matlab   00000001800293e8     sf_runtime:sf_runtime.dll
 0002:000003f0       __imp_sf_mex_error_message 00000001800293f0     sf_runtime:sf_runtime.dll
 0002:000003f8       __imp_sf_mex_create        00000001800293f8     sf_runtime:sf_runtime.dll
 0002:00000400       __imp_sf_mex_addfield      0000000180029400     sf_runtime:sf_runtime.dll
 0002:00000408       __imp_sf_mex_createcellmatrix 0000000180029408     sf_runtime:sf_runtime.dll
 0002:00000410       __imp_sf_mex_duplicatearraysafe 0000000180029410     sf_runtime:sf_runtime.dll
 0002:00000418       __imp_sf_mex_destroy       0000000180029418     sf_runtime:sf_runtime.dll
 0002:00000420       __imp_sf_mex_createstruct  0000000180029420     sf_runtime:sf_runtime.dll
 0002:00000428       __imp_sf_mex_assign        0000000180029428     sf_runtime:sf_runtime.dll
 0002:00000430       __imp_sf_mex_emlrtNameCapturePostProcessR2012a 0000000180029430     sf_runtime:sf_runtime.dll
 0002:00000438       __imp_sf_load_rtw_optimization_info 0000000180029438     sf_runtime:sf_runtime.dll
 0002:00000440       __imp_sf_debug_initialize_machine 0000000180029440     sf_runtime:sf_runtime.dll
 0002:00000448       __imp_sf_debug_set_machine_event_thresholds 0000000180029448     sf_runtime:sf_runtime.dll
 0002:00000450       __imp_sf_debug_set_machine_data_thresholds 0000000180029450     sf_runtime:sf_runtime.dll
 0002:00000458       \177sf_runtime_NULL_THUNK_DATA 0000000180029458     sf_runtime:sf_runtime.dll
 0002:00000460       __xc_a                     0000000180029460     MSVCRT:cinitexe.obj
 0002:00000468       __xc_z                     0000000180029468     MSVCRT:cinitexe.obj
 0002:00000470       __xi_a                     0000000180029470     MSVCRT:cinitexe.obj
 0002:00000480       __xi_z                     0000000180029480     MSVCRT:cinitexe.obj
 0002:00000490       __real@41d787d847000000    0000000180029490     tracking_sfun.obj
 0002:00000498       __real@41bce9561c000000    0000000180029498     tracking_sfun.obj
 0002:000004a0       __real@41e3507578200000    00000001800294a0     tracking_sfun.obj
 0002:000004a8       __real@41c2196ee5800000    00000001800294a8     tracking_sfun.obj
 0002:000004b0       __real@41ad4b2baa000000    00000001800294b0     tracking_sfun.obj
 0002:000004b8       __real@41e4f54984000000    00000001800294b8     tracking_sfun.obj
 0002:000004c0       __real@41e2ce78c3a00000    00000001800294c0     tracking_sfun.obj
 0002:000004c8       __real@41e6fa90b7000000    00000001800294c8     tracking_sfun.obj
 0002:000004d0       __real@41e42ab7fec00000    00000001800294d0     tracking_sfun.obj
 0002:000004d8       __real@41e727c388000000    00000001800294d8     tracking_sfun.obj
 0002:000004e0       __real@41ec68f9fda00000    00000001800294e0     tracking_sfun.obj
 0002:000004e8       __real@418829ce68000000    00000001800294e8     tracking_sfun.obj
 0002:000004f0       __real@41e3ec4b65600000    00000001800294f0     tracking_sfun.obj
 0002:000004f8       __real@41e4075848e00000    00000001800294f8     tracking_sfun.obj
 0002:00000500       __real@41d2ab791e000000    0000000180029500     tracking_sfun.obj
 0002:00000508       __real@41eee875a5200000    0000000180029508     tracking_sfun.obj
 0002:00000510       __real@41c1090f32000000    0000000180029510     c1_tracking.obj
 0002:00000518       __real@41c78084fa000000    0000000180029518     c1_tracking.obj
 0002:00000520       __real@412713de00000000    0000000180029520     c1_tracking.obj
 0002:00000528       __real@41e0510d1ec00000    0000000180029528     c1_tracking.obj
 0002:00000530       __real@4024000000000000    0000000180029530     c1_tracking.obj
 0002:00000538       __real@3ff0000000000000    0000000180029538     c1_tracking.obj
 0002:00000540       __real@4007878787878787    0000000180029540     c1_tracking.obj
 0002:00000548       __real@3fe0000000000000    0000000180029548     c1_tracking.obj
 0002:00000550       __real@3fd5c28f5c28f5c3    0000000180029550     c1_tracking.obj
 0002:00000558       __real@4000000000000000    0000000180029558     c1_tracking.obj
 0002:00000560       __real@41ebbb6516800000    0000000180029560     c3_tracking.obj
 0002:00000568       __real@41dcc670df400000    0000000180029568     c3_tracking.obj
 0002:00000570       __real@41b0a90ba6000000    0000000180029570     c3_tracking.obj
 0002:00000578       __real@41cc853328000000    0000000180029578     c3_tracking.obj
 0002:00000580       __real@41daefa251000000    0000000180029580     c4_tracking.obj
 0002:00000588       __real@41ce677a61000000    0000000180029588     c4_tracking.obj
 0002:00000590       __real@41ea10c5f1a00000    0000000180029590     c4_tracking.obj
 0002:00000598       __real@41c4b282d2000000    0000000180029598     c4_tracking.obj
 0002:000005a0       __real@4008000000000000    00000001800295a0     c4_tracking.obj
 0002:000005a8       __real@41b8fc9b9a000000    00000001800295a8     c7_tracking.obj
 0002:000005b0       __real@41cf57d237000000    00000001800295b0     c7_tracking.obj
 0002:000005b8       __real@41c292bcf8000000    00000001800295b8     c7_tracking.obj
 0002:000005c0       __real@41c1eca5d8800000    00000001800295c0     c7_tracking.obj
 0002:000005c8       __real@41e20b6fc8200000    00000001800295c8     c9_tracking.obj
 0002:000005d0       __real@41e7f982fb600000    00000001800295d0     c9_tracking.obj
 0002:000005d8       __real@41ec78bb60400000    00000001800295d8     c9_tracking.obj
 0002:000005e0       __real@41e88c5222400000    00000001800295e0     c9_tracking.obj
 0002:000005e8       __real@3fe8000000000000    00000001800295e8     c9_tracking.obj
 0002:000005f0       __mask@@NegDouble@         00000001800295f0     c9_tracking.obj
 0002:00000600       __real@bfeccccccccccccd    0000000180029600     c9_tracking.obj
 0002:00000608       __real@3fc5c28f5c28f5c3    0000000180029608     c9_tracking.obj
 0002:00000610       __real@3fe6666666666666    0000000180029610     c9_tracking.obj
 0002:00000618       __real@3feccccccccccccd    0000000180029618     c9_tracking.obj
 0002:00000620       __real@3fa999999999999a    0000000180029620     c9_tracking.obj
 0002:00000628       __real@3f847ae147ae147b    0000000180029628     c9_tracking.obj
 0002:00000630       __real@3ff8000000000000    0000000180029630     c9_tracking.obj
 0002:00000638       __real@3fd3333333333333    0000000180029638     c9_tracking.obj
 0002:00000640       __real@4010000000000000    0000000180029640     c9_tracking.obj
 0002:00000648       __real@41be1fcac6000000    0000000180029648     c14_tracking.obj
 0002:00000650       __real@41da1a2fb4000000    0000000180029650     c14_tracking.obj
 0002:00000658       __real@41d370f1ecc00000    0000000180029658     c14_tracking.obj
 0002:00000660       __real@41ec12d6fca00000    0000000180029660     c14_tracking.obj
 0002:00000670       DYNAMIC_DIMENSION_DEF      0000000180029670     tracking_sfun_registry.obj
 0002:00000690       _ssBadLevel2InputAccessMsg 0000000180029690     tracking_sfun_registry.obj
 0002:00000820       _ssBadLevel2DirectFeedMsg  0000000180029820     tracking_sfun_registry.obj
 0002:00000960       _ssBadLevel2DirectFeedSolutionMsg 0000000180029960     tracking_sfun_registry.obj
 0002:000009d0       _ssBadLevel2ZeroDirectFeedMsg 00000001800299d0     tracking_sfun_registry.obj
 0002:00000b10       _ssBadLevel2ZeroDirectFeedMsg2 0000000180029b10     tracking_sfun_registry.obj
 0002:00000bf8       __real@0000000000000000    0000000180029bf8     tracking_sfun_registry.obj
 0002:00000c00       __real@bff0000000000000    0000000180029c00     tracking_sfun_registry.obj
 0002:00000c08       __real@41602cbca0000000    0000000180029c08     tracking_sfun_registry.obj
 0002:00000c10       _pRawDllMain               0000000180029c10     MSVCRT:crtdll.obj
 0002:00000c10       _pDefaultRawDllMain        0000000180029c10     MSVCRT:crtdll.obj
 0002:00000c28       ?ProcessDetach@NativeDll@<CrtImplementationDetails>@@0IB 0000000180029c28     MSVCRT:tncleanup.obj
 0002:00000c2c       ?ProcessAttach@NativeDll@<CrtImplementationDetails>@@0IB 0000000180029c2c     MSVCRT:tncleanup.obj
 0002:00000c30       ?ThreadAttach@NativeDll@<CrtImplementationDetails>@@0IB 0000000180029c30     MSVCRT:tncleanup.obj
 0002:00000c34       ?ThreadDetach@NativeDll@<CrtImplementationDetails>@@0IB 0000000180029c34     MSVCRT:tncleanup.obj
 0002:00000c38       ?ProcessVerifier@NativeDll@<CrtImplementationDetails>@@0IB 0000000180029c38     MSVCRT:tncleanup.obj
 0002:00000c40       __rtc_iaa                  0000000180029c40     MSVCRT:_initsect_.obj
 0002:00000c48       __rtc_izz                  0000000180029c48     MSVCRT:_initsect_.obj
 0002:00000c50       __rtc_taa                  0000000180029c50     MSVCRT:_initsect_.obj
 0002:00000c58       __rtc_tzz                  0000000180029c58     MSVCRT:_initsect_.obj
 0002:00001918       __IMPORT_DESCRIPTOR_sf_runtime 000000018002a918     sf_runtime:sf_runtime.dll
 0002:0000192c       __IMPORT_DESCRIPTOR_libmx  000000018002a92c     libmx:libmx.dll
 0002:00001940       __IMPORT_DESCRIPTOR_libmex 000000018002a940     libmex:libmex.dll
 0002:00001954       __IMPORT_DESCRIPTOR_libut  000000018002a954     libut:libut.dll
 0002:00001968       __IMPORT_DESCRIPTOR_libmwmathutil 000000018002a968     libmwmathutil:libmwmathutil.dll
 0002:0000197c       __IMPORT_DESCRIPTOR_MSVCR100 000000018002a97c     MSVCRT:MSVCR100.dll
 0002:00001990       __IMPORT_DESCRIPTOR_KERNEL32 000000018002a990     kernel32:KERNEL32.dll
 0002:000019a4       __NULL_IMPORT_DESCRIPTOR   000000018002a9a4     sf_runtime:sf_runtime.dll
 0003:00008540       DYNAMIC_DIMENSION          0000000180034540     tracking_sfun_registry.obj
 0003:00009148       __security_cookie          0000000180035148     MSVCRT:gs_cookie.obj
 0003:00009150       __security_cookie_complement 0000000180035150     MSVCRT:gs_cookie.obj
 0003:00009158       _fltused                   0000000180035158     MSVCRT:dllsupp.obj
 0003:00009160       __native_dllmain_reason    0000000180035160     MSVCRT:natstart.obj
 0003:00009164       __native_vcclrit_reason    0000000180035164     MSVCRT:natstart.obj
 0003:000092a8       sfGlobalDebugInstanceStruct 00000001800352a8     tracking_sfun_registry.obj
 0003:00009830       ?__type_info_root_node@@3U__type_info_node@@A 0000000180035830     MSVCRT:tncleanup.obj
 0003:00009840       _trackingMachineNumber_    0000000180035840     <common>
 0003:00009844       __native_startup_state     0000000180035844     <common>
 0003:00009848       __native_startup_lock      0000000180035848     <common>
 0003:00009850       __onexitend                0000000180035850     <common>
 0003:00009858       __onexitbegin              0000000180035858     <common>
 0003:00009860       __dyn_tls_init_callback    0000000180035860     <common>

 entry point at        0001:00026db0

 Static symbols

 0001:00001370       c1_info_helper             0000000180002370 f   c1_tracking.obj
 0001:00002440       c1_emlrt_marshallOut       0000000180003440 f   c1_tracking.obj
 0001:000024d0       c1_b_emlrt_marshallOut     00000001800034d0 f   c1_tracking.obj
 0001:00002de0       get_sim_state_c1_tracking  0000000180003de0 f   c1_tracking.obj
 0001:00003050       sf_get_sim_state_info_c1_tracking 0000000180004050 f   c1_tracking.obj
 0001:00003220       set_sim_state_c1_tracking  0000000180004220 f   c1_tracking.obj
 0001:00003340       c1_update_debugger_state_c1_tracking 0000000180004340 f   c1_tracking.obj
 0001:00003350       c1_emlrt_marshallIn        0000000180004350 f   c1_tracking.obj
 0001:000033c0       c1_b_emlrt_marshallIn      00000001800043c0 f   c1_tracking.obj
 0001:00003450       c1_d_emlrt_marshallIn      0000000180004450 f   c1_tracking.obj
 0001:000034b0       c1_e_emlrt_marshallIn      00000001800044b0 f   c1_tracking.obj
 0001:000035b0       mdlProcessParameters_c1_tracking 00000001800045b0 f   c1_tracking.obj
 0001:00003690       initialize_params_c1_tracking 0000000180004690 f   c1_tracking.obj
 0001:000036a0       mdlSetWorkWidths_c1_tracking 00000001800046a0 f   c1_tracking.obj
 0001:00003ba0       sf_get_instance_specialization 0000000180004ba0 f   c1_tracking.obj
 0001:00003bb0       mdlStart_c1_tracking       0000000180004bb0 f   c1_tracking.obj
 0001:00003de0       init_dsm_address_info      0000000180004de0 f   c1_tracking.obj
 0001:00003df0       chart_debug_initialization 0000000180004df0 f   c1_tracking.obj
 0001:000047f0       init_script_number_translation 00000001800057f0 f   c1_tracking.obj
 0001:00004810       c1_sf_marshallOut          0000000180005810 f   c1_tracking.obj
 0001:000048c0       c1_sf_marshallIn           00000001800058c0 f   c1_tracking.obj
 0001:00004960       sf_opaque_initialize_c1_tracking 0000000180005960 f   c1_tracking.obj
 0001:000049a0       initialize_c1_tracking     00000001800059a0 f   c1_tracking.obj
 0001:000049f0       sf_opaque_enable_c1_tracking 00000001800059f0 f   c1_tracking.obj
 0001:00004a10       enable_c1_tracking         0000000180005a10 f   c1_tracking.obj
 0001:00004a40       sf_opaque_disable_c1_tracking 0000000180005a40 f   c1_tracking.obj
 0001:00004a60       disable_c1_tracking        0000000180005a60 f   c1_tracking.obj
 0001:00004a90       sf_opaque_gateway_c1_tracking 0000000180005a90 f   c1_tracking.obj
 0001:00004ab0       sf_gateway_c1_tracking     0000000180005ab0 f   c1_tracking.obj
 0001:000052e0       sf_opaque_get_sim_state_c1_tracking 00000001800062e0 f   c1_tracking.obj
 0001:00005300       sf_opaque_set_sim_state_c1_tracking 0000000180006300 f   c1_tracking.obj
 0001:00005330       sf_opaque_terminate_c1_tracking 0000000180006330 f   c1_tracking.obj
 0001:000053d0       finalize_c1_tracking       00000001800063d0 f   c1_tracking.obj
 0001:000053e0       sf_opaque_init_subchart_simstructs 00000001800063e0 f   c1_tracking.obj
 0001:00005400       initSimStructsc1_tracking  0000000180006400 f   c1_tracking.obj
 0001:00005410       mdlRTW_c1_tracking         0000000180006410 f   c1_tracking.obj
 0001:000054c0       c3_info_helper             00000001800064c0 f   c3_tracking.obj
 0001:00006590       c3_emlrt_marshallOut       0000000180007590 f   c3_tracking.obj
 0001:00006620       c3_b_emlrt_marshallOut     0000000180007620 f   c3_tracking.obj
 0001:00006f30       get_sim_state_c3_tracking  0000000180007f30 f   c3_tracking.obj
 0001:000071a0       sf_get_sim_state_info_c3_tracking 00000001800081a0 f   c3_tracking.obj
 0001:00007370       set_sim_state_c3_tracking  0000000180008370 f   c3_tracking.obj
 0001:00007490       c3_update_debugger_state_c3_tracking 0000000180008490 f   c3_tracking.obj
 0001:000074a0       c3_emlrt_marshallIn        00000001800084a0 f   c3_tracking.obj
 0001:00007510       c3_b_emlrt_marshallIn      0000000180008510 f   c3_tracking.obj
 0001:000075a0       c3_d_emlrt_marshallIn      00000001800085a0 f   c3_tracking.obj
 0001:00007600       c3_e_emlrt_marshallIn      0000000180008600 f   c3_tracking.obj
 0001:00007700       mdlProcessParameters_c3_tracking 0000000180008700 f   c3_tracking.obj
 0001:000077e0       initialize_params_c3_tracking 00000001800087e0 f   c3_tracking.obj
 0001:000077f0       mdlSetWorkWidths_c3_tracking 00000001800087f0 f   c3_tracking.obj
 0001:00007cf0       sf_get_instance_specialization 0000000180008cf0 f   c3_tracking.obj
 0001:00007d00       mdlStart_c3_tracking       0000000180008d00 f   c3_tracking.obj
 0001:00007f30       init_dsm_address_info      0000000180008f30 f   c3_tracking.obj
 0001:00007f40       chart_debug_initialization 0000000180008f40 f   c3_tracking.obj
 0001:00008940       init_script_number_translation 0000000180009940 f   c3_tracking.obj
 0001:00008960       c3_sf_marshallOut          0000000180009960 f   c3_tracking.obj
 0001:00008a10       c3_sf_marshallIn           0000000180009a10 f   c3_tracking.obj
 0001:00008ab0       sf_opaque_initialize_c3_tracking 0000000180009ab0 f   c3_tracking.obj
 0001:00008af0       initialize_c3_tracking     0000000180009af0 f   c3_tracking.obj
 0001:00008b40       sf_opaque_enable_c3_tracking 0000000180009b40 f   c3_tracking.obj
 0001:00008b60       enable_c3_tracking         0000000180009b60 f   c3_tracking.obj
 0001:00008b90       sf_opaque_disable_c3_tracking 0000000180009b90 f   c3_tracking.obj
 0001:00008bb0       disable_c3_tracking        0000000180009bb0 f   c3_tracking.obj
 0001:00008be0       sf_opaque_gateway_c3_tracking 0000000180009be0 f   c3_tracking.obj
 0001:00008c00       sf_gateway_c3_tracking     0000000180009c00 f   c3_tracking.obj
 0001:000094e0       sf_opaque_get_sim_state_c3_tracking 000000018000a4e0 f   c3_tracking.obj
 0001:00009500       sf_opaque_set_sim_state_c3_tracking 000000018000a500 f   c3_tracking.obj
 0001:00009530       sf_opaque_terminate_c3_tracking 000000018000a530 f   c3_tracking.obj
 0001:000095d0       finalize_c3_tracking       000000018000a5d0 f   c3_tracking.obj
 0001:000095e0       sf_opaque_init_subchart_simstructs 000000018000a5e0 f   c3_tracking.obj
 0001:00009600       initSimStructsc3_tracking  000000018000a600 f   c3_tracking.obj
 0001:00009610       mdlRTW_c3_tracking         000000018000a610 f   c3_tracking.obj
 0001:000096c0       c4_info_helper             000000018000a6c0 f   c4_tracking.obj
 0001:0000a040       c4_emlrt_marshallOut       000000018000b040 f   c4_tracking.obj
 0001:0000a0d0       c4_b_emlrt_marshallOut     000000018000b0d0 f   c4_tracking.obj
 0001:0000ac70       get_sim_state_c4_tracking  000000018000bc70 f   c4_tracking.obj
 0001:0000af90       sf_get_sim_state_info_c4_tracking 000000018000bf90 f   c4_tracking.obj
 0001:0000b160       set_sim_state_c4_tracking  000000018000c160 f   c4_tracking.obj
 0001:0000b2d0       c4_update_debugger_state_c4_tracking 000000018000c2d0 f   c4_tracking.obj
 0001:0000b2e0       c4_emlrt_marshallIn        000000018000c2e0 f   c4_tracking.obj
 0001:0000b350       c4_b_emlrt_marshallIn      000000018000c350 f   c4_tracking.obj
 0001:0000b3e0       c4_d_emlrt_marshallIn      000000018000c3e0 f   c4_tracking.obj
 0001:0000b440       c4_e_emlrt_marshallIn      000000018000c440 f   c4_tracking.obj
 0001:0000b540       mdlProcessParameters_c4_tracking 000000018000c540 f   c4_tracking.obj
 0001:0000b620       initialize_params_c4_tracking 000000018000c620 f   c4_tracking.obj
 0001:0000b630       mdlSetWorkWidths_c4_tracking 000000018000c630 f   c4_tracking.obj
 0001:0000bb60       sf_get_instance_specialization 000000018000cb60 f   c4_tracking.obj
 0001:0000bb70       mdlStart_c4_tracking       000000018000cb70 f   c4_tracking.obj
 0001:0000bda0       init_dsm_address_info      000000018000cda0 f   c4_tracking.obj
 0001:0000bdb0       chart_debug_initialization 000000018000cdb0 f   c4_tracking.obj
 0001:0000ca80       init_script_number_translation 000000018000da80 f   c4_tracking.obj
 0001:0000caa0       c4_sf_marshallOut          000000018000daa0 f   c4_tracking.obj
 0001:0000cb50       c4_sf_marshallIn           000000018000db50 f   c4_tracking.obj
 0001:0000cbf0       sf_opaque_initialize_c4_tracking 000000018000dbf0 f   c4_tracking.obj
 0001:0000cc30       initialize_c4_tracking     000000018000dc30 f   c4_tracking.obj
 0001:0000cc80       sf_opaque_enable_c4_tracking 000000018000dc80 f   c4_tracking.obj
 0001:0000cca0       enable_c4_tracking         000000018000dca0 f   c4_tracking.obj
 0001:0000ccd0       sf_opaque_disable_c4_tracking 000000018000dcd0 f   c4_tracking.obj
 0001:0000ccf0       disable_c4_tracking        000000018000dcf0 f   c4_tracking.obj
 0001:0000cd20       sf_opaque_gateway_c4_tracking 000000018000dd20 f   c4_tracking.obj
 0001:0000cd40       sf_gateway_c4_tracking     000000018000dd40 f   c4_tracking.obj
 0001:0000d700       sf_opaque_get_sim_state_c4_tracking 000000018000e700 f   c4_tracking.obj
 0001:0000d720       sf_opaque_set_sim_state_c4_tracking 000000018000e720 f   c4_tracking.obj
 0001:0000d750       sf_opaque_terminate_c4_tracking 000000018000e750 f   c4_tracking.obj
 0001:0000d7f0       finalize_c4_tracking       000000018000e7f0 f   c4_tracking.obj
 0001:0000d800       sf_opaque_init_subchart_simstructs 000000018000e800 f   c4_tracking.obj
 0001:0000d820       initSimStructsc4_tracking  000000018000e820 f   c4_tracking.obj
 0001:0000d830       mdlRTW_c4_tracking         000000018000e830 f   c4_tracking.obj
 0001:0000d8e0       c7_info_helper             000000018000e8e0 f   c7_tracking.obj
 0001:0000e260       c7_emlrt_marshallOut       000000018000f260 f   c7_tracking.obj
 0001:0000e2f0       c7_b_emlrt_marshallOut     000000018000f2f0 f   c7_tracking.obj
 0001:0000ee90       get_sim_state_c7_tracking  000000018000fe90 f   c7_tracking.obj
 0001:0000f1c0       sf_get_sim_state_info_c7_tracking 00000001800101c0 f   c7_tracking.obj
 0001:0000f390       set_sim_state_c7_tracking  0000000180010390 f   c7_tracking.obj
 0001:0000f500       c7_update_debugger_state_c7_tracking 0000000180010500 f   c7_tracking.obj
 0001:0000f510       c7_emlrt_marshallIn        0000000180010510 f   c7_tracking.obj
 0001:0000f580       c7_b_emlrt_marshallIn      0000000180010580 f   c7_tracking.obj
 0001:0000f610       c7_d_emlrt_marshallIn      0000000180010610 f   c7_tracking.obj
 0001:0000f670       c7_e_emlrt_marshallIn      0000000180010670 f   c7_tracking.obj
 0001:0000f770       mdlProcessParameters_c7_tracking 0000000180010770 f   c7_tracking.obj
 0001:0000f850       initialize_params_c7_tracking 0000000180010850 f   c7_tracking.obj
 0001:0000f860       mdlSetWorkWidths_c7_tracking 0000000180010860 f   c7_tracking.obj
 0001:0000fd90       sf_get_instance_specialization 0000000180010d90 f   c7_tracking.obj
 0001:0000fda0       mdlStart_c7_tracking       0000000180010da0 f   c7_tracking.obj
 0001:0000ffd0       init_dsm_address_info      0000000180010fd0 f   c7_tracking.obj
 0001:0000ffe0       chart_debug_initialization 0000000180010fe0 f   c7_tracking.obj
 0001:00010cb0       init_script_number_translation 0000000180011cb0 f   c7_tracking.obj
 0001:00010cd0       c7_sf_marshallOut          0000000180011cd0 f   c7_tracking.obj
 0001:00010d80       c7_sf_marshallIn           0000000180011d80 f   c7_tracking.obj
 0001:00010e20       sf_opaque_initialize_c7_tracking 0000000180011e20 f   c7_tracking.obj
 0001:00010e60       initialize_c7_tracking     0000000180011e60 f   c7_tracking.obj
 0001:00010eb0       sf_opaque_enable_c7_tracking 0000000180011eb0 f   c7_tracking.obj
 0001:00010ed0       enable_c7_tracking         0000000180011ed0 f   c7_tracking.obj
 0001:00010f00       sf_opaque_disable_c7_tracking 0000000180011f00 f   c7_tracking.obj
 0001:00010f20       disable_c7_tracking        0000000180011f20 f   c7_tracking.obj
 0001:00010f50       sf_opaque_gateway_c7_tracking 0000000180011f50 f   c7_tracking.obj
 0001:00010f70       sf_gateway_c7_tracking     0000000180011f70 f   c7_tracking.obj
 0001:00011930       sf_opaque_get_sim_state_c7_tracking 0000000180012930 f   c7_tracking.obj
 0001:00011950       sf_opaque_set_sim_state_c7_tracking 0000000180012950 f   c7_tracking.obj
 0001:00011980       sf_opaque_terminate_c7_tracking 0000000180012980 f   c7_tracking.obj
 0001:00011a20       finalize_c7_tracking       0000000180012a20 f   c7_tracking.obj
 0001:00011a30       sf_opaque_init_subchart_simstructs 0000000180012a30 f   c7_tracking.obj
 0001:00011a50       initSimStructsc7_tracking  0000000180012a50 f   c7_tracking.obj
 0001:00011a60       mdlRTW_c7_tracking         0000000180012a60 f   c7_tracking.obj
 0001:00011b10       c9_info_helper             0000000180012b10 f   c9_tracking.obj
 0001:000172f0       c9_emlrt_marshallOut       00000001800182f0 f   c9_tracking.obj
 0001:00017380       c9_b_emlrt_marshallOut     0000000180018380 f   c9_tracking.obj
 0001:00017f20       get_sim_state_c9_tracking  0000000180018f20 f   c9_tracking.obj
 0001:00018310       sf_get_sim_state_info_c9_tracking 0000000180019310 f   c9_tracking.obj
 0001:000184e0       set_sim_state_c9_tracking  00000001800194e0 f   c9_tracking.obj
 0001:000186a0       c9_update_debugger_state_c9_tracking 00000001800196a0 f   c9_tracking.obj
 0001:000186b0       c9_emlrt_marshallIn        00000001800196b0 f   c9_tracking.obj
 0001:00018720       c9_b_emlrt_marshallIn      0000000180019720 f   c9_tracking.obj
 0001:000187b0       c9_d_emlrt_marshallIn      00000001800197b0 f   c9_tracking.obj
 0001:00018810       c9_e_emlrt_marshallIn      0000000180019810 f   c9_tracking.obj
 0001:00018910       mdlProcessParameters_c9_tracking 0000000180019910 f   c9_tracking.obj
 0001:000189f0       initialize_params_c9_tracking 00000001800199f0 f   c9_tracking.obj
 0001:00018a00       mdlSetWorkWidths_c9_tracking 0000000180019a00 f   c9_tracking.obj
 0001:00018f00       sf_get_instance_specialization 0000000180019f00 f   c9_tracking.obj
 0001:00018f10       mdlStart_c9_tracking       0000000180019f10 f   c9_tracking.obj
 0001:00019140       init_dsm_address_info      000000018001a140 f   c9_tracking.obj
 0001:00019150       chart_debug_initialization 000000018001a150 f   c9_tracking.obj
 0001:00019e30       init_script_number_translation 000000018001ae30 f   c9_tracking.obj
 0001:00019e50       c9_sf_marshallOut          000000018001ae50 f   c9_tracking.obj
 0001:00019f00       c9_sf_marshallIn           000000018001af00 f   c9_tracking.obj
 0001:00019fa0       c9_b_sf_marshallOut        000000018001afa0 f   c9_tracking.obj
 0001:0001a100       sf_opaque_initialize_c9_tracking 000000018001b100 f   c9_tracking.obj
 0001:0001a140       initialize_c9_tracking     000000018001b140 f   c9_tracking.obj
 0001:0001a190       sf_opaque_enable_c9_tracking 000000018001b190 f   c9_tracking.obj
 0001:0001a1b0       enable_c9_tracking         000000018001b1b0 f   c9_tracking.obj
 0001:0001a1e0       sf_opaque_disable_c9_tracking 000000018001b1e0 f   c9_tracking.obj
 0001:0001a200       disable_c9_tracking        000000018001b200 f   c9_tracking.obj
 0001:0001a230       sf_opaque_gateway_c9_tracking 000000018001b230 f   c9_tracking.obj
 0001:0001a250       sf_gateway_c9_tracking     000000018001b250 f   c9_tracking.obj
 0001:0001a620       c9_chartstep_c9_tracking   000000018001b620 f   c9_tracking.obj
 0001:0001c2c0       c9_mpower                  000000018001d2c0 f   c9_tracking.obj
 0001:0001c330       c9_eml_scalar_eg           000000018001d330 f   c9_tracking.obj
 0001:0001c340       c9_b_mpower                000000018001d340 f   c9_tracking.obj
 0001:0001c3f0       c9_eml_error               000000018001d3f0 f   c9_tracking.obj
 0001:0001c540       c9_b_eml_error             000000018001d540 f   c9_tracking.obj
 0001:0001c720       sf_opaque_get_sim_state_c9_tracking 000000018001d720 f   c9_tracking.obj
 0001:0001c740       sf_opaque_set_sim_state_c9_tracking 000000018001d740 f   c9_tracking.obj
 0001:0001c770       sf_opaque_terminate_c9_tracking 000000018001d770 f   c9_tracking.obj
 0001:0001c810       finalize_c9_tracking       000000018001d810 f   c9_tracking.obj
 0001:0001c820       sf_opaque_init_subchart_simstructs 000000018001d820 f   c9_tracking.obj
 0001:0001c840       initSimStructsc9_tracking  000000018001d840 f   c9_tracking.obj
 0001:0001c850       mdlRTW_c9_tracking         000000018001d850 f   c9_tracking.obj
 0001:0001c900       c14_info_helper            000000018001d900 f   c14_tracking.obj
 0001:0001d280       c14_emlrt_marshallOut      000000018001e280 f   c14_tracking.obj
 0001:0001d310       c14_b_emlrt_marshallOut    000000018001e310 f   c14_tracking.obj
 0001:0001d980       get_sim_state_c14_tracking 000000018001e980 f   c14_tracking.obj
 0001:0001db80       sf_get_sim_state_info_c14_tracking 000000018001eb80 f   c14_tracking.obj
 0001:0001dd50       set_sim_state_c14_tracking 000000018001ed50 f   c14_tracking.obj
 0001:0001deb0       c14_update_debugger_state_c14_tracking 000000018001eeb0 f   c14_tracking.obj
 0001:0001dec0       c14_emlrt_marshallIn       000000018001eec0 f   c14_tracking.obj
 0001:0001df30       c14_b_emlrt_marshallIn     000000018001ef30 f   c14_tracking.obj
 0001:0001e040       c14_e_emlrt_marshallIn     000000018001f040 f   c14_tracking.obj
 0001:0001e0a0       c14_f_emlrt_marshallIn     000000018001f0a0 f   c14_tracking.obj
 0001:0001e1a0       mdlProcessParameters_c14_tracking 000000018001f1a0 f   c14_tracking.obj
 0001:0001e280       initialize_params_c14_tracking 000000018001f280 f   c14_tracking.obj
 0001:0001e290       mdlSetWorkWidths_c14_tracking 000000018001f290 f   c14_tracking.obj
 0001:0001e760       sf_get_instance_specialization 000000018001f760 f   c14_tracking.obj
 0001:0001e770       mdlStart_c14_tracking      000000018001f770 f   c14_tracking.obj
 0001:0001e9a0       init_dsm_address_info      000000018001f9a0 f   c14_tracking.obj
 0001:0001e9b0       chart_debug_initialization 000000018001f9b0 f   c14_tracking.obj
 0001:0001f110       init_script_number_translation 0000000180020110 f   c14_tracking.obj
 0001:0001f130       c14_sf_marshallOut         0000000180020130 f   c14_tracking.obj
 0001:0001f360       c14_sf_marshallIn          0000000180020360 f   c14_tracking.obj
 0001:0001f4d0       c14_b_sf_marshallOut       00000001800204d0 f   c14_tracking.obj
 0001:0001f580       sf_opaque_initialize_c14_tracking 0000000180020580 f   c14_tracking.obj
 0001:0001f5c0       initialize_c14_tracking    00000001800205c0 f   c14_tracking.obj
 0001:0001f610       sf_opaque_enable_c14_tracking 0000000180020610 f   c14_tracking.obj
 0001:0001f630       enable_c14_tracking        0000000180020630 f   c14_tracking.obj
 0001:0001f660       sf_opaque_disable_c14_tracking 0000000180020660 f   c14_tracking.obj
 0001:0001f680       disable_c14_tracking       0000000180020680 f   c14_tracking.obj
 0001:0001f6b0       sf_opaque_gateway_c14_tracking 00000001800206b0 f   c14_tracking.obj
 0001:0001f6d0       sf_gateway_c14_tracking    00000001800206d0 f   c14_tracking.obj
 0001:0001fe80       c14_b_sf_marshallIn        0000000180020e80 f   c14_tracking.obj
 0001:0001ff20       c14_c_emlrt_marshallIn     0000000180020f20 f   c14_tracking.obj
 0001:0001ffb0       sf_opaque_get_sim_state_c14_tracking 0000000180020fb0 f   c14_tracking.obj
 0001:0001ffd0       sf_opaque_set_sim_state_c14_tracking 0000000180020fd0 f   c14_tracking.obj
 0001:00020000       sf_opaque_terminate_c14_tracking 0000000180021000 f   c14_tracking.obj
 0001:000200a0       finalize_c14_tracking      00000001800210a0 f   c14_tracking.obj
 0001:000200b0       sf_opaque_init_subchart_simstructs 00000001800210b0 f   c14_tracking.obj
 0001:000200d0       initSimStructsc14_tracking 00000001800210d0 f   c14_tracking.obj
 0001:000200e0       mdlRTW_c14_tracking        00000001800210e0 f   c14_tracking.obj
 0001:00020aa0       getChartInfoFromSimStruct  0000000180021aa0 f   tracking_sfun_registry.obj
 0001:00022140       _ssFatalError              0000000180023140 f   tracking_sfun_registry.obj
 0001:000251f0       ProcessMexSfunctionCmdLineCall 00000001800261f0 f   tracking_sfun_registry.obj
 0001:00025350       sf_debug_api_wrapper       0000000180026350 f   tracking_sfun_registry.obj
 0001:000253a0       mdlStart                   00000001800263a0 f   tracking_sfun_registry.obj
 0001:000253d0       mdl_start_processing       00000001800263d0 f   tracking_sfun_registry.obj
 0001:00025460       mdlTerminate               0000000180026460 f   tracking_sfun_registry.obj
 0001:00025490       mdl_terminate_processing   0000000180026490 f   tracking_sfun_registry.obj
 0001:00025510       mdlInitializeSampleTimes   0000000180026510 f   tracking_sfun_registry.obj
 0001:00025540       mdlZeroCrossings           0000000180026540 f   tracking_sfun_registry.obj
 0001:00025570       mdl_zeroCrossings_processing 0000000180026570 f   tracking_sfun_registry.obj
 0001:000255b0       mdlDerivatives             00000001800265b0 f   tracking_sfun_registry.obj
 0001:000255e0       mdl_derivatives_processing 00000001800265e0 f   tracking_sfun_registry.obj
 0001:00025630       mdlInitializeConditions    0000000180026630 f   tracking_sfun_registry.obj
 0001:00025660       mdl_initialize_conditions_processing 0000000180026660 f   tracking_sfun_registry.obj
 0001:000256b0       mdlEnable                  00000001800266b0 f   tracking_sfun_registry.obj
 0001:000256e0       mdl_enable_processing      00000001800266e0 f   tracking_sfun_registry.obj
 0001:00025720       mdlDisable                 0000000180026720 f   tracking_sfun_registry.obj
 0001:00025750       mdl_disable_processing     0000000180026750 f   tracking_sfun_registry.obj
 0001:00025790       mdlOutputs                 0000000180026790 f   tracking_sfun_registry.obj
 0001:000257c0       mdl_outputs_processing     00000001800267c0 f   tracking_sfun_registry.obj
 0001:000258a0       mdl_outputs_continuous_legacy 00000001800268a0 f   tracking_sfun_registry.obj
 0001:00025990       mdlGetTimeOfNextVarHit     0000000180026990 f   tracking_sfun_registry.obj
 0001:000259e0       _ProcessMexSfunctionCmdLineCall 00000001800269e0 f   tracking_sfun_registry.obj
 0001:00026130       mdlSetWorkWidths           0000000180027130 f   tracking_sfun_registry.obj
 0001:00026160       mdlProcessParameters       0000000180027160 f   tracking_sfun_registry.obj
 0001:00026190       mdlInitializeSizes         0000000180027190 f   tracking_sfun_registry.obj
 0001:000261c0       mdlExtModeExec             00000001800271c0 f   tracking_sfun_registry.obj
 0001:000261f0       mdl_ext_mode_exec_processing 00000001800271f0 f   tracking_sfun_registry.obj
 0001:00026230       mdlRTW                     0000000180027230 f   tracking_sfun_registry.obj
 0001:00026270       _CreateSimStruct           0000000180027270 f   tracking_sfun_registry.obj
 0001:00026400       _RegNumInputPortsCB        0000000180027400 f   tracking_sfun_registry.obj
 0001:00026480       _RegNumOutputPortsCB       0000000180027480 f   tracking_sfun_registry.obj
 0001:000269b8       pre_c_init                 00000001800279b8 f   MSVCRT:crtdll.obj
 0001:00026c74       __DllMainCRTStartup        0000000180027c74 f   MSVCRT:crtdll.obj
 0001:000272e0       __DllMainCRTStartup$filt$0 00000001800282e0 f   MSVCRT:crtdll.obj
 0001:00027310       __DllMainCRTStartup$fin$1  0000000180028310 f   MSVCRT:crtdll.obj
 0001:0002732a       _onexit$fin$0              000000018002832a f   MSVCRT:atonexit.obj
 0001:00027350       _IsNonwritableInCurrentImage$filt$0 0000000180028350 f   MSVCRT:pesect.obj
