 mission_server_leader_follower_qbot2_qbot2_sfun

 Timestamp is 592fc0a9 (Thu Jun 01 15:22:17 2017)

 Preferred load address is 0000000180000000

 Start         Length     Name                   Class
 0001:00000000 00033182H .text                   CODE
 0001:00033190 00000092H .text$x                 CODE
 0002:00000000 000004e8H .idata$5                DATA
 0002:000004e8 00000008H .CRT$XCA                DATA
 0002:000004f0 00000008H .CRT$XCZ                DATA
 0002:000004f8 00000008H .CRT$XIA                DATA
 0002:00000500 00000008H .CRT$XIAA               DATA
 0002:00000508 00000008H .CRT$XIZ                DATA
 0002:00000510 0000074cH .rdata                  DATA
 0002:00000c60 00000008H .rtc$IAA                DATA
 0002:00000c68 00000008H .rtc$IZZ                DATA
 0002:00000c70 00000008H .rtc$TAA                DATA
 0002:00000c78 00000008H .rtc$TZZ                DATA
 0002:00000c80 00000e70H .xdata                  DATA
 0002:00001af0 0000008cH .idata$2                DATA
 0002:00001b7c 00000014H .idata$3                DATA
 0002:00001b90 000004e8H .idata$4                DATA
 0002:00002078 00000dc4H .idata$6                DATA
 0002:00002e40 00000075H .edata                  DATA
 0003:00000000 0000c2b8H .data                   DATA
 0003:0000c2c0 00000710H .bss                    DATA
 0004:00000000 000012a8H .pdata                  DATA

  Address         Publics by Value              Rva+Base               Lib:Object

 0000:00000000       ___safe_se_handler_table   0000000000000000     <absolute>
 0000:00000000       ___safe_se_handler_count   0000000000000000     <absolute>
 0000:00000000       __ImageBase                0000000180000000     <linker-defined>
 0001:00000000       mission_server_leader_follower_qbot2_qbot2_initializer 0000000180001000 f   mission_server_leader_follower_qbot2_qbot2_sfun.obj
 0001:00000010       mission_server_leader_follower_qbot2_qbot2_terminator 0000000180001010 f   mission_server_leader_follower_qbot2_qbot2_sfun.obj
 0001:00000020       sf_mission_server_leader_follower_qbot2_qbot2_method_dispatcher 0000000180001020 f   mission_server_leader_follower_qbot2_qbot2_sfun.obj
 0001:000000d0       sf_mission_server_leader_follower_qbot2_qbot2_process_testpoint_info_call 00000001800010d0 f   mission_server_leader_follower_qbot2_qbot2_sfun.obj
 0001:00000270       sf_mission_server_leader_follower_qbot2_qbot2_process_check_sum_call 0000000180001270 f   mission_server_leader_follower_qbot2_qbot2_sfun.obj
 0001:000006c0       sf_mission_server_leader_follower_qbot2_qbot2_autoinheritance_info 00000001800016c0 f   mission_server_leader_follower_qbot2_qbot2_sfun.obj
 0001:00000920       sf_mission_server_leader_follower_qbot2_qbot2_get_eml_resolved_functions_info 0000000180001920 f   mission_server_leader_follower_qbot2_qbot2_sfun.obj
 0001:00000b10       sf_mission_server_leader_follower_qbot2_qbot2_third_party_uses_info 0000000180001b10 f   mission_server_leader_follower_qbot2_qbot2_sfun.obj
 0001:00000d00       sf_mission_server_leader_follower_qbot2_qbot2_updateBuildInfo_args_info 0000000180001d00 f   mission_server_leader_follower_qbot2_qbot2_sfun.obj
 0001:00000ef0       mission_server_leader_follower_qbot2_qbot2_debug_initialize 0000000180001ef0 f   mission_server_leader_follower_qbot2_qbot2_sfun.obj
 0001:00000f70       mission_server_leader_follower_qbot2_qbot2_register_exported_symbols 0000000180001f70 f   mission_server_leader_follower_qbot2_qbot2_sfun.obj
 0001:00000f80       load_mission_server_leader_follower_qbot2_qbot2_optimization_info 0000000180001f80 f   mission_server_leader_follower_qbot2_qbot2_sfun.obj
 0001:00000fd0       unload_mission_server_leader_follower_qbot2_qbot2_optimization_info 0000000180001fd0 f   mission_server_leader_follower_qbot2_qbot2_sfun.obj
 0001:00001000       sf_c1_mission_server_leader_follower_qbot2_qbot2_get_eml_resolved_functions_info 0000000180002000 f   c1_mission_server_leader_follower_qbot2_qbot2.obj
 0001:00001080       sf_c1_mission_server_leader_follower_qbot2_qbot2_get_check_sum 0000000180002080 f   c1_mission_server_leader_follower_qbot2_qbot2.obj
 0001:00001100       sf_c1_mission_server_leader_follower_qbot2_qbot2_get_autoinheritance_info 0000000180002100 f   c1_mission_server_leader_follower_qbot2_qbot2.obj
 0001:00001b80       sf_c1_mission_server_leader_follower_qbot2_qbot2_third_party_uses_info 0000000180002b80 f   c1_mission_server_leader_follower_qbot2_qbot2.obj
 0001:00001bb0       sf_c1_mission_server_leader_follower_qbot2_qbot2_updateBuildInfo_args_info 0000000180002bb0 f   c1_mission_server_leader_follower_qbot2_qbot2.obj
 0001:00001be0       sf_internal_get_sim_state_c1_mission_server_leader_follower_qbot2_qbot2 0000000180002be0 f   c1_mission_server_leader_follower_qbot2_qbot2.obj
 0001:000021b0       sf_internal_set_sim_state_c1_mission_server_leader_follower_qbot2_qbot2 00000001800031b0 f   c1_mission_server_leader_follower_qbot2_qbot2.obj
 0001:00002b80       sf_c1_mission_server_leader_follower_qbot2_qbot2_get_testpoint_info 0000000180003b80 f   c1_mission_server_leader_follower_qbot2_qbot2.obj
 0001:00002bc0       c1_mission_server_leader_follower_qbot2_qbot2_method_dispatcher 0000000180003bc0 f   c1_mission_server_leader_follower_qbot2_qbot2.obj
 0001:00006b20       sf_c2_mission_server_leader_follower_qbot2_qbot2_get_eml_resolved_functions_info 0000000180007b20 f   c2_mission_server_leader_follower_qbot2_qbot2.obj
 0001:0000a700       sf_c2_mission_server_leader_follower_qbot2_qbot2_get_check_sum 000000018000b700 f   c2_mission_server_leader_follower_qbot2_qbot2.obj
 0001:0000a780       sf_c2_mission_server_leader_follower_qbot2_qbot2_get_autoinheritance_info 000000018000b780 f   c2_mission_server_leader_follower_qbot2_qbot2.obj
 0001:0000b360       sf_c2_mission_server_leader_follower_qbot2_qbot2_third_party_uses_info 000000018000c360 f   c2_mission_server_leader_follower_qbot2_qbot2.obj
 0001:0000b390       sf_c2_mission_server_leader_follower_qbot2_qbot2_updateBuildInfo_args_info 000000018000c390 f   c2_mission_server_leader_follower_qbot2_qbot2.obj
 0001:0000b3c0       sf_internal_get_sim_state_c2_mission_server_leader_follower_qbot2_qbot2 000000018000c3c0 f   c2_mission_server_leader_follower_qbot2_qbot2.obj
 0001:0000ba90       sf_internal_set_sim_state_c2_mission_server_leader_follower_qbot2_qbot2 000000018000ca90 f   c2_mission_server_leader_follower_qbot2_qbot2.obj
 0001:0000c0d0       c2_mission_server_leader_follower_qbot2_qbot2_method_dispatcher 000000018000d0d0 f   c2_mission_server_leader_follower_qbot2_qbot2.obj
 0001:0000fd10       sf_c3_mission_server_leader_follower_qbot2_qbot2_get_eml_resolved_functions_info 0000000180010d10 f   c3_mission_server_leader_follower_qbot2_qbot2.obj
 0001:000138f0       sf_c3_mission_server_leader_follower_qbot2_qbot2_get_check_sum 00000001800148f0 f   c3_mission_server_leader_follower_qbot2_qbot2.obj
 0001:00013970       sf_c3_mission_server_leader_follower_qbot2_qbot2_get_autoinheritance_info 0000000180014970 f   c3_mission_server_leader_follower_qbot2_qbot2.obj
 0001:00014550       sf_c3_mission_server_leader_follower_qbot2_qbot2_third_party_uses_info 0000000180015550 f   c3_mission_server_leader_follower_qbot2_qbot2.obj
 0001:00014580       sf_c3_mission_server_leader_follower_qbot2_qbot2_updateBuildInfo_args_info 0000000180015580 f   c3_mission_server_leader_follower_qbot2_qbot2.obj
 0001:000145b0       sf_internal_get_sim_state_c3_mission_server_leader_follower_qbot2_qbot2 00000001800155b0 f   c3_mission_server_leader_follower_qbot2_qbot2.obj
 0001:00014c90       sf_internal_set_sim_state_c3_mission_server_leader_follower_qbot2_qbot2 0000000180015c90 f   c3_mission_server_leader_follower_qbot2_qbot2.obj
 0001:000152d0       c3_mission_server_leader_follower_qbot2_qbot2_method_dispatcher 00000001800162d0 f   c3_mission_server_leader_follower_qbot2_qbot2.obj
 0001:00018f20       sf_c4_mission_server_leader_follower_qbot2_qbot2_get_eml_resolved_functions_info 0000000180019f20 f   c4_mission_server_leader_follower_qbot2_qbot2.obj
 0001:00018fa0       sf_c4_mission_server_leader_follower_qbot2_qbot2_get_check_sum 0000000180019fa0 f   c4_mission_server_leader_follower_qbot2_qbot2.obj
 0001:00019020       sf_c4_mission_server_leader_follower_qbot2_qbot2_get_autoinheritance_info 000000018001a020 f   c4_mission_server_leader_follower_qbot2_qbot2.obj
 0001:00019aa0       sf_c4_mission_server_leader_follower_qbot2_qbot2_third_party_uses_info 000000018001aaa0 f   c4_mission_server_leader_follower_qbot2_qbot2.obj
 0001:00019ad0       sf_c4_mission_server_leader_follower_qbot2_qbot2_updateBuildInfo_args_info 000000018001aad0 f   c4_mission_server_leader_follower_qbot2_qbot2.obj
 0001:00019b00       sf_internal_get_sim_state_c4_mission_server_leader_follower_qbot2_qbot2 000000018001ab00 f   c4_mission_server_leader_follower_qbot2_qbot2.obj
 0001:0001a0c0       sf_internal_set_sim_state_c4_mission_server_leader_follower_qbot2_qbot2 000000018001b0c0 f   c4_mission_server_leader_follower_qbot2_qbot2.obj
 0001:0001aa80       sf_c4_mission_server_leader_follower_qbot2_qbot2_get_testpoint_info 000000018001ba80 f   c4_mission_server_leader_follower_qbot2_qbot2.obj
 0001:0001aac0       c4_mission_server_leader_follower_qbot2_qbot2_method_dispatcher 000000018001bac0 f   c4_mission_server_leader_follower_qbot2_qbot2.obj
 0001:0001ea20       sf_process_check_sum_call  000000018001fa20 f   mission_server_leader_follower_qbot2_qbot2_sfun_registry.obj
 0001:0001ea90       sf_process_testpoint_info_call 000000018001fa90 f   mission_server_leader_follower_qbot2_qbot2_sfun_registry.obj
 0001:0001eb00       sf_process_autoinheritance_call 000000018001fb00 f   mission_server_leader_follower_qbot2_qbot2_sfun_registry.obj
 0001:0001ed40       sf_process_get_third_party_uses_info_call 000000018001fd40 f   mission_server_leader_follower_qbot2_qbot2_sfun_registry.obj
 0001:0001ef80       sf_process_get_updateBuildInfo_args_info_call 000000018001ff80 f   mission_server_leader_follower_qbot2_qbot2_sfun_registry.obj
 0001:0001f1c0       sf_process_get_eml_resolved_functions_info_call 00000001800201c0 f   mission_server_leader_follower_qbot2_qbot2_sfun_registry.obj
 0001:0001f3b0       sf_mex_unlock_call         00000001800203b0 f   mission_server_leader_follower_qbot2_qbot2_sfun_registry.obj
 0001:0001f460       sf_machine_global_initializer_called 0000000180020460 f   mission_server_leader_follower_qbot2_qbot2_sfun_registry.obj
 0001:0001f490       sf_machine_global_method_dispatcher 0000000180020490 f   mission_server_leader_follower_qbot2_qbot2_sfun_registry.obj
 0001:0001f530       sf_machine_global_terminator 0000000180020530 f   mission_server_leader_follower_qbot2_qbot2_sfun_registry.obj
 0001:0001f580       sf_register_machine_exported_symbols 0000000180020580 f   mission_server_leader_follower_qbot2_qbot2_sfun_registry.obj
 0001:0001f5b0       callCustomFcn              00000001800205b0 f   mission_server_leader_follower_qbot2_qbot2_sfun_registry.obj
 0001:0001f5c0       sf_machine_global_initializer 00000001800205c0 f   mission_server_leader_follower_qbot2_qbot2_sfun_registry.obj
 0001:0001f650       mdlGetSimState             0000000180020650 f   mission_server_leader_follower_qbot2_qbot2_sfun_registry.obj
 0001:0001f6d0       mdlSetSimState             00000001800206d0 f   mission_server_leader_follower_qbot2_qbot2_sfun_registry.obj
 0001:0001f710       _ssSetStateAbsTol          0000000180020710 f   mission_server_leader_follower_qbot2_qbot2_sfun_registry.obj
 0001:0001f7f0       _ssGetAbsTol               00000001800207f0 f   mission_server_leader_follower_qbot2_qbot2_sfun_registry.obj
 0001:0001f860       _ssSetInputPortMatrixDimensions 0000000180020860 f   mission_server_leader_follower_qbot2_qbot2_sfun_registry.obj
 0001:0001f970       _ssSetOutputPortMatrixDimensions 0000000180020970 f   mission_server_leader_follower_qbot2_qbot2_sfun_registry.obj
 0001:0001fa80       _ssSetInputPortVectorDimension 0000000180020a80 f   mission_server_leader_follower_qbot2_qbot2_sfun_registry.obj
 0001:0001fb50       _ssSetOutputPortVectorDimension 0000000180020b50 f   mission_server_leader_follower_qbot2_qbot2_sfun_registry.obj
 0001:0001fc20       ssIsRunTimeParamTunable    0000000180020c20 f   mission_server_leader_follower_qbot2_qbot2_sfun_registry.obj
 0001:0001fc90       ssGetSFuncBlockHandle      0000000180020c90 f   mission_server_leader_follower_qbot2_qbot2_sfun_registry.obj
 0001:0001fd00       _ssGetCurrentInputPortWidth 0000000180020d00 f   mission_server_leader_follower_qbot2_qbot2_sfun_registry.obj
 0001:0001fe20       _ssGetCurrentOutputPortWidth 0000000180020e20 f   mission_server_leader_follower_qbot2_qbot2_sfun_registry.obj
 0001:0001ff40       _ssGetCallSystemNumFcnCallDestinations 0000000180020f40 f   mission_server_leader_follower_qbot2_qbot2_sfun_registry.obj
 0001:0001ffb0       ssWarning                  0000000180020fb0 f   mission_server_leader_follower_qbot2_qbot2_sfun_registry.obj
 0001:000200c0       ssGetIsZeroCrossControlDisabled 00000001800210c0 f   mission_server_leader_follower_qbot2_qbot2_sfun_registry.obj
 0001:00020130       ssSetIsInputPortUsedForContZcSignal 0000000180021130 f   mission_server_leader_follower_qbot2_qbot2_sfun_registry.obj
 0001:000201a0       ssSetZcSignalIsZcElementDisc 00000001800211a0 f   mission_server_leader_follower_qbot2_qbot2_sfun_registry.obj
 0001:00020250       ssSetZcSignalName          0000000180021250 f   mission_server_leader_follower_qbot2_qbot2_sfun_registry.obj
 0001:000202c0       ssSetZcSignalWidth         00000001800212c0 f   mission_server_leader_follower_qbot2_qbot2_sfun_registry.obj
 0001:00020330       ssSetZcSignalZcEventType   0000000180021330 f   mission_server_leader_follower_qbot2_qbot2_sfun_registry.obj
 0001:000203a0       ssSetZcSignalType          00000001800213a0 f   mission_server_leader_follower_qbot2_qbot2_sfun_registry.obj
 0001:00020410       ssSetZcSignalZcTol         0000000180021410 f   mission_server_leader_follower_qbot2_qbot2_sfun_registry.obj
 0001:00020480       ssSetZcSignalNeedsEventNotification 0000000180021480 f   mission_server_leader_follower_qbot2_qbot2_sfun_registry.obj
 0001:000204f0       ssCreateAndAddZcSignalInfo 00000001800214f0 f   mission_server_leader_follower_qbot2_qbot2_sfun_registry.obj
 0001:00020560       ssCloneAndAddZcSignalInfo  0000000180021560 f   mission_server_leader_follower_qbot2_qbot2_sfun_registry.obj
 0001:000205d0       ssGetNumZcSignals          00000001800215d0 f   mission_server_leader_follower_qbot2_qbot2_sfun_registry.obj
 0001:00020640       ssGetZcSignalVector        0000000180021640 f   mission_server_leader_follower_qbot2_qbot2_sfun_registry.obj
 0001:000206b0       ssGetZcSignalZcEvents      00000001800216b0 f   mission_server_leader_follower_qbot2_qbot2_sfun_registry.obj
 0001:00020720       ssGetZcSignalName          0000000180021720 f   mission_server_leader_follower_qbot2_qbot2_sfun_registry.obj
 0001:00020790       ssGetZcSignalWidth         0000000180021790 f   mission_server_leader_follower_qbot2_qbot2_sfun_registry.obj
 0001:00020800       ssGetZcSignalZcEventType   0000000180021800 f   mission_server_leader_follower_qbot2_qbot2_sfun_registry.obj
 0001:00020870       ssGetZcSignalType          0000000180021870 f   mission_server_leader_follower_qbot2_qbot2_sfun_registry.obj
 0001:000208e0       ssGetZcSignalZcTol         00000001800218e0 f   mission_server_leader_follower_qbot2_qbot2_sfun_registry.obj
 0001:00020960       ssGetZcSignalNeedsEventNotification 0000000180021960 f   mission_server_leader_follower_qbot2_qbot2_sfun_registry.obj
 0001:000209d0       ssGetZcSignalIsZcElementDisc 00000001800219d0 f   mission_server_leader_follower_qbot2_qbot2_sfun_registry.obj
 0001:00020a70       ssGetIsInputPortElementContinuous 0000000180021a70 f   mission_server_leader_follower_qbot2_qbot2_sfun_registry.obj
 0001:00020b10       _ssGetInputPortSignalPtrsFcn 0000000180021b10 f   mission_server_leader_follower_qbot2_qbot2_sfun_registry.obj
 0001:00020dd0       _ssGetInputPortSignalFcn   0000000180021dd0 f   mission_server_leader_follower_qbot2_qbot2_sfun_registry.obj
 0001:00020ff0       _ssSetInputPortDirectFeedThroughFcn 0000000180021ff0 f   mission_server_leader_follower_qbot2_qbot2_sfun_registry.obj
 0001:00021150       _ssSetInputPortReusableFcn 0000000180022150 f   mission_server_leader_follower_qbot2_qbot2_sfun_registry.obj
 0001:00021240       _ssSetOutputPortReusableFcn 0000000180022240 f   mission_server_leader_follower_qbot2_qbot2_sfun_registry.obj
 0001:00021320       ssGetDTypeIdFromMxArray    0000000180022320 f   mission_server_leader_follower_qbot2_qbot2_sfun_registry.obj
 0001:00021440       ssWriteRTWStr              0000000180022440 f   mission_server_leader_follower_qbot2_qbot2_sfun_registry.obj
 0001:000214a0       ssWriteRTWMxVectParam      00000001800224a0 f   mission_server_leader_follower_qbot2_qbot2_sfun_registry.obj
 0001:00021500       ssWriteRTWMx2dMatParam     0000000180022500 f   mission_server_leader_follower_qbot2_qbot2_sfun_registry.obj
 0001:00021580       ssWriteRTWNameValuePair    0000000180022580 f   mission_server_leader_follower_qbot2_qbot2_sfun_registry.obj
 0001:00021a70       ssWriteRTWParameters       0000000180022a70 f   mission_server_leader_follower_qbot2_qbot2_sfun_registry.obj
 0001:00022070       ssWriteRTWParamSettings    0000000180023070 f   mission_server_leader_follower_qbot2_qbot2_sfun_registry.obj
 0001:00022740       ssWriteRTWWorkVect         0000000180023740 f   mission_server_leader_follower_qbot2_qbot2_sfun_registry.obj
 0001:00022c40       mexFunction                0000000180023c40 f   mission_server_leader_follower_qbot2_qbot2_sfun_registry.obj
 0001:000250f0       ProcessMexSfunctionEveryCall 00000001800260f0 f   mission_server_leader_follower_qbot2_qbot2_sfun_registry.obj
 0001:00025272       sf_debug_set_machine_data_thresholds 0000000180026272 f   sf_runtime:sf_runtime.dll
 0001:00025278       sf_debug_set_machine_event_thresholds 0000000180026278 f   sf_runtime:sf_runtime.dll
 0001:0002527e       sf_debug_initialize_machine 000000018002627e f   sf_runtime:sf_runtime.dll
 0001:00025284       sf_load_rtw_optimization_info 0000000180026284 f   sf_runtime:sf_runtime.dll
 0001:0002528a       sf_mex_assign              000000018002628a f   sf_runtime:sf_runtime.dll
 0001:00025290       sf_mex_create              0000000180026290 f   sf_runtime:sf_runtime.dll
 0001:00025296       sf_mex_error_message       0000000180026296 f   sf_runtime:sf_runtime.dll
 0001:0002529c       sf_mex_call_matlab         000000018002629c f   sf_runtime:sf_runtime.dll
 0001:000252a2       sf_mex_setcell             00000001800262a2 f   sf_runtime:sf_runtime.dll
 0001:000252a8       sf_mex_createcellmatrix    00000001800262a8 f   sf_runtime:sf_runtime.dll
 0001:000252ae       sf_mex_decode_encoded_mx_struct_array 00000001800262ae f   sf_runtime:sf_runtime.dll
 0001:000252b4       sf_mex_destroy             00000001800262b4 f   sf_runtime:sf_runtime.dll
 0001:000252ba       sf_mex_getcell             00000001800262ba f   sf_runtime:sf_runtime.dll
 0001:000252c0       sf_mex_dup                 00000001800262c0 f   sf_runtime:sf_runtime.dll
 0001:000252c6       sf_debug_animate           00000001800262c6 f   sf_runtime:sf_runtime.dll
 0001:000252cc       sf_debug_call              00000001800262cc f   sf_runtime:sf_runtime.dll
 0001:000252d2       sf_debug_set_honor_breakpoints 00000001800262d2 f   sf_runtime:sf_runtime.dll
 0001:000252d8       sf_debug_set_animation     00000001800262d8 f   sf_runtime:sf_runtime.dll
 0001:000252de       sf_debug_get_animation     00000001800262de f   sf_runtime:sf_runtime.dll
 0001:000252e4       sf_mex_import              00000001800262e4 f   sf_runtime:sf_runtime.dll
 0001:000252ea       sf_mex_duplicatearraysafe  00000001800262ea f   sf_runtime:sf_runtime.dll
 0001:000252f0       sf_set_rtw_dwork_info      00000001800262f0 f   sf_runtime:sf_runtime.dll
 0001:000252f6       sf_mark_chart_reusable_outputs 00000001800262f6 f   sf_runtime:sf_runtime.dll
 0001:000252fc       sf_mark_chart_expressionable_inputs 00000001800262fc f   sf_runtime:sf_runtime.dll
 0001:00025302       sf_update_buildInfo        0000000180026302 f   sf_runtime:sf_runtime.dll
 0001:00025308       sf_rtw_info_uint_prop      0000000180026308 f   sf_runtime:sf_runtime.dll
 0001:0002530e       sf_is_chart_inlinable      000000018002630e f   sf_runtime:sf_runtime.dll
 0001:00025314       sim_mode_is_external       0000000180026314 f   sf_runtime:sf_runtime.dll
 0001:0002531a       sim_mode_is_rtw_gen        000000018002631a f   sf_runtime:sf_runtime.dll
 0001:00025320       sf_set_encoded_dwork_info  0000000180026320 f   sf_runtime:sf_runtime.dll
 0001:00025326       sf_debug_reset_current_state_configuration 0000000180026326 f   sf_runtime:sf_runtime.dll
 0001:0002532c       sf_debug_set_instance_data_value_ptr 000000018002632c f   sf_runtime:sf_runtime.dll
 0001:00025332       sf_debug_set_chart_data_compiled_props 0000000180026332 f   sf_runtime:sf_runtime.dll
 0001:00025338       cv_eml_init_if             0000000180026338 f   sf_runtime:sf_runtime.dll
 0001:0002533e       cv_eml_init_script         000000018002633e f   sf_runtime:sf_runtime.dll
 0001:00025344       sf_debug_cv_init_trans     0000000180026344 f   sf_runtime:sf_runtime.dll
 0001:0002534a       sf_debug_cv_init_state     000000018002634a f   sf_runtime:sf_runtime.dll
 0001:00025350       sf_debug_cv_init_chart     0000000180026350 f   sf_runtime:sf_runtime.dll
 0001:00025356       sf_debug_set_chart_state_substate_count 0000000180026356 f   sf_runtime:sf_runtime.dll
 0001:0002535c       sf_debug_set_chart_substate_index 000000018002635c f   sf_runtime:sf_runtime.dll
 0001:00025362       sf_debug_set_chart_decomposition 0000000180026362 f   sf_runtime:sf_runtime.dll
 0001:00025368       sf_debug_set_chart_substate_count 0000000180026368 f   sf_runtime:sf_runtime.dll
 0001:0002536e       sf_debug_set_chart_state_info 000000018002636e f   sf_runtime:sf_runtime.dll
 0001:00025374       sf_debug_set_chart_data_props 0000000180026374 f   sf_runtime:sf_runtime.dll
 0001:0002537a       sf_debug_set_chart_event_thresholds 000000018002637a f   sf_runtime:sf_runtime.dll
 0001:00025380       sf_debug_set_chart_disable_implicit_casting 0000000180026380 f   sf_runtime:sf_runtime.dll
 0001:00025386       sf_debug_initialize_chart  0000000180026386 f   sf_runtime:sf_runtime.dll
 0001:0002538c       sf_get_time                000000018002638c f   sf_runtime:sf_runtime.dll
 0001:00025392       sf_get_dwork_info_from_mat_file 0000000180026392 f   sf_runtime:sf_runtime.dll
 0001:00025398       sf_debug_check_for_state_inconsistency 0000000180026398 f   sf_runtime:sf_runtime.dll
 0001:0002539e       sf_mex_call_debug          000000018002639e f   sf_runtime:sf_runtime.dll
 0001:000253a4       sf_mex_printf              00000001800263a4 f   sf_runtime:sf_runtime.dll
 0001:000253aa       sf_debug_symbol_scope_pop  00000001800263aa f   sf_runtime:sf_runtime.dll
 0001:000253b0       cv_eml_eval                00000001800263b0 f   sf_runtime:sf_runtime.dll
 0001:000253b6       sf_debug_symbol_scope_add_eml_importable 00000001800263b6 f   sf_runtime:sf_runtime.dll
 0001:000253bc       sf_debug_symbol_scope_push_eml 00000001800263bc f   sf_runtime:sf_runtime.dll
 0001:000253c2       cv_eval_point              00000001800263c2 f   sf_runtime:sf_runtime.dll
 0001:000253c8       sf_debug_data_range_wrapper 00000001800263c8 f   sf_runtime:sf_runtime.dll
 0001:000253ce       sf_debug_symbol_scope_push 00000001800263ce f   sf_runtime:sf_runtime.dll
 0001:000253d4       sf_debug_eml_data_array_bounds_error_check 00000001800263d4 f   sf_runtime:sf_runtime.dll
 0001:000253da       sf_debug_read_before_write_check 00000001800263da f   sf_runtime:sf_runtime.dll
 0001:000253e0       sf_clear_rtw_identifier    00000001800263e0 f   sf_runtime:sf_runtime.dll
 0001:000253e6       sf_mex_emlrtNameCapturePostProcessR2012a 00000001800263e6 f   sf_runtime:sf_runtime.dll
 0001:000253ec       sf_mex_createstruct        00000001800263ec f   sf_runtime:sf_runtime.dll
 0001:000253f2       sf_mex_addfield            00000001800263f2 f   sf_runtime:sf_runtime.dll
 0001:000253f8       cv_eml_init_mcdc           00000001800263f8 f   sf_runtime:sf_runtime.dll
 0001:000253fe       cv_eml_init_fcn            00000001800263fe f   sf_runtime:sf_runtime.dll
 0001:00025404       sf_debug_integer_check     0000000180026404 f   sf_runtime:sf_runtime.dll
 0001:0002540a       eml_debug_line_call        000000018002640a f   sf_runtime:sf_runtime.dll
 0001:00025410       sf_debug_symbol_scope_add_eml 0000000180026410 f   sf_runtime:sf_runtime.dll
 0001:00025416       sf_debug_terminate         0000000180026416 f   sf_runtime:sf_runtime.dll
 0001:0002541c       sf_debug_create_debug_instance_struct 000000018002641c f   sf_runtime:sf_runtime.dll
 0001:00025422       sf_debug_api               0000000180026422 f   sf_runtime:sf_runtime.dll
 0001:00025428       callMdlMethodAndReportError 0000000180026428 f   sf_runtime:sf_runtime.dll
 0001:0002542e       call_sf_machine_global_method_dispatcher 000000018002642e f   sf_runtime:sf_runtime.dll
 0001:00025434       sf_clear_error_manager_info 0000000180026434 f   sf_runtime:sf_runtime.dll
 0001:0002543a       sf_mex_error_direct_call   000000018002643a f   sf_runtime:sf_runtime.dll
 0001:00025440       mxCreateDoubleMatrix_730   0000000180026440 f   libmx:libmx.dll
 0001:00025446       mxGetScalar                0000000180026446 f   libmx:libmx.dll
 0001:0002544c       mxGetString_730            000000018002644c f   libmx:libmx.dll
 0001:00025452       mxIsChar                   0000000180026452 f   libmx:libmx.dll
 0001:00025458       mxGetPr                    0000000180026458 f   libmx:libmx.dll
 0001:0002545e       mxDestroyArray             000000018002645e f   libmx:libmx.dll
 0001:00025464       mxDuplicateArray           0000000180026464 f   libmx:libmx.dll
 0001:0002546a       mxCreateDoubleScalar       000000018002646a f   libmx:libmx.dll
 0001:00025470       mxSetField_730             0000000180026470 f   libmx:libmx.dll
 0001:00025476       mxCreateString             0000000180026476 f   libmx:libmx.dll
 0001:0002547c       mxCreateStructMatrix_730   000000018002647c f   libmx:libmx.dll
 0001:00025482       mxCreateCellMatrix_730     0000000180026482 f   libmx:libmx.dll
 0001:00025488       mxIsEmpty                  0000000180026488 f   libmx:libmx.dll
 0001:0002548e       mxGetClassID               000000018002648e f   libmx:libmx.dll
 0001:00025494       mxIsNumeric                0000000180026494 f   libmx:libmx.dll
 0001:0002549a       mxIsComplex                000000018002649a f   libmx:libmx.dll
 0001:000254a0       mxGetN                     00000001800264a0 f   libmx:libmx.dll
 0001:000254a6       mxGetM                     00000001800264a6 f   libmx:libmx.dll
 0001:000254ac       mxCalloc                   00000001800264ac f   libmx:libmx.dll
 0001:000254b2       mexMakeArrayPersistent     00000001800264b2 f   libmex:libmex.dll
 0001:000254b8       mexUnlock                  00000001800264b8 f   libmex:libmex.dll
 0001:000254be       mexIsLocked                00000001800264be f   libmex:libmex.dll
 0001:000254c4       mexWarnMsgTxt              00000001800264c4 f   libmex:libmex.dll
 0001:000254ca       mexCallMATLAB              00000001800264ca f   libmex:libmex.dll
 0001:000254d0       mexErrMsgTxt               00000001800264d0 f   libmex:libmex.dll
 0001:000254d6       mexLock                    00000001800264d6 f   libmex:libmex.dll
 0001:000254dc       utMalloc                   00000001800264dc f   libut:libut.dll
 0001:000254e2       utFree                     00000001800264e2 f   libut:libut.dll
 0001:000254e8       muDoubleScalarSqrt         00000001800264e8 f   libmwmathutil:libmwmathutil.dll
 0001:000254ee       muDoubleScalarAbs          00000001800264ee f   libmwmathutil:libmwmathutil.dll
 0001:00025500       Orientation_Library_initializer 0000000180026500 f   Orientation_Library_sfun:Orientation_Library_sfun.obj
 0001:00025510       Orientation_Library_terminator 0000000180026510 f   Orientation_Library_sfun:Orientation_Library_sfun.obj
 0001:00025520       sf_Orientation_Library_method_dispatcher 0000000180026520 f   Orientation_Library_sfun:Orientation_Library_sfun.obj
 0001:00025590       sf_Orientation_Library_process_testpoint_info_call 0000000180026590 f   Orientation_Library_sfun:Orientation_Library_sfun.obj
 0001:000256f0       sf_Orientation_Library_process_check_sum_call 00000001800266f0 f   Orientation_Library_sfun:Orientation_Library_sfun.obj
 0001:000259d0       sf_Orientation_Library_autoinheritance_info 00000001800269d0 f   Orientation_Library_sfun:Orientation_Library_sfun.obj
 0001:00025b90       sf_Orientation_Library_get_eml_resolved_functions_info 0000000180026b90 f   Orientation_Library_sfun:Orientation_Library_sfun.obj
 0001:00025d00       sf_Orientation_Library_third_party_uses_info 0000000180026d00 f   Orientation_Library_sfun:Orientation_Library_sfun.obj
 0001:00025e80       sf_Orientation_Library_updateBuildInfo_args_info 0000000180026e80 f   Orientation_Library_sfun:Orientation_Library_sfun.obj
 0001:00026000       Orientation_Library_debug_initialize 0000000180027000 f   Orientation_Library_sfun:Orientation_Library_sfun.obj
 0001:00026090       Orientation_Library_register_exported_symbols 0000000180027090 f   Orientation_Library_sfun:Orientation_Library_sfun.obj
 0001:000260a0       load_Orientation_Library_optimization_info 00000001800270a0 f   Orientation_Library_sfun:Orientation_Library_sfun.obj
 0001:000260f0       unload_Orientation_Library_optimization_info 00000001800270f0 f   Orientation_Library_sfun:Orientation_Library_sfun.obj
 0001:00026120       sf_c27_Orientation_Library_get_eml_resolved_functions_info 0000000180027120 f   Orientation_Library_sfun:c27_Orientation_Library.obj
 0001:00028e50       sf_c27_Orientation_Library_get_check_sum 0000000180029e50 f   Orientation_Library_sfun:c27_Orientation_Library.obj
 0001:00028ed0       sf_c27_Orientation_Library_get_autoinheritance_info 0000000180029ed0 f   Orientation_Library_sfun:c27_Orientation_Library.obj
 0001:000296d0       sf_c27_Orientation_Library_third_party_uses_info 000000018002a6d0 f   Orientation_Library_sfun:c27_Orientation_Library.obj
 0001:00029700       sf_c27_Orientation_Library_updateBuildInfo_args_info 000000018002a700 f   Orientation_Library_sfun:c27_Orientation_Library.obj
 0001:00029730       sf_internal_get_sim_state_c27_Orientation_Library 000000018002a730 f   Orientation_Library_sfun:c27_Orientation_Library.obj
 0001:00029bb0       sf_internal_set_sim_state_c27_Orientation_Library 000000018002abb0 f   Orientation_Library_sfun:c27_Orientation_Library.obj
 0001:0002a1b0       c27_Orientation_Library_method_dispatcher 000000018002b1b0 f   Orientation_Library_sfun:c27_Orientation_Library.obj
 0001:0002dbf0       sf_c5_Orientation_Library_get_eml_resolved_functions_info 000000018002ebf0 f   Orientation_Library_sfun:c5_Orientation_Library.obj
 0001:0002e6e0       sf_c5_Orientation_Library_get_check_sum 000000018002f6e0 f   Orientation_Library_sfun:c5_Orientation_Library.obj
 0001:0002e760       sf_c5_Orientation_Library_get_autoinheritance_info 000000018002f760 f   Orientation_Library_sfun:c5_Orientation_Library.obj
 0001:0002ee10       sf_c5_Orientation_Library_third_party_uses_info 000000018002fe10 f   Orientation_Library_sfun:c5_Orientation_Library.obj
 0001:0002ee40       sf_c5_Orientation_Library_updateBuildInfo_args_info 000000018002fe40 f   Orientation_Library_sfun:c5_Orientation_Library.obj
 0001:0002ee70       sf_internal_get_sim_state_c5_Orientation_Library 000000018002fe70 f   Orientation_Library_sfun:c5_Orientation_Library.obj
 0001:0002f270       sf_internal_set_sim_state_c5_Orientation_Library 0000000180030270 f   Orientation_Library_sfun:c5_Orientation_Library.obj
 0001:0002f760       c5_Orientation_Library_method_dispatcher 0000000180030760 f   Orientation_Library_sfun:c5_Orientation_Library.obj
 0001:0003274c       __GSHandlerCheckCommon     000000018003374c f   MSVCRT:gshandler.obj
 0001:000327b0       __GSHandlerCheck           00000001800337b0 f   MSVCRT:gshandler.obj
 0001:000327ce       strcmp                     00000001800337ce f   MSVCRT:MSVCR100.dll
 0001:000327f0       __security_check_cookie    00000001800337f0 f   MSVCRT:amdsecgs.obj
 0001:00032810       memset                     0000000180033810 f   MSVCRT:MSVCR100.dll
 0001:00032816       strlen                     0000000180033816 f   MSVCRT:MSVCR100.dll
 0001:0003281c       free                       000000018003381c f   MSVCRT:MSVCR100.dll
 0001:00032822       sprintf                    0000000180033822 f   MSVCRT:MSVCR100.dll
 0001:00032828       malloc                     0000000180033828 f   MSVCRT:MSVCR100.dll
 0001:0003282e       strcat                     000000018003382e f   MSVCRT:MSVCR100.dll
 0001:00032834       memcpy                     0000000180033834 f   MSVCRT:MSVCR100.dll
 0001:0003283c       NtCurrentTeb               000000018003383c f i MSVCRT:crtdll.obj
 0001:000328a8       _CRT_INIT                  00000001800338a8 f   MSVCRT:crtdll.obj
 0001:00032c40       _DllMainCRTStartup         0000000180033c40 f   MSVCRT:crtdll.obj
 0001:00032c80       __report_gsfailure         0000000180033c80 f   MSVCRT:gs_report.obj
 0001:00032dcc       __clean_type_info_names    0000000180033dcc f   MSVCRT:tncleanup.obj
 0001:00032dd8       _onexit                    0000000180033dd8 f   MSVCRT:atonexit.obj
 0001:00032e88       atexit                     0000000180033e88 f   MSVCRT:atonexit.obj
 0001:00032ea0       _RTC_Initialize            0000000180033ea0 f   MSVCRT:_initsect_.obj
 0001:00032ed8       _RTC_Terminate             0000000180033ed8 f   MSVCRT:_initsect_.obj
 0001:00032f10       _malloc_crt                0000000180033f10 f   MSVCRT:MSVCR100.dll
 0001:00032f20       _ValidateImageBase         0000000180033f20 f   MSVCRT:pesect.obj
 0001:00032f50       _FindPESection             0000000180033f50 f   MSVCRT:pesect.obj
 0001:00032fa0       _IsNonwritableInCurrentImage 0000000180033fa0 f   MSVCRT:pesect.obj
 0001:00032fe2       _initterm                  0000000180033fe2 f   MSVCRT:MSVCR100.dll
 0001:00032fe8       _initterm_e                0000000180033fe8 f   MSVCRT:MSVCR100.dll
 0001:00032fee       _encoded_null              0000000180033fee f   MSVCRT:MSVCR100.dll
 0001:00032ff4       _amsg_exit                 0000000180033ff4 f   MSVCRT:MSVCR100.dll
 0001:00032ffa       __C_specific_handler       0000000180033ffa f   MSVCRT:MSVCR100.dll
 0001:00033000       __CppXcptFilter            0000000180034000 f   MSVCRT:MSVCR100.dll
 0001:00033008       DllMain                    0000000180034008 f   MSVCRT:dllmain.obj
 0001:0003302c       __security_init_cookie     000000018003402c f   MSVCRT:gs_support.obj
 0001:000330e0       __crt_debugger_hook        00000001800340e0 f   MSVCRT:MSVCR100.dll
 0001:000330e6       __clean_type_info_names_internal 00000001800340e6 f   MSVCRT:MSVCR100.dll
 0001:000330ec       _unlock                    00000001800340ec f   MSVCRT:MSVCR100.dll
 0001:000330f2       __dllonexit                00000001800340f2 f   MSVCRT:MSVCR100.dll
 0001:000330f8       _lock                      00000001800340f8 f   MSVCRT:MSVCR100.dll
 0001:000330fe       EncodePointer              00000001800340fe f   kernel32:KERNEL32.dll
 0001:00033104       DecodePointer              0000000180034104 f   kernel32:KERNEL32.dll
 0001:0003310a       Sleep                      000000018003410a f   kernel32:KERNEL32.dll
 0001:00033110       TerminateProcess           0000000180034110 f   kernel32:KERNEL32.dll
 0001:00033116       GetCurrentProcess          0000000180034116 f   kernel32:KERNEL32.dll
 0001:0003311c       UnhandledExceptionFilter   000000018003411c f   kernel32:KERNEL32.dll
 0001:00033122       SetUnhandledExceptionFilter 0000000180034122 f   kernel32:KERNEL32.dll
 0001:00033128       IsDebuggerPresent          0000000180034128 f   kernel32:KERNEL32.dll
 0001:0003312e       RtlVirtualUnwind           000000018003412e f   kernel32:KERNEL32.dll
 0001:00033134       RtlLookupFunctionEntry     0000000180034134 f   kernel32:KERNEL32.dll
 0001:0003313a       RtlCaptureContext          000000018003413a f   kernel32:KERNEL32.dll
 0001:00033140       DisableThreadLibraryCalls  0000000180034140 f   kernel32:KERNEL32.dll
 0001:00033146       QueryPerformanceCounter    0000000180034146 f   kernel32:KERNEL32.dll
 0001:0003314c       GetTickCount               000000018003414c f   kernel32:KERNEL32.dll
 0001:00033152       GetCurrentThreadId         0000000180034152 f   kernel32:KERNEL32.dll
 0001:00033158       GetCurrentProcessId        0000000180034158 f   kernel32:KERNEL32.dll
 0001:0003315e       GetSystemTimeAsFileTime    000000018003415e f   kernel32:KERNEL32.dll
 0001:00033164       muDoubleScalarAcos         0000000180034164 f   libmwmathutil:libmwmathutil.dll
 0001:0003316a       muDoubleScalarAsin         000000018003416a f   libmwmathutil:libmwmathutil.dll
 0001:00033170       muDoubleScalarAtan2        0000000180034170 f   libmwmathutil:libmwmathutil.dll
 0001:00033176       muDoubleScalarCos          0000000180034176 f   libmwmathutil:libmwmathutil.dll
 0001:0003317c       muDoubleScalarSin          000000018003417c f   libmwmathutil:libmwmathutil.dll
 0002:00000000       __imp_EncodePointer        0000000180035000     kernel32:KERNEL32.dll
 0002:00000008       __imp_Sleep                0000000180035008     kernel32:KERNEL32.dll
 0002:00000010       __imp_TerminateProcess     0000000180035010     kernel32:KERNEL32.dll
 0002:00000018       __imp_GetCurrentProcess    0000000180035018     kernel32:KERNEL32.dll
 0002:00000020       __imp_UnhandledExceptionFilter 0000000180035020     kernel32:KERNEL32.dll
 0002:00000028       __imp_GetSystemTimeAsFileTime 0000000180035028     kernel32:KERNEL32.dll
 0002:00000030       __imp_GetCurrentProcessId  0000000180035030     kernel32:KERNEL32.dll
 0002:00000038       __imp_GetCurrentThreadId   0000000180035038     kernel32:KERNEL32.dll
 0002:00000040       __imp_GetTickCount         0000000180035040     kernel32:KERNEL32.dll
 0002:00000048       __imp_QueryPerformanceCounter 0000000180035048     kernel32:KERNEL32.dll
 0002:00000050       __imp_DisableThreadLibraryCalls 0000000180035050     kernel32:KERNEL32.dll
 0002:00000058       __imp_RtlCaptureContext    0000000180035058     kernel32:KERNEL32.dll
 0002:00000060       __imp_RtlLookupFunctionEntry 0000000180035060     kernel32:KERNEL32.dll
 0002:00000068       __imp_RtlVirtualUnwind     0000000180035068     kernel32:KERNEL32.dll
 0002:00000070       __imp_IsDebuggerPresent    0000000180035070     kernel32:KERNEL32.dll
 0002:00000078       __imp_SetUnhandledExceptionFilter 0000000180035078     kernel32:KERNEL32.dll
 0002:00000080       __imp_DecodePointer        0000000180035080     kernel32:KERNEL32.dll
 0002:00000088       \177KERNEL32_NULL_THUNK_DATA 0000000180035088     kernel32:KERNEL32.dll
 0002:00000090       __imp_strlen               0000000180035090     MSVCRT:MSVCR100.dll
 0002:00000098       __imp_memset               0000000180035098     MSVCRT:MSVCR100.dll
 0002:000000a0       __imp_free                 00000001800350a0     MSVCRT:MSVCR100.dll
 0002:000000a8       __imp_sprintf              00000001800350a8     MSVCRT:MSVCR100.dll
 0002:000000b0       __imp___crt_debugger_hook  00000001800350b0     MSVCRT:MSVCR100.dll
 0002:000000b8       __imp__onexit              00000001800350b8     MSVCRT:MSVCR100.dll
 0002:000000c0       __imp__lock                00000001800350c0     MSVCRT:MSVCR100.dll
 0002:000000c8       __imp___dllonexit          00000001800350c8     MSVCRT:MSVCR100.dll
 0002:000000d0       __imp__unlock              00000001800350d0     MSVCRT:MSVCR100.dll
 0002:000000d8       __imp___clean_type_info_names_internal 00000001800350d8     MSVCRT:MSVCR100.dll
 0002:000000e0       __imp_malloc               00000001800350e0     MSVCRT:MSVCR100.dll
 0002:000000e8       __imp___CppXcptFilter      00000001800350e8     MSVCRT:MSVCR100.dll
 0002:000000f0       __imp___C_specific_handler 00000001800350f0     MSVCRT:MSVCR100.dll
 0002:000000f8       __imp__amsg_exit           00000001800350f8     MSVCRT:MSVCR100.dll
 0002:00000100       __imp__encoded_null        0000000180035100     MSVCRT:MSVCR100.dll
 0002:00000108       __imp__initterm_e          0000000180035108     MSVCRT:MSVCR100.dll
 0002:00000110       __imp__initterm            0000000180035110     MSVCRT:MSVCR100.dll
 0002:00000118       __imp__malloc_crt          0000000180035118     MSVCRT:MSVCR100.dll
 0002:00000120       __imp_memcpy               0000000180035120     MSVCRT:MSVCR100.dll
 0002:00000128       __imp_strcat               0000000180035128     MSVCRT:MSVCR100.dll
 0002:00000130       __imp_strcmp               0000000180035130     MSVCRT:MSVCR100.dll
 0002:00000138       \177MSVCR100_NULL_THUNK_DATA 0000000180035138     MSVCRT:MSVCR100.dll
 0002:00000140       __imp_mexWarnMsgTxt        0000000180035140     libmex:libmex.dll
 0002:00000148       __imp_mexIsLocked          0000000180035148     libmex:libmex.dll
 0002:00000150       __imp_mexUnlock            0000000180035150     libmex:libmex.dll
 0002:00000158       __imp_mexCallMATLAB        0000000180035158     libmex:libmex.dll
 0002:00000160       __imp_mexMakeArrayPersistent 0000000180035160     libmex:libmex.dll
 0002:00000168       __imp_mexErrMsgTxt         0000000180035168     libmex:libmex.dll
 0002:00000170       __imp_mexLock              0000000180035170     libmex:libmex.dll
 0002:00000178       \177libmex_NULL_THUNK_DATA 0000000180035178     libmex:libmex.dll
 0002:00000180       __imp_muDoubleScalarAbs    0000000180035180     libmwmathutil:libmwmathutil.dll
 0002:00000188       __imp_muDoubleScalarAcos   0000000180035188     libmwmathutil:libmwmathutil.dll
 0002:00000190       __imp_muDoubleScalarAsin   0000000180035190     libmwmathutil:libmwmathutil.dll
 0002:00000198       __imp_muDoubleScalarAtan2  0000000180035198     libmwmathutil:libmwmathutil.dll
 0002:000001a0       __imp_muDoubleScalarCos    00000001800351a0     libmwmathutil:libmwmathutil.dll
 0002:000001a8       __imp_muDoubleScalarSin    00000001800351a8     libmwmathutil:libmwmathutil.dll
 0002:000001b0       __imp_muDoubleScalarSqrt   00000001800351b0     libmwmathutil:libmwmathutil.dll
 0002:000001b8       \177libmwmathutil_NULL_THUNK_DATA 00000001800351b8     libmwmathutil:libmwmathutil.dll
 0002:000001c0       __imp_mxCalloc             00000001800351c0     libmx:libmx.dll
 0002:000001c8       __imp_mxGetM               00000001800351c8     libmx:libmx.dll
 0002:000001d0       __imp_mxGetN               00000001800351d0     libmx:libmx.dll
 0002:000001d8       __imp_mxIsComplex          00000001800351d8     libmx:libmx.dll
 0002:000001e0       __imp_mxIsNumeric          00000001800351e0     libmx:libmx.dll
 0002:000001e8       __imp_mxGetClassID         00000001800351e8     libmx:libmx.dll
 0002:000001f0       __imp_mxIsEmpty            00000001800351f0     libmx:libmx.dll
 0002:000001f8       __imp_mxCreateCellMatrix_730 00000001800351f8     libmx:libmx.dll
 0002:00000200       __imp_mxCreateStructMatrix_730 0000000180035200     libmx:libmx.dll
 0002:00000208       __imp_mxCreateString       0000000180035208     libmx:libmx.dll
 0002:00000210       __imp_mxSetField_730       0000000180035210     libmx:libmx.dll
 0002:00000218       __imp_mxCreateDoubleScalar 0000000180035218     libmx:libmx.dll
 0002:00000220       __imp_mxDuplicateArray     0000000180035220     libmx:libmx.dll
 0002:00000228       __imp_mxDestroyArray       0000000180035228     libmx:libmx.dll
 0002:00000230       __imp_mxGetPr              0000000180035230     libmx:libmx.dll
 0002:00000238       __imp_mxIsChar             0000000180035238     libmx:libmx.dll
 0002:00000240       __imp_mxGetString_730      0000000180035240     libmx:libmx.dll
 0002:00000248       __imp_mxGetScalar          0000000180035248     libmx:libmx.dll
 0002:00000250       __imp_mxCreateDoubleMatrix_730 0000000180035250     libmx:libmx.dll
 0002:00000258       \177libmx_NULL_THUNK_DATA  0000000180035258     libmx:libmx.dll
 0002:00000260       __imp_utMalloc             0000000180035260     libut:libut.dll
 0002:00000268       __imp_utFree               0000000180035268     libut:libut.dll
 0002:00000270       \177libut_NULL_THUNK_DATA  0000000180035270     libut:libut.dll
 0002:00000278       __imp_call_sf_machine_global_method_dispatcher 0000000180035278     sf_runtime:sf_runtime.dll
 0002:00000280       __imp_callMdlMethodAndReportError 0000000180035280     sf_runtime:sf_runtime.dll
 0002:00000288       __imp_sf_debug_api         0000000180035288     sf_runtime:sf_runtime.dll
 0002:00000290       __imp_sf_debug_create_debug_instance_struct 0000000180035290     sf_runtime:sf_runtime.dll
 0002:00000298       __imp_sf_debug_terminate   0000000180035298     sf_runtime:sf_runtime.dll
 0002:000002a0       __imp_sf_debug_symbol_scope_add_eml 00000001800352a0     sf_runtime:sf_runtime.dll
 0002:000002a8       __imp_eml_debug_line_call  00000001800352a8     sf_runtime:sf_runtime.dll
 0002:000002b0       __imp_sf_debug_integer_check 00000001800352b0     sf_runtime:sf_runtime.dll
 0002:000002b8       __imp_cv_eml_init_fcn      00000001800352b8     sf_runtime:sf_runtime.dll
 0002:000002c0       __imp_cv_eml_init_mcdc     00000001800352c0     sf_runtime:sf_runtime.dll
 0002:000002c8       __imp_sf_mex_addfield      00000001800352c8     sf_runtime:sf_runtime.dll
 0002:000002d0       __imp_sf_mex_createstruct  00000001800352d0     sf_runtime:sf_runtime.dll
 0002:000002d8       __imp_sf_mex_emlrtNameCapturePostProcessR2012a 00000001800352d8     sf_runtime:sf_runtime.dll
 0002:000002e0       __imp_sf_clear_error_manager_info 00000001800352e0     sf_runtime:sf_runtime.dll
 0002:000002e8       __imp_sf_debug_read_before_write_check 00000001800352e8     sf_runtime:sf_runtime.dll
 0002:000002f0       __imp_sf_debug_eml_data_array_bounds_error_check 00000001800352f0     sf_runtime:sf_runtime.dll
 0002:000002f8       __imp_sf_debug_symbol_scope_push 00000001800352f8     sf_runtime:sf_runtime.dll
 0002:00000300       __imp_sf_debug_data_range_wrapper 0000000180035300     sf_runtime:sf_runtime.dll
 0002:00000308       __imp_cv_eval_point        0000000180035308     sf_runtime:sf_runtime.dll
 0002:00000310       __imp_sf_debug_symbol_scope_push_eml 0000000180035310     sf_runtime:sf_runtime.dll
 0002:00000318       __imp_sf_debug_symbol_scope_add_eml_importable 0000000180035318     sf_runtime:sf_runtime.dll
 0002:00000320       __imp_cv_eml_eval          0000000180035320     sf_runtime:sf_runtime.dll
 0002:00000328       __imp_sf_debug_symbol_scope_pop 0000000180035328     sf_runtime:sf_runtime.dll
 0002:00000330       __imp_sf_mex_printf        0000000180035330     sf_runtime:sf_runtime.dll
 0002:00000338       __imp_sf_mex_call_debug    0000000180035338     sf_runtime:sf_runtime.dll
 0002:00000340       __imp_sf_debug_check_for_state_inconsistency 0000000180035340     sf_runtime:sf_runtime.dll
 0002:00000348       __imp_sf_get_dwork_info_from_mat_file 0000000180035348     sf_runtime:sf_runtime.dll
 0002:00000350       __imp_sf_clear_rtw_identifier 0000000180035350     sf_runtime:sf_runtime.dll
 0002:00000358       __imp_sf_mex_error_direct_call 0000000180035358     sf_runtime:sf_runtime.dll
 0002:00000360       __imp_sf_get_time          0000000180035360     sf_runtime:sf_runtime.dll
 0002:00000368       __imp_sf_debug_initialize_chart 0000000180035368     sf_runtime:sf_runtime.dll
 0002:00000370       __imp_sf_debug_set_chart_disable_implicit_casting 0000000180035370     sf_runtime:sf_runtime.dll
 0002:00000378       __imp_sf_debug_set_chart_event_thresholds 0000000180035378     sf_runtime:sf_runtime.dll
 0002:00000380       __imp_sf_debug_set_chart_data_props 0000000180035380     sf_runtime:sf_runtime.dll
 0002:00000388       __imp_sf_debug_set_chart_state_info 0000000180035388     sf_runtime:sf_runtime.dll
 0002:00000390       __imp_sf_debug_set_chart_substate_count 0000000180035390     sf_runtime:sf_runtime.dll
 0002:00000398       __imp_sf_debug_set_chart_decomposition 0000000180035398     sf_runtime:sf_runtime.dll
 0002:000003a0       __imp_sf_debug_set_chart_substate_index 00000001800353a0     sf_runtime:sf_runtime.dll
 0002:000003a8       __imp_sf_debug_set_chart_state_substate_count 00000001800353a8     sf_runtime:sf_runtime.dll
 0002:000003b0       __imp_sf_debug_cv_init_chart 00000001800353b0     sf_runtime:sf_runtime.dll
 0002:000003b8       __imp_sf_debug_cv_init_state 00000001800353b8     sf_runtime:sf_runtime.dll
 0002:000003c0       __imp_sf_debug_cv_init_trans 00000001800353c0     sf_runtime:sf_runtime.dll
 0002:000003c8       __imp_cv_eml_init_script   00000001800353c8     sf_runtime:sf_runtime.dll
 0002:000003d0       __imp_cv_eml_init_if       00000001800353d0     sf_runtime:sf_runtime.dll
 0002:000003d8       __imp_sf_debug_set_chart_data_compiled_props 00000001800353d8     sf_runtime:sf_runtime.dll
 0002:000003e0       __imp_sf_debug_set_instance_data_value_ptr 00000001800353e0     sf_runtime:sf_runtime.dll
 0002:000003e8       __imp_sf_debug_reset_current_state_configuration 00000001800353e8     sf_runtime:sf_runtime.dll
 0002:000003f0       __imp_sf_set_encoded_dwork_info 00000001800353f0     sf_runtime:sf_runtime.dll
 0002:000003f8       __imp_sim_mode_is_rtw_gen  00000001800353f8     sf_runtime:sf_runtime.dll
 0002:00000400       __imp_sim_mode_is_external 0000000180035400     sf_runtime:sf_runtime.dll
 0002:00000408       __imp_sf_is_chart_inlinable 0000000180035408     sf_runtime:sf_runtime.dll
 0002:00000410       __imp_sf_rtw_info_uint_prop 0000000180035410     sf_runtime:sf_runtime.dll
 0002:00000418       __imp_sf_update_buildInfo  0000000180035418     sf_runtime:sf_runtime.dll
 0002:00000420       __imp_sf_mark_chart_expressionable_inputs 0000000180035420     sf_runtime:sf_runtime.dll
 0002:00000428       __imp_sf_mark_chart_reusable_outputs 0000000180035428     sf_runtime:sf_runtime.dll
 0002:00000430       __imp_sf_set_rtw_dwork_info 0000000180035430     sf_runtime:sf_runtime.dll
 0002:00000438       __imp_sf_mex_duplicatearraysafe 0000000180035438     sf_runtime:sf_runtime.dll
 0002:00000440       __imp_sf_mex_import        0000000180035440     sf_runtime:sf_runtime.dll
 0002:00000448       __imp_sf_debug_get_animation 0000000180035448     sf_runtime:sf_runtime.dll
 0002:00000450       __imp_sf_debug_set_animation 0000000180035450     sf_runtime:sf_runtime.dll
 0002:00000458       __imp_sf_debug_set_honor_breakpoints 0000000180035458     sf_runtime:sf_runtime.dll
 0002:00000460       __imp_sf_debug_call        0000000180035460     sf_runtime:sf_runtime.dll
 0002:00000468       __imp_sf_debug_animate     0000000180035468     sf_runtime:sf_runtime.dll
 0002:00000470       __imp_sf_mex_dup           0000000180035470     sf_runtime:sf_runtime.dll
 0002:00000478       __imp_sf_mex_getcell       0000000180035478     sf_runtime:sf_runtime.dll
 0002:00000480       __imp_sf_mex_destroy       0000000180035480     sf_runtime:sf_runtime.dll
 0002:00000488       __imp_sf_mex_decode_encoded_mx_struct_array 0000000180035488     sf_runtime:sf_runtime.dll
 0002:00000490       __imp_sf_mex_createcellmatrix 0000000180035490     sf_runtime:sf_runtime.dll
 0002:00000498       __imp_sf_mex_setcell       0000000180035498     sf_runtime:sf_runtime.dll
 0002:000004a0       __imp_sf_mex_call_matlab   00000001800354a0     sf_runtime:sf_runtime.dll
 0002:000004a8       __imp_sf_mex_error_message 00000001800354a8     sf_runtime:sf_runtime.dll
 0002:000004b0       __imp_sf_mex_create        00000001800354b0     sf_runtime:sf_runtime.dll
 0002:000004b8       __imp_sf_mex_assign        00000001800354b8     sf_runtime:sf_runtime.dll
 0002:000004c0       __imp_sf_load_rtw_optimization_info 00000001800354c0     sf_runtime:sf_runtime.dll
 0002:000004c8       __imp_sf_debug_initialize_machine 00000001800354c8     sf_runtime:sf_runtime.dll
 0002:000004d0       __imp_sf_debug_set_machine_event_thresholds 00000001800354d0     sf_runtime:sf_runtime.dll
 0002:000004d8       __imp_sf_debug_set_machine_data_thresholds 00000001800354d8     sf_runtime:sf_runtime.dll
 0002:000004e0       \177sf_runtime_NULL_THUNK_DATA 00000001800354e0     sf_runtime:sf_runtime.dll
 0002:000004e8       __xc_a                     00000001800354e8     MSVCRT:cinitexe.obj
 0002:000004f0       __xc_z                     00000001800354f0     MSVCRT:cinitexe.obj
 0002:000004f8       __xi_a                     00000001800354f8     MSVCRT:cinitexe.obj
 0002:00000508       __xi_z                     0000000180035508     MSVCRT:cinitexe.obj
 0002:00000510       __real@41d06d319fc00000    0000000180035510     mission_server_leader_follower_qbot2_qbot2_sfun.obj
 0002:00000518       __real@41d8175bfa000000    0000000180035518     mission_server_leader_follower_qbot2_qbot2_sfun.obj
 0002:00000520       __real@41d6cb773a400000    0000000180035520     mission_server_leader_follower_qbot2_qbot2_sfun.obj
 0002:00000528       __real@41dc32246ac00000    0000000180035528     mission_server_leader_follower_qbot2_qbot2_sfun.obj
 0002:00000530       __real@41ad4b2baa000000    0000000180035530     mission_server_leader_follower_qbot2_qbot2_sfun.obj
 0002:00000538       __real@41e4f54984000000    0000000180035538     mission_server_leader_follower_qbot2_qbot2_sfun.obj
 0002:00000540       __real@41e2ce78c3a00000    0000000180035540     mission_server_leader_follower_qbot2_qbot2_sfun.obj
 0002:00000548       __real@41e6fa90b7000000    0000000180035548     mission_server_leader_follower_qbot2_qbot2_sfun.obj
 0002:00000550       __real@41ebc7905de00000    0000000180035550     mission_server_leader_follower_qbot2_qbot2_sfun.obj
 0002:00000558       __real@41deb78dab000000    0000000180035558     mission_server_leader_follower_qbot2_qbot2_sfun.obj
 0002:00000560       __real@41e0660bf3200000    0000000180035560     mission_server_leader_follower_qbot2_qbot2_sfun.obj
 0002:00000568       __real@41c1c7b635000000    0000000180035568     mission_server_leader_follower_qbot2_qbot2_sfun.obj
 0002:00000570       __real@41d8bf7c8bc00000    0000000180035570     mission_server_leader_follower_qbot2_qbot2_sfun.obj
 0002:00000578       __real@41d364227d400000    0000000180035578     mission_server_leader_follower_qbot2_qbot2_sfun.obj
 0002:00000580       __real@41ee75b05fe00000    0000000180035580     mission_server_leader_follower_qbot2_qbot2_sfun.obj
 0002:00000588       __real@41d6c1a3dac00000    0000000180035588     mission_server_leader_follower_qbot2_qbot2_sfun.obj
 0002:00000590       __real@419b5ee370000000    0000000180035590     c1_mission_server_leader_follower_qbot2_qbot2.obj
 0002:00000598       __real@41e84744b3200000    0000000180035598     c1_mission_server_leader_follower_qbot2_qbot2.obj
 0002:000005a0       __real@41c5bae431800000    00000001800355a0     c1_mission_server_leader_follower_qbot2_qbot2.obj
 0002:000005a8       __real@41c35bb692800000    00000001800355a8     c1_mission_server_leader_follower_qbot2_qbot2.obj
 0002:000005b0       __real@4024000000000000    00000001800355b0     c1_mission_server_leader_follower_qbot2_qbot2.obj
 0002:000005b8       __real@3ff0000000000000    00000001800355b8     c1_mission_server_leader_follower_qbot2_qbot2.obj
 0002:000005c0       __real@41bac3ce83000000    00000001800355c0     c2_mission_server_leader_follower_qbot2_qbot2.obj
 0002:000005c8       __real@41c638e080800000    00000001800355c8     c2_mission_server_leader_follower_qbot2_qbot2.obj
 0002:000005d0       __real@41d2d5321e400000    00000001800355d0     c2_mission_server_leader_follower_qbot2_qbot2.obj
 0002:000005d8       __real@41dd5a0df7000000    00000001800355d8     c2_mission_server_leader_follower_qbot2_qbot2.obj
 0002:000005e0       __real@3fc3333333333333    00000001800355e0     c2_mission_server_leader_follower_qbot2_qbot2.obj
 0002:000005e8       __real@4010000000000000    00000001800355e8     c2_mission_server_leader_follower_qbot2_qbot2.obj
 0002:000005f0       __real@0010000000000000    00000001800355f0     c2_mission_server_leader_follower_qbot2_qbot2.obj
 0002:00000600       DYNAMIC_DIMENSION_DEF      0000000180035600     mission_server_leader_follower_qbot2_qbot2_sfun_registry.obj
 0002:00000620       _ssBadLevel2InputAccessMsg 0000000180035620     mission_server_leader_follower_qbot2_qbot2_sfun_registry.obj
 0002:000007b0       _ssBadLevel2DirectFeedMsg  00000001800357b0     mission_server_leader_follower_qbot2_qbot2_sfun_registry.obj
 0002:000008f0       _ssBadLevel2DirectFeedSolutionMsg 00000001800358f0     mission_server_leader_follower_qbot2_qbot2_sfun_registry.obj
 0002:00000960       _ssBadLevel2ZeroDirectFeedMsg 0000000180035960     mission_server_leader_follower_qbot2_qbot2_sfun_registry.obj
 0002:00000aa0       _ssBadLevel2ZeroDirectFeedMsg2 0000000180035aa0     mission_server_leader_follower_qbot2_qbot2_sfun_registry.obj
 0002:00000b88       __real@0000000000000000    0000000180035b88     mission_server_leader_follower_qbot2_qbot2_sfun_registry.obj
 0002:00000b90       __real@bff0000000000000    0000000180035b90     mission_server_leader_follower_qbot2_qbot2_sfun_registry.obj
 0002:00000b98       __real@41602cbca0000000    0000000180035b98     mission_server_leader_follower_qbot2_qbot2_sfun_registry.obj
 0002:00000ba0       __real@41e82f30d3000000    0000000180035ba0     Orientation_Library_sfun:Orientation_Library_sfun.obj
 0002:00000ba8       __real@41ca49e449000000    0000000180035ba8     Orientation_Library_sfun:Orientation_Library_sfun.obj
 0002:00000bb0       __real@41e9ad18ebc00000    0000000180035bb0     Orientation_Library_sfun:Orientation_Library_sfun.obj
 0002:00000bb8       __real@41db35ac12400000    0000000180035bb8     Orientation_Library_sfun:Orientation_Library_sfun.obj
 0002:00000bc0       __real@41d6da6e1d800000    0000000180035bc0     Orientation_Library_sfun:c27_Orientation_Library.obj
 0002:00000bc8       __real@419ef17858000000    0000000180035bc8     Orientation_Library_sfun:c27_Orientation_Library.obj
 0002:00000bd0       __real@41eaf37be7800000    0000000180035bd0     Orientation_Library_sfun:c27_Orientation_Library.obj
 0002:00000bd8       __real@41e37b2905a00000    0000000180035bd8     Orientation_Library_sfun:c27_Orientation_Library.obj
 0002:00000be0       __real@4008000000000000    0000000180035be0     Orientation_Library_sfun:c27_Orientation_Library.obj
 0002:00000bf0       __mask@@NegDouble@         0000000180035bf0     Orientation_Library_sfun:c27_Orientation_Library.obj
 0002:00000c00       __real@3cb0000000000000    0000000180035c00     Orientation_Library_sfun:c27_Orientation_Library.obj
 0002:00000c08       __real@4000000000000000    0000000180035c08     Orientation_Library_sfun:c27_Orientation_Library.obj
 0002:00000c10       __real@41bee3003b000000    0000000180035c10     Orientation_Library_sfun:c5_Orientation_Library.obj
 0002:00000c18       __real@41e4e31303800000    0000000180035c18     Orientation_Library_sfun:c5_Orientation_Library.obj
 0002:00000c20       __real@41e3b574a9600000    0000000180035c20     Orientation_Library_sfun:c5_Orientation_Library.obj
 0002:00000c28       __real@41ee88456ca00000    0000000180035c28     Orientation_Library_sfun:c5_Orientation_Library.obj
 0002:00000c30       _pDefaultRawDllMain        0000000180035c30     MSVCRT:crtdll.obj
 0002:00000c30       _pRawDllMain               0000000180035c30     MSVCRT:crtdll.obj
 0002:00000c48       ?ProcessDetach@NativeDll@<CrtImplementationDetails>@@0IB 0000000180035c48     MSVCRT:tncleanup.obj
 0002:00000c4c       ?ProcessAttach@NativeDll@<CrtImplementationDetails>@@0IB 0000000180035c4c     MSVCRT:tncleanup.obj
 0002:00000c50       ?ThreadAttach@NativeDll@<CrtImplementationDetails>@@0IB 0000000180035c50     MSVCRT:tncleanup.obj
 0002:00000c54       ?ThreadDetach@NativeDll@<CrtImplementationDetails>@@0IB 0000000180035c54     MSVCRT:tncleanup.obj
 0002:00000c58       ?ProcessVerifier@NativeDll@<CrtImplementationDetails>@@0IB 0000000180035c58     MSVCRT:tncleanup.obj
 0002:00000c60       __rtc_iaa                  0000000180035c60     MSVCRT:_initsect_.obj
 0002:00000c68       __rtc_izz                  0000000180035c68     MSVCRT:_initsect_.obj
 0002:00000c70       __rtc_taa                  0000000180035c70     MSVCRT:_initsect_.obj
 0002:00000c78       __rtc_tzz                  0000000180035c78     MSVCRT:_initsect_.obj
 0002:00001af0       __IMPORT_DESCRIPTOR_sf_runtime 0000000180036af0     sf_runtime:sf_runtime.dll
 0002:00001b04       __IMPORT_DESCRIPTOR_libmx  0000000180036b04     libmx:libmx.dll
 0002:00001b18       __IMPORT_DESCRIPTOR_libmex 0000000180036b18     libmex:libmex.dll
 0002:00001b2c       __IMPORT_DESCRIPTOR_libut  0000000180036b2c     libut:libut.dll
 0002:00001b40       __IMPORT_DESCRIPTOR_libmwmathutil 0000000180036b40     libmwmathutil:libmwmathutil.dll
 0002:00001b54       __IMPORT_DESCRIPTOR_MSVCR100 0000000180036b54     MSVCRT:MSVCR100.dll
 0002:00001b68       __IMPORT_DESCRIPTOR_KERNEL32 0000000180036b68     kernel32:KERNEL32.dll
 0002:00001b7c       __NULL_IMPORT_DESCRIPTOR   0000000180036b7c     sf_runtime:sf_runtime.dll
 0003:00008790       DYNAMIC_DIMENSION          0000000180040790     mission_server_leader_follower_qbot2_qbot2_sfun_registry.obj
 0003:0000c290       __security_cookie          0000000180044290     MSVCRT:gs_cookie.obj
 0003:0000c298       __security_cookie_complement 0000000180044298     MSVCRT:gs_cookie.obj
 0003:0000c2a0       _fltused                   00000001800442a0     MSVCRT:dllsupp.obj
 0003:0000c2b0       __native_dllmain_reason    00000001800442b0     MSVCRT:natstart.obj
 0003:0000c2b4       __native_vcclrit_reason    00000001800442b4     MSVCRT:natstart.obj
 0003:0000c3e8       sfGlobalDebugInstanceStruct 00000001800443e8     mission_server_leader_follower_qbot2_qbot2_sfun_registry.obj
 0003:0000c990       ?__type_info_root_node@@3U__type_info_node@@A 0000000180044990     MSVCRT:tncleanup.obj
 0003:0000c9a0       _mission_server_leader_follower_qbot2_qbot2MachineNumber_ 00000001800449a0     <common>
 0003:0000c9a4       _Orientation_LibraryMachineNumber_ 00000001800449a4     <common>
 0003:0000c9a8       __native_startup_state     00000001800449a8     <common>
 0003:0000c9b0       __native_startup_lock      00000001800449b0     <common>
 0003:0000c9b8       __onexitend                00000001800449b8     <common>
 0003:0000c9c0       __onexitbegin              00000001800449c0     <common>
 0003:0000c9c8       __dyn_tls_init_callback    00000001800449c8     <common>

 entry point at        0001:00032c40

 Static symbols

 0001:00001ce0       get_sim_state_c1_mission_server_leader_follower_qbot2_qbot2 0000000180002ce0 f   c1_mission_server_leader_follower_qbot2_qbot2.obj
 0001:000020f0       sf_get_sim_state_info_c1_mission_server_leader_follower_qbot2_qbot2 00000001800030f0 f   c1_mission_server_leader_follower_qbot2_qbot2.obj
 0001:000022c0       set_sim_state_c1_mission_server_leader_follower_qbot2_qbot2 00000001800032c0 f   c1_mission_server_leader_follower_qbot2_qbot2.obj
 0001:000024e0       c1_update_debugger_state_c1_mission_server_leader_follower_qbot2 00000001800034e0 f   c1_mission_server_leader_follower_qbot2_qbot2.obj
 0001:000028b0       c1_emlrt_marshallIn        00000001800038b0 f   c1_mission_server_leader_follower_qbot2_qbot2.obj
 0001:00002920       c1_b_emlrt_marshallIn      0000000180003920 f   c1_mission_server_leader_follower_qbot2_qbot2.obj
 0001:000029b0       c1_e_emlrt_marshallIn      00000001800039b0 f   c1_mission_server_leader_follower_qbot2_qbot2.obj
 0001:00002a10       c1_f_emlrt_marshallIn      0000000180003a10 f   c1_mission_server_leader_follower_qbot2_qbot2.obj
 0001:00002aa0       c1_g_emlrt_marshallIn      0000000180003aa0 f   c1_mission_server_leader_follower_qbot2_qbot2.obj
 0001:00002b20       c1_h_emlrt_marshallIn      0000000180003b20 f   c1_mission_server_leader_follower_qbot2_qbot2.obj
 0001:00002c30       mdlProcessParameters_c1_mission_server_leader_follower_qbot2_qbot2 0000000180003c30 f   c1_mission_server_leader_follower_qbot2_qbot2.obj
 0001:00002d10       initialize_params_c1_mission_server_leader_follower_qbot2_qbot2 0000000180003d10 f   c1_mission_server_leader_follower_qbot2_qbot2.obj
 0001:00002d20       mdlSetWorkWidths_c1_mission_server_leader_follower_qbot2_qbot2 0000000180003d20 f   c1_mission_server_leader_follower_qbot2_qbot2.obj
 0001:000032b0       sf_get_instance_specialization 00000001800042b0 f   c1_mission_server_leader_follower_qbot2_qbot2.obj
 0001:000032c0       sf_set_sfun_dwork_info     00000001800042c0 f   c1_mission_server_leader_follower_qbot2_qbot2.obj
 0001:00003300       mdlStart_c1_mission_server_leader_follower_qbot2_qbot2 0000000180004300 f   c1_mission_server_leader_follower_qbot2_qbot2.obj
 0001:00003540       init_dsm_address_info      0000000180004540 f   c1_mission_server_leader_follower_qbot2_qbot2.obj
 0001:00003550       chart_debug_initialization 0000000180004550 f   c1_mission_server_leader_follower_qbot2_qbot2.obj
 0001:00004790       init_script_number_translation 0000000180005790 f   c1_mission_server_leader_follower_qbot2_qbot2.obj
 0001:000047b0       c1_sf_marshallOut          00000001800057b0 f   c1_mission_server_leader_follower_qbot2_qbot2.obj
 0001:00004860       c1_sf_marshallIn           0000000180005860 f   c1_mission_server_leader_follower_qbot2_qbot2.obj
 0001:00004900       sf_opaque_initialize_c1_mission_server_leader_follower_qbot2_qbot2 0000000180005900 f   c1_mission_server_leader_follower_qbot2_qbot2.obj
 0001:00004950       initialize_c1_mission_server_leader_follower_qbot2_qbot2 0000000180005950 f   c1_mission_server_leader_follower_qbot2_qbot2.obj
 0001:00004a00       sf_check_dwork_consistency 0000000180005a00 f   c1_mission_server_leader_follower_qbot2_qbot2.obj
 0001:00004af0       sf_opaque_enable_c1_mission_server_leader_follower_qbot2_qbot2 0000000180005af0 f   c1_mission_server_leader_follower_qbot2_qbot2.obj
 0001:00004b10       enable_c1_mission_server_leader_follower_qbot2_qbot2 0000000180005b10 f   c1_mission_server_leader_follower_qbot2_qbot2.obj
 0001:00004b40       sf_opaque_disable_c1_mission_server_leader_follower_qbot2_qbot2 0000000180005b40 f   c1_mission_server_leader_follower_qbot2_qbot2.obj
 0001:00004b60       disable_c1_mission_server_leader_follower_qbot2_qbot2 0000000180005b60 f   c1_mission_server_leader_follower_qbot2_qbot2.obj
 0001:00004b90       sf_opaque_gateway_c1_mission_server_leader_follower_qbot2_qbot2 0000000180005b90 f   c1_mission_server_leader_follower_qbot2_qbot2.obj
 0001:00004bb0       sf_gateway_c1_mission_server_leader_follower_qbot2_qbot2 0000000180005bb0 f   c1_mission_server_leader_follower_qbot2_qbot2.obj
 0001:000065f0       c1_set_sim_state_side_effects_c1_mission_server_leader_follower_ 00000001800075f0 f   c1_mission_server_leader_follower_qbot2_qbot2.obj
 0001:00006620       c1_b_sf_marshallOut        0000000180007620 f   c1_mission_server_leader_follower_qbot2_qbot2.obj
 0001:000066d0       c1_b_sf_marshallIn         00000001800076d0 f   c1_mission_server_leader_follower_qbot2_qbot2.obj
 0001:00006770       c1_c_emlrt_marshallIn      0000000180007770 f   c1_mission_server_leader_follower_qbot2_qbot2.obj
 0001:00006800       c1_updateDataWrittenToVector 0000000180007800 f   c1_mission_server_leader_follower_qbot2_qbot2.obj
 0001:00006880       c1_errorIfDataNotWrittenToFcn 0000000180007880 f   c1_mission_server_leader_follower_qbot2_qbot2.obj
 0001:00006940       sf_opaque_ext_mode_exec_c1_mission_server_leader_follower_qbot2_qbot2 0000000180007940 f   c1_mission_server_leader_follower_qbot2_qbot2.obj
 0001:00006960       ext_mode_exec_c1_mission_server_leader_follower_qbot2_qbot2 0000000180007960 f   c1_mission_server_leader_follower_qbot2_qbot2.obj
 0001:00006980       sf_opaque_get_sim_state_c1_mission_server_leader_follower_qbot2_qbot2 0000000180007980 f   c1_mission_server_leader_follower_qbot2_qbot2.obj
 0001:000069a0       sf_opaque_set_sim_state_c1_mission_server_leader_follower_qbot2_qbot2 00000001800079a0 f   c1_mission_server_leader_follower_qbot2_qbot2.obj
 0001:000069d0       sf_opaque_terminate_c1_mission_server_leader_follower_qbot2_qbot2 00000001800079d0 f   c1_mission_server_leader_follower_qbot2_qbot2.obj
 0001:00006a70       finalize_c1_mission_server_leader_follower_qbot2_qbot2 0000000180007a70 f   c1_mission_server_leader_follower_qbot2_qbot2.obj
 0001:00006aa0       sf_opaque_init_subchart_simstructs 0000000180007aa0 f   c1_mission_server_leader_follower_qbot2_qbot2.obj
 0001:00006ac0       initSimStructsc1_mission_server_leader_follower_qbot2_qbot2 0000000180007ac0 f   c1_mission_server_leader_follower_qbot2_qbot2.obj
 0001:00006ad0       sf_get_sfun_dwork_checksum 0000000180007ad0 f   c1_mission_server_leader_follower_qbot2_qbot2.obj
 0001:00006ae0       mdlRTW_c1_mission_server_leader_follower_qbot2_qbot2 0000000180007ae0 f   c1_mission_server_leader_follower_qbot2_qbot2.obj
 0001:00006b90       c2_info_helper             0000000180007b90 f   c2_mission_server_leader_follower_qbot2_qbot2.obj
 0001:0000a600       c2_emlrt_marshallOut       000000018000b600 f   c2_mission_server_leader_follower_qbot2_qbot2.obj
 0001:0000a690       c2_b_emlrt_marshallOut     000000018000b690 f   c2_mission_server_leader_follower_qbot2_qbot2.obj
 0001:0000b4c0       get_sim_state_c2_mission_server_leader_follower_qbot2_qbot2 000000018000c4c0 f   c2_mission_server_leader_follower_qbot2_qbot2.obj
 0001:0000b9d0       sf_get_sim_state_info_c2_mission_server_leader_follower_qbot2_qbot2 000000018000c9d0 f   c2_mission_server_leader_follower_qbot2_qbot2.obj
 0001:0000bba0       set_sim_state_c2_mission_server_leader_follower_qbot2_qbot2 000000018000cba0 f   c2_mission_server_leader_follower_qbot2_qbot2.obj
 0001:0000bda0       c2_update_debugger_state_c2_mission_server_leader_follower_qbot2 000000018000cda0 f   c2_mission_server_leader_follower_qbot2_qbot2.obj
 0001:0000bdb0       c2_emlrt_marshallIn        000000018000cdb0 f   c2_mission_server_leader_follower_qbot2_qbot2.obj
 0001:0000be20       c2_b_emlrt_marshallIn      000000018000ce20 f   c2_mission_server_leader_follower_qbot2_qbot2.obj
 0001:0000bee0       c2_c_emlrt_marshallIn      000000018000cee0 f   c2_mission_server_leader_follower_qbot2_qbot2.obj
 0001:0000bf50       c2_d_emlrt_marshallIn      000000018000cf50 f   c2_mission_server_leader_follower_qbot2_qbot2.obj
 0001:0000bfe0       c2_f_emlrt_marshallIn      000000018000cfe0 f   c2_mission_server_leader_follower_qbot2_qbot2.obj
 0001:0000c040       c2_g_emlrt_marshallIn      000000018000d040 f   c2_mission_server_leader_follower_qbot2_qbot2.obj
 0001:0000c140       mdlProcessParameters_c2_mission_server_leader_follower_qbot2_qbot2 000000018000d140 f   c2_mission_server_leader_follower_qbot2_qbot2.obj
 0001:0000c220       initialize_params_c2_mission_server_leader_follower_qbot2_qbot2 000000018000d220 f   c2_mission_server_leader_follower_qbot2_qbot2.obj
 0001:0000c230       mdlSetWorkWidths_c2_mission_server_leader_follower_qbot2_qbot2 000000018000d230 f   c2_mission_server_leader_follower_qbot2_qbot2.obj
 0001:0000c790       sf_get_instance_specialization 000000018000d790 f   c2_mission_server_leader_follower_qbot2_qbot2.obj
 0001:0000c7a0       mdlStart_c2_mission_server_leader_follower_qbot2_qbot2 000000018000d7a0 f   c2_mission_server_leader_follower_qbot2_qbot2.obj
 0001:0000c9d0       init_dsm_address_info      000000018000d9d0 f   c2_mission_server_leader_follower_qbot2_qbot2.obj
 0001:0000c9e0       chart_debug_initialization 000000018000d9e0 f   c2_mission_server_leader_follower_qbot2_qbot2.obj
 0001:0000db40       init_script_number_translation 000000018000eb40 f   c2_mission_server_leader_follower_qbot2_qbot2.obj
 0001:0000db60       c2_b_sf_marshallOut        000000018000eb60 f   c2_mission_server_leader_follower_qbot2_qbot2.obj
 0001:0000dc10       c2_b_sf_marshallIn         000000018000ec10 f   c2_mission_server_leader_follower_qbot2_qbot2.obj
 0001:0000dcb0       sf_opaque_initialize_c2_mission_server_leader_follower_qbot2_qbot2 000000018000ecb0 f   c2_mission_server_leader_follower_qbot2_qbot2.obj
 0001:0000dcf0       initialize_c2_mission_server_leader_follower_qbot2_qbot2 000000018000ecf0 f   c2_mission_server_leader_follower_qbot2_qbot2.obj
 0001:0000dd40       sf_opaque_enable_c2_mission_server_leader_follower_qbot2_qbot2 000000018000ed40 f   c2_mission_server_leader_follower_qbot2_qbot2.obj
 0001:0000dd60       enable_c2_mission_server_leader_follower_qbot2_qbot2 000000018000ed60 f   c2_mission_server_leader_follower_qbot2_qbot2.obj
 0001:0000dd90       sf_opaque_disable_c2_mission_server_leader_follower_qbot2_qbot2 000000018000ed90 f   c2_mission_server_leader_follower_qbot2_qbot2.obj
 0001:0000ddb0       disable_c2_mission_server_leader_follower_qbot2_qbot2 000000018000edb0 f   c2_mission_server_leader_follower_qbot2_qbot2.obj
 0001:0000dde0       sf_opaque_gateway_c2_mission_server_leader_follower_qbot2_qbot2 000000018000ede0 f   c2_mission_server_leader_follower_qbot2_qbot2.obj
 0001:0000de00       sf_gateway_c2_mission_server_leader_follower_qbot2_qbot2 000000018000ee00 f   c2_mission_server_leader_follower_qbot2_qbot2.obj
 0001:0000f7f0       c2_sf_marshallOut          00000001800107f0 f   c2_mission_server_leader_follower_qbot2_qbot2.obj
 0001:0000f910       c2_sf_marshallIn           0000000180010910 f   c2_mission_server_leader_follower_qbot2_qbot2.obj
 0001:0000f9b0       c2_eml_xnrm2               00000001800109b0 f   c2_mission_server_leader_follower_qbot2_qbot2.obj
 0001:0000fba0       sf_opaque_get_sim_state_c2_mission_server_leader_follower_qbot2_qbot2 0000000180010ba0 f   c2_mission_server_leader_follower_qbot2_qbot2.obj
 0001:0000fbc0       sf_opaque_set_sim_state_c2_mission_server_leader_follower_qbot2_qbot2 0000000180010bc0 f   c2_mission_server_leader_follower_qbot2_qbot2.obj
 0001:0000fbf0       sf_opaque_terminate_c2_mission_server_leader_follower_qbot2_qbot2 0000000180010bf0 f   c2_mission_server_leader_follower_qbot2_qbot2.obj
 0001:0000fc90       finalize_c2_mission_server_leader_follower_qbot2_qbot2 0000000180010c90 f   c2_mission_server_leader_follower_qbot2_qbot2.obj
 0001:0000fca0       sf_opaque_init_subchart_simstructs 0000000180010ca0 f   c2_mission_server_leader_follower_qbot2_qbot2.obj
 0001:0000fcc0       initSimStructsc2_mission_server_leader_follower_qbot2_qbot2 0000000180010cc0 f   c2_mission_server_leader_follower_qbot2_qbot2.obj
 0001:0000fcd0       mdlRTW_c2_mission_server_leader_follower_qbot2_qbot2 0000000180010cd0 f   c2_mission_server_leader_follower_qbot2_qbot2.obj
 0001:0000fd80       c3_info_helper             0000000180010d80 f   c3_mission_server_leader_follower_qbot2_qbot2.obj
 0001:000137f0       c3_emlrt_marshallOut       00000001800147f0 f   c3_mission_server_leader_follower_qbot2_qbot2.obj
 0001:00013880       c3_b_emlrt_marshallOut     0000000180014880 f   c3_mission_server_leader_follower_qbot2_qbot2.obj
 0001:000146b0       get_sim_state_c3_mission_server_leader_follower_qbot2_qbot2 00000001800156b0 f   c3_mission_server_leader_follower_qbot2_qbot2.obj
 0001:00014bd0       sf_get_sim_state_info_c3_mission_server_leader_follower_qbot2_qbot2 0000000180015bd0 f   c3_mission_server_leader_follower_qbot2_qbot2.obj
 0001:00014da0       set_sim_state_c3_mission_server_leader_follower_qbot2_qbot2 0000000180015da0 f   c3_mission_server_leader_follower_qbot2_qbot2.obj
 0001:00014fa0       c3_update_debugger_state_c3_mission_server_leader_follower_qbot2 0000000180015fa0 f   c3_mission_server_leader_follower_qbot2_qbot2.obj
 0001:00014fb0       c3_emlrt_marshallIn        0000000180015fb0 f   c3_mission_server_leader_follower_qbot2_qbot2.obj
 0001:00015020       c3_b_emlrt_marshallIn      0000000180016020 f   c3_mission_server_leader_follower_qbot2_qbot2.obj
 0001:000150e0       c3_c_emlrt_marshallIn      00000001800160e0 f   c3_mission_server_leader_follower_qbot2_qbot2.obj
 0001:00015150       c3_d_emlrt_marshallIn      0000000180016150 f   c3_mission_server_leader_follower_qbot2_qbot2.obj
 0001:000151e0       c3_f_emlrt_marshallIn      00000001800161e0 f   c3_mission_server_leader_follower_qbot2_qbot2.obj
 0001:00015240       c3_g_emlrt_marshallIn      0000000180016240 f   c3_mission_server_leader_follower_qbot2_qbot2.obj
 0001:00015340       mdlProcessParameters_c3_mission_server_leader_follower_qbot2_qbot2 0000000180016340 f   c3_mission_server_leader_follower_qbot2_qbot2.obj
 0001:00015420       initialize_params_c3_mission_server_leader_follower_qbot2_qbot2 0000000180016420 f   c3_mission_server_leader_follower_qbot2_qbot2.obj
 0001:00015430       mdlSetWorkWidths_c3_mission_server_leader_follower_qbot2_qbot2 0000000180016430 f   c3_mission_server_leader_follower_qbot2_qbot2.obj
 0001:00015990       sf_get_instance_specialization 0000000180016990 f   c3_mission_server_leader_follower_qbot2_qbot2.obj
 0001:000159a0       mdlStart_c3_mission_server_leader_follower_qbot2_qbot2 00000001800169a0 f   c3_mission_server_leader_follower_qbot2_qbot2.obj
 0001:00015bd0       init_dsm_address_info      0000000180016bd0 f   c3_mission_server_leader_follower_qbot2_qbot2.obj
 0001:00015be0       chart_debug_initialization 0000000180016be0 f   c3_mission_server_leader_follower_qbot2_qbot2.obj
 0001:00016d40       init_script_number_translation 0000000180017d40 f   c3_mission_server_leader_follower_qbot2_qbot2.obj
 0001:00016d60       c3_b_sf_marshallOut        0000000180017d60 f   c3_mission_server_leader_follower_qbot2_qbot2.obj
 0001:00016e10       c3_b_sf_marshallIn         0000000180017e10 f   c3_mission_server_leader_follower_qbot2_qbot2.obj
 0001:00016eb0       sf_opaque_initialize_c3_mission_server_leader_follower_qbot2_qbot2 0000000180017eb0 f   c3_mission_server_leader_follower_qbot2_qbot2.obj
 0001:00016ef0       initialize_c3_mission_server_leader_follower_qbot2_qbot2 0000000180017ef0 f   c3_mission_server_leader_follower_qbot2_qbot2.obj
 0001:00016f40       sf_opaque_enable_c3_mission_server_leader_follower_qbot2_qbot2 0000000180017f40 f   c3_mission_server_leader_follower_qbot2_qbot2.obj
 0001:00016f60       enable_c3_mission_server_leader_follower_qbot2_qbot2 0000000180017f60 f   c3_mission_server_leader_follower_qbot2_qbot2.obj
 0001:00016f90       sf_opaque_disable_c3_mission_server_leader_follower_qbot2_qbot2 0000000180017f90 f   c3_mission_server_leader_follower_qbot2_qbot2.obj
 0001:00016fb0       disable_c3_mission_server_leader_follower_qbot2_qbot2 0000000180017fb0 f   c3_mission_server_leader_follower_qbot2_qbot2.obj
 0001:00016fe0       sf_opaque_gateway_c3_mission_server_leader_follower_qbot2_qbot2 0000000180017fe0 f   c3_mission_server_leader_follower_qbot2_qbot2.obj
 0001:00017000       sf_gateway_c3_mission_server_leader_follower_qbot2_qbot2 0000000180018000 f   c3_mission_server_leader_follower_qbot2_qbot2.obj
 0001:000189f0       c3_sf_marshallOut          00000001800199f0 f   c3_mission_server_leader_follower_qbot2_qbot2.obj
 0001:00018b10       c3_sf_marshallIn           0000000180019b10 f   c3_mission_server_leader_follower_qbot2_qbot2.obj
 0001:00018bb0       c3_eml_xnrm2               0000000180019bb0 f   c3_mission_server_leader_follower_qbot2_qbot2.obj
 0001:00018db0       sf_opaque_get_sim_state_c3_mission_server_leader_follower_qbot2_qbot2 0000000180019db0 f   c3_mission_server_leader_follower_qbot2_qbot2.obj
 0001:00018dd0       sf_opaque_set_sim_state_c3_mission_server_leader_follower_qbot2_qbot2 0000000180019dd0 f   c3_mission_server_leader_follower_qbot2_qbot2.obj
 0001:00018e00       sf_opaque_terminate_c3_mission_server_leader_follower_qbot2_qbot2 0000000180019e00 f   c3_mission_server_leader_follower_qbot2_qbot2.obj
[...]
 0001:0001b1c0       sf_set_sfun_dwork_info     000000018001c1c0 f   c4_mission_server_leader_follower_qbot2_qbot2.obj
 0001:0001b200       mdlStart_c4_mission_server_leader_follower_qbot2_qbot2 000000018001c200 f   c4_mission_server_leader_follower_qbot2_qbot2.obj
 0001:0001b440       init_dsm_address_info      000000018001c440 f   c4_mission_server_leader_follower_qbot2_qbot2.obj
 0001:0001b450       chart_debug_initialization 000000018001c450 f   c4_mission_server_leader_follower_qbot2_qbot2.obj
 0001:0001c690       init_script_number_translation 000000018001d690 f   c4_mission_server_leader_follower_qbot2_qbot2.obj
 0001:0001c6b0       c4_sf_marshallOut          000000018001d6b0 f   c4_mission_server_leader_follower_qbot2_qbot2.obj
 0001:0001c760       c4_sf_marshallIn           000000018001d760 f   c4_mission_server_leader_follower_qbot2_qbot2.obj
 0001:0001c800       sf_opaque_initialize_c4_mission_server_leader_follower_qbot2_qbot2 000000018001d800 f   c4_mission_server_leader_follower_qbot2_qbot2.obj
 0001:0001c850       initialize_c4_mission_server_leader_follower_qbot2_qbot2 000000018001d850 f   c4_mission_server_leader_follower_qbot2_qbot2.obj
 0001:0001c900       sf_check_dwork_consistency 000000018001d900 f   c4_mission_server_leader_follower_qbot2_qbot2.obj
 0001:0001c9f0       sf_opaque_enable_c4_mission_server_leader_follower_qbot2_qbot2 000000018001d9f0 f   c4_mission_server_leader_follower_qbot2_qbot2.obj
 0001:0001ca10       enable_c4_mission_server_leader_follower_qbot2_qbot2 000000018001da10 f   c4_mission_server_leader_follower_qbot2_qbot2.obj
 0001:0001ca40       sf_opaque_disable_c4_mission_server_leader_follower_qbot2_qbot2 000000018001da40 f   c4_mission_server_leader_follower_qbot2_qbot2.obj
 0001:0001ca60       disable_c4_mission_server_leader_follower_qbot2_qbot2 000000018001da60 f   c4_mission_server_leader_follower_qbot2_qbot2.obj
 0001:0001ca90       sf_opaque_gateway_c4_mission_server_leader_follower_qbot2_qbot2 000000018001da90 f   c4_mission_server_leader_follower_qbot2_qbot2.obj
 0001:0001cab0       sf_gateway_c4_mission_server_leader_follower_qbot2_qbot2 000000018001dab0 f   c4_mission_server_leader_follower_qbot2_qbot2.obj
 0001:0001e4f0       c4_set_sim_state_side_effects_c4_mission_server_leader_follower_ 000000018001f4f0 f   c4_mission_server_leader_follower_qbot2_qbot2.obj
 0001:0001e520       c4_b_sf_marshallOut        000000018001f520 f   c4_mission_server_leader_follower_qbot2_qbot2.obj
 0001:0001e5d0       c4_b_sf_marshallIn         000000018001f5d0 f   c4_mission_server_leader_follower_qbot2_qbot2.obj
 0001:0001e670       c4_c_emlrt_marshallIn      000000018001f670 f   c4_mission_server_leader_follower_qbot2_qbot2.obj
 0001:0001e700       c4_updateDataWrittenToVector 000000018001f700 f   c4_mission_server_leader_follower_qbot2_qbot2.obj
 0001:0001e780       c4_errorIfDataNotWrittenToFcn 000000018001f780 f   c4_mission_server_leader_follower_qbot2_qbot2.obj
 0001:0001e840       sf_opaque_ext_mode_exec_c4_mission_server_leader_follower_qbot2_qbot2 000000018001f840 f   c4_mission_server_leader_follower_qbot2_qbot2.obj
 0001:0001e860       ext_mode_exec_c4_mission_server_leader_follower_qbot2_qbot2 000000018001f860 f   c4_mission_server_leader_follower_qbot2_qbot2.obj
 0001:0001e880       sf_opaque_get_sim_state_c4_mission_server_leader_follower_qbot2_qbot2 000000018001f880 f   c4_mission_server_leader_follower_qbot2_qbot2.obj
 0001:0001e8a0       sf_opaque_set_sim_state_c4_mission_server_leader_follower_qbot2_qbot2 000000018001f8a0 f   c4_mission_server_leader_follower_qbot2_qbot2.obj
 0001:0001e8d0       sf_opaque_terminate_c4_mission_server_leader_follower_qbot2_qbot2 000000018001f8d0 f   c4_mission_server_leader_follower_qbot2_qbot2.obj
 0001:0001e970       finalize_c4_mission_server_leader_follower_qbot2_qbot2 000000018001f970 f   c4_mission_server_leader_follower_qbot2_qbot2.obj
 0001:0001e9a0       sf_opaque_init_subchart_simstructs 000000018001f9a0 f   c4_mission_server_leader_follower_qbot2_qbot2.obj
 0001:0001e9c0       initSimStructsc4_mission_server_leader_follower_qbot2_qbot2 000000018001f9c0 f   c4_mission_server_leader_follower_qbot2_qbot2.obj
 0001:0001e9d0       sf_get_sfun_dwork_checksum 000000018001f9d0 f   c4_mission_server_leader_follower_qbot2_qbot2.obj
 0001:0001e9e0       mdlRTW_c4_mission_server_leader_follower_qbot2_qbot2 000000018001f9e0 f   c4_mission_server_leader_follower_qbot2_qbot2.obj
 0001:0001f690       getChartInfoFromSimStruct  0000000180020690 f   mission_server_leader_follower_qbot2_qbot2_sfun_registry.obj
 0001:00020d30       _ssFatalError              0000000180021d30 f   mission_server_leader_follower_qbot2_qbot2_sfun_registry.obj
 0001:00023de0       ProcessMexSfunctionCmdLineCall 0000000180024de0 f   mission_server_leader_follower_qbot2_qbot2_sfun_registry.obj
 0001:00023f40       sf_debug_api_wrapper       0000000180024f40 f   mission_server_leader_follower_qbot2_qbot2_sfun_registry.obj
 0001:00023f90       mdlStart                   0000000180024f90 f   mission_server_leader_follower_qbot2_qbot2_sfun_registry.obj
 0001:00023fc0       mdl_start_processing       0000000180024fc0 f   mission_server_leader_follower_qbot2_qbot2_sfun_registry.obj
 0001:00024050       mdlTerminate               0000000180025050 f   mission_server_leader_follower_qbot2_qbot2_sfun_registry.obj
 0001:00024080       mdl_terminate_processing   0000000180025080 f   mission_server_leader_follower_qbot2_qbot2_sfun_registry.obj
 0001:00024100       mdlInitializeSampleTimes   0000000180025100 f   mission_server_leader_follower_qbot2_qbot2_sfun_registry.obj
 0001:00024130       mdlZeroCrossings           0000000180025130 f   mission_server_leader_follower_qbot2_qbot2_sfun_registry.obj
 0001:00024160       mdl_zeroCrossings_processing 0000000180025160 f   mission_server_leader_follower_qbot2_qbot2_sfun_registry.obj
 0001:000241a0       mdlDerivatives             00000001800251a0 f   mission_server_leader_follower_qbot2_qbot2_sfun_registry.obj
 0001:000241d0       mdl_derivatives_processing 00000001800251d0 f   mission_server_leader_follower_qbot2_qbot2_sfun_registry.obj
 0001:00024220       mdlInitializeConditions    0000000180025220 f   mission_server_leader_follower_qbot2_qbot2_sfun_registry.obj
 0001:00024250       mdl_initialize_conditions_processing 0000000180025250 f   mission_server_leader_follower_qbot2_qbot2_sfun_registry.obj
 0001:000242a0       mdlEnable                  00000001800252a0 f   mission_server_leader_follower_qbot2_qbot2_sfun_registry.obj
 0001:000242d0       mdl_enable_processing      00000001800252d0 f   mission_server_leader_follower_qbot2_qbot2_sfun_registry.obj
 0001:00024310       mdlDisable                 0000000180025310 f   mission_server_leader_follower_qbot2_qbot2_sfun_registry.obj
 0001:00024340       mdl_disable_processing     0000000180025340 f   mission_server_leader_follower_qbot2_qbot2_sfun_registry.obj
 0001:00024380       mdlOutputs                 0000000180025380 f   mission_server_leader_follower_qbot2_qbot2_sfun_registry.obj
 0001:000243b0       mdl_outputs_processing     00000001800253b0 f   mission_server_leader_follower_qbot2_qbot2_sfun_registry.obj
 0001:00024490       mdl_outputs_continuous_legacy 0000000180025490 f   mission_server_leader_follower_qbot2_qbot2_sfun_registry.obj
 0001:00024580       mdlGetTimeOfNextVarHit     0000000180025580 f   mission_server_leader_follower_qbot2_qbot2_sfun_registry.obj
 0001:000245d0       _ProcessMexSfunctionCmdLineCall 00000001800255d0 f   mission_server_leader_follower_qbot2_qbot2_sfun_registry.obj
 0001:00024d20       mdlSetWorkWidths           0000000180025d20 f   mission_server_leader_follower_qbot2_qbot2_sfun_registry.obj
 0001:00024d50       mdlProcessParameters       0000000180025d50 f   mission_server_leader_follower_qbot2_qbot2_sfun_registry.obj
 0001:00024d80       mdlInitializeSizes         0000000180025d80 f   mission_server_leader_follower_qbot2_qbot2_sfun_registry.obj
 0001:00024db0       mdlExtModeExec             0000000180025db0 f   mission_server_leader_follower_qbot2_qbot2_sfun_registry.obj
 0001:00024de0       mdl_ext_mode_exec_processing 0000000180025de0 f   mission_server_leader_follower_qbot2_qbot2_sfun_registry.obj
 0001:00024e20       mdlRTW                     0000000180025e20 f   mission_server_leader_follower_qbot2_qbot2_sfun_registry.obj
 0001:00024e60       _CreateSimStruct           0000000180025e60 f   mission_server_leader_follower_qbot2_qbot2_sfun_registry.obj
 0001:00024ff0       _RegNumInputPortsCB        0000000180025ff0 f   mission_server_leader_follower_qbot2_qbot2_sfun_registry.obj
 0001:00025070       _RegNumOutputPortsCB       0000000180026070 f   mission_server_leader_follower_qbot2_qbot2_sfun_registry.obj
 0001:00026190       c27_info_helper            0000000180027190 f   Orientation_Library_sfun:c27_Orientation_Library.obj
 0001:00028d50       c27_emlrt_marshallOut      0000000180029d50 f   Orientation_Library_sfun:c27_Orientation_Library.obj
 0001:00028de0       c27_b_emlrt_marshallOut    0000000180029de0 f   Orientation_Library_sfun:c27_Orientation_Library.obj
 0001:00029830       get_sim_state_c27_Orientation_Library 000000018002a830 f   Orientation_Library_sfun:c27_Orientation_Library.obj
 0001:00029af0       sf_get_sim_state_info_c27_Orientation_Library 000000018002aaf0 f   Orientation_Library_sfun:c27_Orientation_Library.obj
 0001:00029cc0       set_sim_state_c27_Orientation_Library 000000018002acc0 f   Orientation_Library_sfun:c27_Orientation_Library.obj
 0001:00029e50       c27_update_debugger_state_c27_Orientation_Library 000000018002ae50 f   Orientation_Library_sfun:c27_Orientation_Library.obj
 0001:00029e60       c27_emlrt_marshallIn       000000018002ae60 f   Orientation_Library_sfun:c27_Orientation_Library.obj
 0001:00029ed0       c27_b_emlrt_marshallIn     000000018002aed0 f   Orientation_Library_sfun:c27_Orientation_Library.obj
 0001:00029f60       c27_c_emlrt_marshallIn     000000018002af60 f   Orientation_Library_sfun:c27_Orientation_Library.obj
 0001:00029fd0       c27_d_emlrt_marshallIn     000000018002afd0 f   Orientation_Library_sfun:c27_Orientation_Library.obj
 0001:0002a0c0       c27_f_emlrt_marshallIn     000000018002b0c0 f   Orientation_Library_sfun:c27_Orientation_Library.obj
 0001:0002a120       c27_g_emlrt_marshallIn     000000018002b120 f   Orientation_Library_sfun:c27_Orientation_Library.obj
 0001:0002a220       mdlProcessParameters_c27_Orientation_Library 000000018002b220 f   Orientation_Library_sfun:c27_Orientation_Library.obj
 0001:0002a300       initialize_params_c27_Orientation_Library 000000018002b300 f   Orientation_Library_sfun:c27_Orientation_Library.obj
 0001:0002a310       mdlSetWorkWidths_c27_Orientation_Library 000000018002b310 f   Orientation_Library_sfun:c27_Orientation_Library.obj
 0001:0002a840       sf_get_instance_specialization 000000018002b840 f   Orientation_Library_sfun:c27_Orientation_Library.obj
 0001:0002a850       mdlStart_c27_Orientation_Library 000000018002b850 f   Orientation_Library_sfun:c27_Orientation_Library.obj
 0001:0002aa80       init_dsm_address_info      000000018002ba80 f   Orientation_Library_sfun:c27_Orientation_Library.obj
 0001:0002aa90       chart_debug_initialization 000000018002ba90 f   Orientation_Library_sfun:c27_Orientation_Library.obj
 0001:0002b7c0       init_script_number_translation 000000018002c7c0 f   Orientation_Library_sfun:c27_Orientation_Library.obj
 0001:0002b7e0       c27_sf_marshallOut         000000018002c7e0 f   Orientation_Library_sfun:c27_Orientation_Library.obj
 0001:0002b890       c27_sf_marshallIn          000000018002c890 f   Orientation_Library_sfun:c27_Orientation_Library.obj
 0001:0002b930       c27_b_sf_marshallOut       000000018002c930 f   Orientation_Library_sfun:c27_Orientation_Library.obj
 0001:0002ba90       c27_b_sf_marshallIn        000000018002ca90 f   Orientation_Library_sfun:c27_Orientation_Library.obj
 0001:0002bb90       c27_c_sf_marshallOut       000000018002cb90 f   Orientation_Library_sfun:c27_Orientation_Library.obj
 0001:0002bdc0       sf_opaque_initialize_c27_Orientation_Library 000000018002cdc0 f   Orientation_Library_sfun:c27_Orientation_Library.obj
 0001:0002be00       initialize_c27_Orientation_Library 000000018002ce00 f   Orientation_Library_sfun:c27_Orientation_Library.obj
 0001:0002be50       sf_opaque_enable_c27_Orientation_Library 000000018002ce50 f   Orientation_Library_sfun:c27_Orientation_Library.obj
 0001:0002be70       enable_c27_Orientation_Library 000000018002ce70 f   Orientation_Library_sfun:c27_Orientation_Library.obj
 0001:0002bea0       sf_opaque_disable_c27_Orientation_Library 000000018002cea0 f   Orientation_Library_sfun:c27_Orientation_Library.obj
 0001:0002bec0       disable_c27_Orientation_Library 000000018002cec0 f   Orientation_Library_sfun:c27_Orientation_Library.obj
 0001:0002bef0       sf_opaque_gateway_c27_Orientation_Library 000000018002cef0 f   Orientation_Library_sfun:c27_Orientation_Library.obj
 0001:0002bf10       sf_gateway_c27_Orientation_Library 000000018002cf10 f   Orientation_Library_sfun:c27_Orientation_Library.obj
 0001:0002d650       c27_eml_error              000000018002e650 f   Orientation_Library_sfun:c27_Orientation_Library.obj
 0001:0002d840       c27_atan2                  000000018002e840 f   Orientation_Library_sfun:c27_Orientation_Library.obj
 0001:0002d890       c27_b_eml_error            000000018002e890 f   Orientation_Library_sfun:c27_Orientation_Library.obj
 0001:0002da80       sf_opaque_get_sim_state_c27_Orientation_Library 000000018002ea80 f   Orientation_Library_sfun:c27_Orientation_Library.obj
 0001:0002daa0       sf_opaque_set_sim_state_c27_Orientation_Library 000000018002eaa0 f   Orientation_Library_sfun:c27_Orientation_Library.obj
 0001:0002dad0       sf_opaque_terminate_c27_Orientation_Library 000000018002ead0 f   Orientation_Library_sfun:c27_Orientation_Library.obj
 0001:0002db70       finalize_c27_Orientation_Library 000000018002eb70 f   Orientation_Library_sfun:c27_Orientation_Library.obj
 0001:0002db80       sf_opaque_init_subchart_simstructs 000000018002eb80 f   Orientation_Library_sfun:c27_Orientation_Library.obj
 0001:0002dba0       initSimStructsc27_Orientation_Library 000000018002eba0 f   Orientation_Library_sfun:c27_Orientation_Library.obj
 0001:0002dbb0       mdlRTW_c27_Orientation_Library 000000018002ebb0 f   Orientation_Library_sfun:c27_Orientation_Library.obj
 0001:0002dc60       c5_info_helper             000000018002ec60 f   Orientation_Library_sfun:c5_Orientation_Library.obj
 0001:0002e5e0       c5_emlrt_marshallOut       000000018002f5e0 f   Orientation_Library_sfun:c5_Orientation_Library.obj
 0001:0002e670       c5_b_emlrt_marshallOut     000000018002f670 f   Orientation_Library_sfun:c5_Orientation_Library.obj
 0001:0002ef70       get_sim_state_c5_Orientation_Library 000000018002ff70 f   Orientation_Library_sfun:c5_Orientation_Library.obj
 0001:0002f1b0       sf_get_sim_state_info_c5_Orientation_Library 00000001800301b0 f   Orientation_Library_sfun:c5_Orientation_Library.obj
 0001:0002f380       set_sim_state_c5_Orientation_Library 0000000180030380 f   Orientation_Library_sfun:c5_Orientation_Library.obj
 0001:0002f4e0       c5_update_debugger_state_c5_Orientation_Library 00000001800304e0 f   Orientation_Library_sfun:c5_Orientation_Library.obj
 0001:0002f4f0       c5_emlrt_marshallIn        00000001800304f0 f   Orientation_Library_sfun:c5_Orientation_Library.obj
 0001:0002f560       c5_b_emlrt_marshallIn      0000000180030560 f   Orientation_Library_sfun:c5_Orientation_Library.obj
 0001:0002f670       c5_e_emlrt_marshallIn      0000000180030670 f   Orientation_Library_sfun:c5_Orientation_Library.obj
 0001:0002f6d0       c5_f_emlrt_marshallIn      00000001800306d0 f   Orientation_Library_sfun:c5_Orientation_Library.obj
 0001:0002f7d0       mdlProcessParameters_c5_Orientation_Library 00000001800307d0 f   Orientation_Library_sfun:c5_Orientation_Library.obj
 0001:0002f8b0       initialize_params_c5_Orientation_Library 00000001800308b0 f   Orientation_Library_sfun:c5_Orientation_Library.obj
 0001:0002f8c0       mdlSetWorkWidths_c5_Orientation_Library 00000001800308c0 f   Orientation_Library_sfun:c5_Orientation_Library.obj
 0001:0002fdf0       sf_get_instance_specialization 0000000180030df0 f   Orientation_Library_sfun:c5_Orientation_Library.obj
 0001:0002fe00       mdlStart_c5_Orientation_Library 0000000180030e00 f   Orientation_Library_sfun:c5_Orientation_Library.obj
 0001:00030030       init_dsm_address_info      0000000180031030 f   Orientation_Library_sfun:c5_Orientation_Library.obj
 0001:00030040       chart_debug_initialization 0000000180031040 f   Orientation_Library_sfun:c5_Orientation_Library.obj
 0001:00030a60       init_script_number_translation 0000000180031a60 f   Orientation_Library_sfun:c5_Orientation_Library.obj
 0001:00030a80       c5_sf_marshallOut          0000000180031a80 f   Orientation_Library_sfun:c5_Orientation_Library.obj
 0001:00030cd0       c5_sf_marshallIn           0000000180031cd0 f   Orientation_Library_sfun:c5_Orientation_Library.obj
 0001:00030e50       c5_b_sf_marshallOut        0000000180031e50 f   Orientation_Library_sfun:c5_Orientation_Library.obj
 0001:00030f00       sf_opaque_initialize_c5_Orientation_Library 0000000180031f00 f   Orientation_Library_sfun:c5_Orientation_Library.obj
 0001:00030f40       initialize_c5_Orientation_Library 0000000180031f40 f   Orientation_Library_sfun:c5_Orientation_Library.obj
 0001:00030f90       sf_opaque_enable_c5_Orientation_Library 0000000180031f90 f   Orientation_Library_sfun:c5_Orientation_Library.obj
 0001:00030fb0       enable_c5_Orientation_Library 0000000180031fb0 f   Orientation_Library_sfun:c5_Orientation_Library.obj
 0001:00030fe0       sf_opaque_disable_c5_Orientation_Library 0000000180031fe0 f   Orientation_Library_sfun:c5_Orientation_Library.obj
 0001:00031000       disable_c5_Orientation_Library 0000000180032000 f   Orientation_Library_sfun:c5_Orientation_Library.obj
 0001:00031030       sf_opaque_gateway_c5_Orientation_Library 0000000180032030 f   Orientation_Library_sfun:c5_Orientation_Library.obj
 0001:00031050       sf_gateway_c5_Orientation_Library 0000000180032050 f   Orientation_Library_sfun:c5_Orientation_Library.obj
 0001:000324b0       c5_b_sf_marshallIn         00000001800334b0 f   Orientation_Library_sfun:c5_Orientation_Library.obj
 0001:00032550       c5_c_emlrt_marshallIn      0000000180033550 f   Orientation_Library_sfun:c5_Orientation_Library.obj
 0001:000325e0       sf_opaque_get_sim_state_c5_Orientation_Library 00000001800335e0 f   Orientation_Library_sfun:c5_Orientation_Library.obj
 0001:00032600       sf_opaque_set_sim_state_c5_Orientation_Library 0000000180033600 f   Orientation_Library_sfun:c5_Orientation_Library.obj
 0001:00032630       sf_opaque_terminate_c5_Orientation_Library 0000000180033630 f   Orientation_Library_sfun:c5_Orientation_Library.obj
 0001:000326d0       finalize_c5_Orientation_Library 00000001800336d0 f   Orientation_Library_sfun:c5_Orientation_Library.obj
 0001:000326e0       sf_opaque_init_subchart_simstructs 00000001800336e0 f   Orientation_Library_sfun:c5_Orientation_Library.obj
 0001:00032700       initSimStructsc5_Orientation_Library 0000000180033700 f   Orientation_Library_sfun:c5_Orientation_Library.obj
 0001:00032710       mdlRTW_c5_Orientation_Library 0000000180033710 f   Orientation_Library_sfun:c5_Orientation_Library.obj
 0001:00032848       pre_c_init                 0000000180033848 f   MSVCRT:crtdll.obj
 0001:00032b04       __DllMainCRTStartup        0000000180033b04 f   MSVCRT:crtdll.obj
 0001:00033190       __DllMainCRTStartup$filt$0 0000000180034190 f   MSVCRT:crtdll.obj
 0001:000331c0       __DllMainCRTStartup$fin$1  00000001800341c0 f   MSVCRT:crtdll.obj
 0001:000331da       _onexit$fin$0              00000001800341da f   MSVCRT:atonexit.obj
 0001:00033200       _IsNonwritableInCurrentImage$filt$0 0000000180034200 f   MSVCRT:pesect.obj
