 mission_server_leader_follower_qbot2_qbot2_sfun

 Timestamp is 5666e994 (Tue Dec 08 09:30:44 2015)

 Preferred load address is 0000000180000000

 Start         Length     Name                   Class
 0001:00000000 00024432H .text                   CODE
 0001:00024440 00000092H .text$x                 CODE
 0002:00000000 000004e8H .idata$5                DATA
 0002:000004e8 00000008H .CRT$XCA                DATA
 0002:000004f0 00000008H .CRT$XCZ                DATA
 0002:000004f8 00000008H .CRT$XIA                DATA
 0002:00000500 00000008H .CRT$XIAA               DATA
 0002:00000508 00000008H .CRT$XIZ                DATA
 0002:00000510 0000074cH .rdata                  DATA
 0002:00000c60 00000008H .rtc$IAA                DATA
 0002:00000c68 00000008H .rtc$IZZ                DATA
 0002:00000c70 00000008H .rtc$TAA                DATA
 0002:00000c78 00000008H .rtc$TZZ                DATA
 0002:00000c80 00000ba0H .xdata                  DATA
 0002:00001820 0000008cH .idata$2                DATA
 0002:000018ac 00000014H .idata$3                DATA
 0002:000018c0 000004e8H .idata$4                DATA
 0002:00001da8 00000dc4H .idata$6                DATA
 0002:00002b70 00000075H .edata                  DATA
 0003:00000000 00008118H .data                   DATA
 0003:00008120 000006e0H .bss                    DATA
 0004:00000000 00000e7cH .pdata                  DATA

  Address         Publics by Value              Rva+Base               Lib:Object

 0000:00000000       ___safe_se_handler_count   0000000000000000     <absolute>
 0000:00000000       ___safe_se_handler_table   0000000000000000     <absolute>
 0000:00000000       __ImageBase                0000000180000000     <linker-defined>
 0001:00000000       mission_server_leader_follower_qbot2_qbot2_initializer 0000000180001000 f   mission_server_leader_follower_qbot2_qbot2_sfun.obj
 0001:00000010       mission_server_leader_follower_qbot2_qbot2_terminator 0000000180001010 f   mission_server_leader_follower_qbot2_qbot2_sfun.obj
 0001:00000020       sf_mission_server_leader_follower_qbot2_qbot2_method_dispatcher 0000000180001020 f   mission_server_leader_follower_qbot2_qbot2_sfun.obj
 0001:00000090       sf_mission_server_leader_follower_qbot2_qbot2_process_testpoint_info_call 0000000180001090 f   mission_server_leader_follower_qbot2_qbot2_sfun.obj
 0001:00000210       sf_mission_server_leader_follower_qbot2_qbot2_process_check_sum_call 0000000180001210 f   mission_server_leader_follower_qbot2_qbot2_sfun.obj
 0001:00000630       sf_mission_server_leader_follower_qbot2_qbot2_autoinheritance_info 0000000180001630 f   mission_server_leader_follower_qbot2_qbot2_sfun.obj
 0001:000007f0       sf_mission_server_leader_follower_qbot2_qbot2_get_eml_resolved_functions_info 00000001800017f0 f   mission_server_leader_follower_qbot2_qbot2_sfun.obj
 0001:00000960       sf_mission_server_leader_follower_qbot2_qbot2_third_party_uses_info 0000000180001960 f   mission_server_leader_follower_qbot2_qbot2_sfun.obj
 0001:00000ae0       sf_mission_server_leader_follower_qbot2_qbot2_updateBuildInfo_args_info 0000000180001ae0 f   mission_server_leader_follower_qbot2_qbot2_sfun.obj
 0001:00000c60       mission_server_leader_follower_qbot2_qbot2_debug_initialize 0000000180001c60 f   mission_server_leader_follower_qbot2_qbot2_sfun.obj
 0001:00000ce0       mission_server_leader_follower_qbot2_qbot2_register_exported_symbols 0000000180001ce0 f   mission_server_leader_follower_qbot2_qbot2_sfun.obj
 0001:00000cf0       load_mission_server_leader_follower_qbot2_qbot2_optimization_info 0000000180001cf0 f   mission_server_leader_follower_qbot2_qbot2_sfun.obj
 0001:00000d40       unload_mission_server_leader_follower_qbot2_qbot2_optimization_info 0000000180001d40 f   mission_server_leader_follower_qbot2_qbot2_sfun.obj
 0001:00000d70       sf_c2_mission_server_leader_follower_qbot2_qbot2_get_eml_resolved_functions_info 0000000180001d70 f   c2_mission_server_leader_follower_qbot2_qbot2.obj
 0001:00004950       sf_c2_mission_server_leader_follower_qbot2_qbot2_get_check_sum 0000000180005950 f   c2_mission_server_leader_follower_qbot2_qbot2.obj
 0001:000049d0       sf_c2_mission_server_leader_follower_qbot2_qbot2_get_autoinheritance_info 00000001800059d0 f   c2_mission_server_leader_follower_qbot2_qbot2.obj
 0001:000055b0       sf_c2_mission_server_leader_follower_qbot2_qbot2_third_party_uses_info 00000001800065b0 f   c2_mission_server_leader_follower_qbot2_qbot2.obj
 0001:000055e0       sf_c2_mission_server_leader_follower_qbot2_qbot2_updateBuildInfo_args_info 00000001800065e0 f   c2_mission_server_leader_follower_qbot2_qbot2.obj
 0001:00005610       sf_internal_get_sim_state_c2_mission_server_leader_follower_qbot2_qbot2 0000000180006610 f   c2_mission_server_leader_follower_qbot2_qbot2.obj
 0001:00005ce0       sf_internal_set_sim_state_c2_mission_server_leader_follower_qbot2_qbot2 0000000180006ce0 f   c2_mission_server_leader_follower_qbot2_qbot2.obj
 0001:00006320       c2_mission_server_leader_follower_qbot2_qbot2_method_dispatcher 0000000180007320 f   c2_mission_server_leader_follower_qbot2_qbot2.obj
 0001:0000a1d0       sf_c4_mission_server_leader_follower_qbot2_qbot2_get_eml_resolved_functions_info 000000018000b1d0 f   c4_mission_server_leader_follower_qbot2_qbot2.obj
 0001:0000a250       sf_c4_mission_server_leader_follower_qbot2_qbot2_get_check_sum 000000018000b250 f   c4_mission_server_leader_follower_qbot2_qbot2.obj
 0001:0000a2d0       sf_c4_mission_server_leader_follower_qbot2_qbot2_get_autoinheritance_info 000000018000b2d0 f   c4_mission_server_leader_follower_qbot2_qbot2.obj
 0001:0000ad50       sf_c4_mission_server_leader_follower_qbot2_qbot2_third_party_uses_info 000000018000bd50 f   c4_mission_server_leader_follower_qbot2_qbot2.obj
 0001:0000ad80       sf_c4_mission_server_leader_follower_qbot2_qbot2_updateBuildInfo_args_info 000000018000bd80 f   c4_mission_server_leader_follower_qbot2_qbot2.obj
 0001:0000adb0       sf_internal_get_sim_state_c4_mission_server_leader_follower_qbot2_qbot2 000000018000bdb0 f   c4_mission_server_leader_follower_qbot2_qbot2.obj
 0001:0000b370       sf_internal_set_sim_state_c4_mission_server_leader_follower_qbot2_qbot2 000000018000c370 f   c4_mission_server_leader_follower_qbot2_qbot2.obj
 0001:0000bd30       sf_c4_mission_server_leader_follower_qbot2_qbot2_get_testpoint_info 000000018000cd30 f   c4_mission_server_leader_follower_qbot2_qbot2.obj
 0001:0000bd70       c4_mission_server_leader_follower_qbot2_qbot2_method_dispatcher 000000018000cd70 f   c4_mission_server_leader_follower_qbot2_qbot2.obj
 0001:0000fcd0       sf_process_check_sum_call  0000000180010cd0 f   mission_server_leader_follower_qbot2_qbot2_sfun_registry.obj
 0001:0000fd40       sf_process_testpoint_info_call 0000000180010d40 f   mission_server_leader_follower_qbot2_qbot2_sfun_registry.obj
 0001:0000fdb0       sf_process_autoinheritance_call 0000000180010db0 f   mission_server_leader_follower_qbot2_qbot2_sfun_registry.obj
 0001:0000fff0       sf_process_get_third_party_uses_info_call 0000000180010ff0 f   mission_server_leader_follower_qbot2_qbot2_sfun_registry.obj
 0001:00010230       sf_process_get_updateBuildInfo_args_info_call 0000000180011230 f   mission_server_leader_follower_qbot2_qbot2_sfun_registry.obj
 0001:00010470       sf_process_get_eml_resolved_functions_info_call 0000000180011470 f   mission_server_leader_follower_qbot2_qbot2_sfun_registry.obj
 0001:00010660       sf_mex_unlock_call         0000000180011660 f   mission_server_leader_follower_qbot2_qbot2_sfun_registry.obj
 0001:00010710       sf_machine_global_initializer_called 0000000180011710 f   mission_server_leader_follower_qbot2_qbot2_sfun_registry.obj
 0001:00010740       sf_machine_global_method_dispatcher 0000000180011740 f   mission_server_leader_follower_qbot2_qbot2_sfun_registry.obj
 0001:000107e0       sf_machine_global_terminator 00000001800117e0 f   mission_server_leader_follower_qbot2_qbot2_sfun_registry.obj
 0001:00010830       sf_register_machine_exported_symbols 0000000180011830 f   mission_server_leader_follower_qbot2_qbot2_sfun_registry.obj
 0001:00010860       callCustomFcn              0000000180011860 f   mission_server_leader_follower_qbot2_qbot2_sfun_registry.obj
 0001:00010870       sf_machine_global_initializer 0000000180011870 f   mission_server_leader_follower_qbot2_qbot2_sfun_registry.obj
 0001:00010900       mdlGetSimState             0000000180011900 f   mission_server_leader_follower_qbot2_qbot2_sfun_registry.obj
 0001:00010980       mdlSetSimState             0000000180011980 f   mission_server_leader_follower_qbot2_qbot2_sfun_registry.obj
 0001:000109c0       _ssSetStateAbsTol          00000001800119c0 f   mission_server_leader_follower_qbot2_qbot2_sfun_registry.obj
 0001:00010aa0       _ssGetAbsTol               0000000180011aa0 f   mission_server_leader_follower_qbot2_qbot2_sfun_registry.obj
 0001:00010b10       _ssSetInputPortMatrixDimensions 0000000180011b10 f   mission_server_leader_follower_qbot2_qbot2_sfun_registry.obj
 0001:00010c20       _ssSetOutputPortMatrixDimensions 0000000180011c20 f   mission_server_leader_follower_qbot2_qbot2_sfun_registry.obj
 0001:00010d30       _ssSetInputPortVectorDimension 0000000180011d30 f   mission_server_leader_follower_qbot2_qbot2_sfun_registry.obj
 0001:00010e00       _ssSetOutputPortVectorDimension 0000000180011e00 f   mission_server_leader_follower_qbot2_qbot2_sfun_registry.obj
 0001:00010ed0       ssIsRunTimeParamTunable    0000000180011ed0 f   mission_server_leader_follower_qbot2_qbot2_sfun_registry.obj
 0001:00010f40       ssGetSFuncBlockHandle      0000000180011f40 f   mission_server_leader_follower_qbot2_qbot2_sfun_registry.obj
 0001:00010fb0       _ssGetCurrentInputPortWidth 0000000180011fb0 f   mission_server_leader_follower_qbot2_qbot2_sfun_registry.obj
 0001:000110d0       _ssGetCurrentOutputPortWidth 00000001800120d0 f   mission_server_leader_follower_qbot2_qbot2_sfun_registry.obj
 0001:000111f0       _ssGetCallSystemNumFcnCallDestinations 00000001800121f0 f   mission_server_leader_follower_qbot2_qbot2_sfun_registry.obj
 0001:00011260       ssWarning                  0000000180012260 f   mission_server_leader_follower_qbot2_qbot2_sfun_registry.obj
 0001:00011370       ssGetIsZeroCrossControlDisabled 0000000180012370 f   mission_server_leader_follower_qbot2_qbot2_sfun_registry.obj
 0001:000113e0       ssSetIsInputPortUsedForContZcSignal 00000001800123e0 f   mission_server_leader_follower_qbot2_qbot2_sfun_registry.obj
 0001:00011450       ssSetZcSignalIsZcElementDisc 0000000180012450 f   mission_server_leader_follower_qbot2_qbot2_sfun_registry.obj
 0001:00011500       ssSetZcSignalName          0000000180012500 f   mission_server_leader_follower_qbot2_qbot2_sfun_registry.obj
 0001:00011570       ssSetZcSignalWidth         0000000180012570 f   mission_server_leader_follower_qbot2_qbot2_sfun_registry.obj
 0001:000115e0       ssSetZcSignalZcEventType   00000001800125e0 f   mission_server_leader_follower_qbot2_qbot2_sfun_registry.obj
 0001:00011650       ssSetZcSignalType          0000000180012650 f   mission_server_leader_follower_qbot2_qbot2_sfun_registry.obj
 0001:000116c0       ssSetZcSignalZcTol         00000001800126c0 f   mission_server_leader_follower_qbot2_qbot2_sfun_registry.obj
 0001:00011730       ssSetZcSignalNeedsEventNotification 0000000180012730 f   mission_server_leader_follower_qbot2_qbot2_sfun_registry.obj
 0001:000117a0       ssCreateAndAddZcSignalInfo 00000001800127a0 f   mission_server_leader_follower_qbot2_qbot2_sfun_registry.obj
 0001:00011810       ssCloneAndAddZcSignalInfo  0000000180012810 f   mission_server_leader_follower_qbot2_qbot2_sfun_registry.obj
 0001:00011880       ssGetNumZcSignals          0000000180012880 f   mission_server_leader_follower_qbot2_qbot2_sfun_registry.obj
 0001:000118f0       ssGetZcSignalVector        00000001800128f0 f   mission_server_leader_follower_qbot2_qbot2_sfun_registry.obj
 0001:00011960       ssGetZcSignalZcEvents      0000000180012960 f   mission_server_leader_follower_qbot2_qbot2_sfun_registry.obj
 0001:000119d0       ssGetZcSignalName          00000001800129d0 f   mission_server_leader_follower_qbot2_qbot2_sfun_registry.obj
 0001:00011a40       ssGetZcSignalWidth         0000000180012a40 f   mission_server_leader_follower_qbot2_qbot2_sfun_registry.obj
 0001:00011ab0       ssGetZcSignalZcEventType   0000000180012ab0 f   mission_server_leader_follower_qbot2_qbot2_sfun_registry.obj
 0001:00011b20       ssGetZcSignalType          0000000180012b20 f   mission_server_leader_follower_qbot2_qbot2_sfun_registry.obj
 0001:00011b90       ssGetZcSignalZcTol         0000000180012b90 f   mission_server_leader_follower_qbot2_qbot2_sfun_registry.obj
 0001:00011c10       ssGetZcSignalNeedsEventNotification 0000000180012c10 f   mission_server_leader_follower_qbot2_qbot2_sfun_registry.obj
 0001:00011c80       ssGetZcSignalIsZcElementDisc 0000000180012c80 f   mission_server_leader_follower_qbot2_qbot2_sfun_registry.obj
 0001:00011d20       ssGetIsInputPortElementContinuous 0000000180012d20 f   mission_server_leader_follower_qbot2_qbot2_sfun_registry.obj
 0001:00011dc0       _ssGetInputPortSignalPtrsFcn 0000000180012dc0 f   mission_server_leader_follower_qbot2_qbot2_sfun_registry.obj
 0001:00012080       _ssGetInputPortSignalFcn   0000000180013080 f   mission_server_leader_follower_qbot2_qbot2_sfun_registry.obj
 0001:000122a0       _ssSetInputPortDirectFeedThroughFcn 00000001800132a0 f   mission_server_leader_follower_qbot2_qbot2_sfun_registry.obj
 0001:00012400       _ssSetInputPortReusableFcn 0000000180013400 f   mission_server_leader_follower_qbot2_qbot2_sfun_registry.obj
 0001:000124f0       _ssSetOutputPortReusableFcn 00000001800134f0 f   mission_server_leader_follower_qbot2_qbot2_sfun_registry.obj
 0001:000125d0       ssGetDTypeIdFromMxArray    00000001800135d0 f   mission_server_leader_follower_qbot2_qbot2_sfun_registry.obj
 0001:000126f0       ssWriteRTWStr              00000001800136f0 f   mission_server_leader_follower_qbot2_qbot2_sfun_registry.obj
 0001:00012750       ssWriteRTWMxVectParam      0000000180013750 f   mission_server_leader_follower_qbot2_qbot2_sfun_registry.obj
 0001:000127b0       ssWriteRTWMx2dMatParam     00000001800137b0 f   mission_server_leader_follower_qbot2_qbot2_sfun_registry.obj
 0001:00012830       ssWriteRTWNameValuePair    0000000180013830 f   mission_server_leader_follower_qbot2_qbot2_sfun_registry.obj
 0001:00012d20       ssWriteRTWParameters       0000000180013d20 f   mission_server_leader_follower_qbot2_qbot2_sfun_registry.obj
 0001:00013320       ssWriteRTWParamSettings    0000000180014320 f   mission_server_leader_follower_qbot2_qbot2_sfun_registry.obj
 0001:000139f0       ssWriteRTWWorkVect         00000001800149f0 f   mission_server_leader_follower_qbot2_qbot2_sfun_registry.obj
 0001:00013ef0       mexFunction                0000000180014ef0 f   mission_server_leader_follower_qbot2_qbot2_sfun_registry.obj
 0001:000163a0       ProcessMexSfunctionEveryCall 00000001800173a0 f   mission_server_leader_follower_qbot2_qbot2_sfun_registry.obj
 0001:00016522       sf_debug_set_machine_data_thresholds 0000000180017522 f   sf_runtime:sf_runtime.dll
 0001:00016528       sf_debug_set_machine_event_thresholds 0000000180017528 f   sf_runtime:sf_runtime.dll
 0001:0001652e       sf_debug_initialize_machine 000000018001752e f   sf_runtime:sf_runtime.dll
 0001:00016534       sf_load_rtw_optimization_info 0000000180017534 f   sf_runtime:sf_runtime.dll
 0001:0001653a       sf_mex_emlrtNameCapturePostProcessR2012a 000000018001753a f   sf_runtime:sf_runtime.dll
 0001:00016540       sf_mex_assign              0000000180017540 f   sf_runtime:sf_runtime.dll
 0001:00016546       sf_mex_createstruct        0000000180017546 f   sf_runtime:sf_runtime.dll
 0001:0001654c       sf_mex_destroy             000000018001754c f   sf_runtime:sf_runtime.dll
 0001:00016552       sf_mex_duplicatearraysafe  0000000180017552 f   sf_runtime:sf_runtime.dll
 0001:00016558       sf_mex_createcellmatrix    0000000180017558 f   sf_runtime:sf_runtime.dll
 0001:0001655e       sf_mex_addfield            000000018001755e f   sf_runtime:sf_runtime.dll
 0001:00016564       sf_mex_create              0000000180017564 f   sf_runtime:sf_runtime.dll
 0001:0001656a       sf_mex_error_message       000000018001756a f   sf_runtime:sf_runtime.dll
 0001:00016570       sf_mex_call_matlab         0000000180017570 f   sf_runtime:sf_runtime.dll
 0001:00016576       sf_mex_setcell             0000000180017576 f   sf_runtime:sf_runtime.dll
 0001:0001657c       sf_mex_decode_encoded_mx_struct_array 000000018001757c f   sf_runtime:sf_runtime.dll
 0001:00016582       sf_mex_getcell             0000000180017582 f   sf_runtime:sf_runtime.dll
 0001:00016588       sf_mex_dup                 0000000180017588 f   sf_runtime:sf_runtime.dll
 0001:0001658e       sf_mex_import              000000018001758e f   sf_runtime:sf_runtime.dll
 0001:00016594       sf_set_rtw_dwork_info      0000000180017594 f   sf_runtime:sf_runtime.dll
 0001:0001659a       sf_mark_chart_reusable_outputs 000000018001759a f   sf_runtime:sf_runtime.dll
 0001:000165a0       sf_mark_chart_expressionable_inputs 00000001800175a0 f   sf_runtime:sf_runtime.dll
 0001:000165a6       sf_update_buildInfo        00000001800175a6 f   sf_runtime:sf_runtime.dll
 0001:000165ac       sf_rtw_info_uint_prop      00000001800175ac f   sf_runtime:sf_runtime.dll
 0001:000165b2       sf_is_chart_inlinable      00000001800175b2 f   sf_runtime:sf_runtime.dll
 0001:000165b8       sim_mode_is_external       00000001800175b8 f   sf_runtime:sf_runtime.dll
 0001:000165be       sim_mode_is_rtw_gen        00000001800175be f   sf_runtime:sf_runtime.dll
 0001:000165c4       sf_debug_reset_current_state_configuration 00000001800175c4 f   sf_runtime:sf_runtime.dll
 0001:000165ca       sf_debug_set_instance_data_value_ptr 00000001800175ca f   sf_runtime:sf_runtime.dll
 0001:000165d0       sf_debug_set_chart_data_compiled_props 00000001800175d0 f   sf_runtime:sf_runtime.dll
 0001:000165d6       cv_eml_init_mcdc           00000001800175d6 f   sf_runtime:sf_runtime.dll
 0001:000165dc       cv_eml_init_if             00000001800175dc f   sf_runtime:sf_runtime.dll
 0001:000165e2       cv_eml_init_fcn            00000001800175e2 f   sf_runtime:sf_runtime.dll
 0001:000165e8       cv_eml_init_script         00000001800175e8 f   sf_runtime:sf_runtime.dll
 0001:000165ee       sf_debug_cv_init_trans     00000001800175ee f   sf_runtime:sf_runtime.dll
 0001:000165f4       sf_debug_cv_init_state     00000001800175f4 f   sf_runtime:sf_runtime.dll
 0001:000165fa       sf_debug_cv_init_chart     00000001800175fa f   sf_runtime:sf_runtime.dll
 0001:00016600       sf_debug_set_chart_decomposition 0000000180017600 f   sf_runtime:sf_runtime.dll
 0001:00016606       sf_debug_set_chart_substate_count 0000000180017606 f   sf_runtime:sf_runtime.dll
 0001:0001660c       sf_debug_set_chart_state_info 000000018001760c f   sf_runtime:sf_runtime.dll
 0001:00016612       sf_debug_set_chart_data_props 0000000180017612 f   sf_runtime:sf_runtime.dll
 0001:00016618       sf_debug_set_chart_event_thresholds 0000000180017618 f   sf_runtime:sf_runtime.dll
 0001:0001661e       sf_debug_set_chart_disable_implicit_casting 000000018001761e f   sf_runtime:sf_runtime.dll
 0001:00016624       sf_debug_initialize_chart  0000000180017624 f   sf_runtime:sf_runtime.dll
 0001:0001662a       sf_get_time                000000018001762a f   sf_runtime:sf_runtime.dll
 0001:00016630       sf_debug_check_for_state_inconsistency 0000000180017630 f   sf_runtime:sf_runtime.dll
 0001:00016636       sf_debug_symbol_scope_pop  0000000180017636 f   sf_runtime:sf_runtime.dll
 0001:0001663c       sf_debug_eml_data_array_bounds_error_check 000000018001763c f   sf_runtime:sf_runtime.dll
 0001:00016642       sf_debug_integer_check     0000000180017642 f   sf_runtime:sf_runtime.dll
 0001:00016648       eml_debug_line_call        0000000180017648 f   sf_runtime:sf_runtime.dll
 0001:0001664e       cv_eml_eval                000000018001764e f   sf_runtime:sf_runtime.dll
 0001:00016654       sf_debug_symbol_scope_add_eml 0000000180017654 f   sf_runtime:sf_runtime.dll
 0001:0001665a       sf_debug_symbol_scope_add_eml_importable 000000018001765a f   sf_runtime:sf_runtime.dll
 0001:00016660       sf_debug_symbol_scope_push_eml 0000000180017660 f   sf_runtime:sf_runtime.dll
 0001:00016666       sf_debug_data_range_wrapper 0000000180017666 f   sf_runtime:sf_runtime.dll
 0001:0001666c       sf_debug_call              000000018001766c f   sf_runtime:sf_runtime.dll
 0001:00016672       sf_debug_symbol_scope_push 0000000180017672 f   sf_runtime:sf_runtime.dll
 0001:00016678       sf_clear_rtw_identifier    0000000180017678 f   sf_runtime:sf_runtime.dll
 0001:0001667e       sf_debug_animate           000000018001767e f   sf_runtime:sf_runtime.dll
 0001:00016684       sf_debug_set_honor_breakpoints 0000000180017684 f   sf_runtime:sf_runtime.dll
 0001:0001668a       sf_debug_set_animation     000000018001768a f   sf_runtime:sf_runtime.dll
 0001:00016690       sf_debug_get_animation     0000000180017690 f   sf_runtime:sf_runtime.dll
 0001:00016696       sf_set_encoded_dwork_info  0000000180017696 f   sf_runtime:sf_runtime.dll
 0001:0001669c       sf_debug_set_chart_state_substate_count 000000018001769c f   sf_runtime:sf_runtime.dll
 0001:000166a2       sf_debug_set_chart_substate_index 00000001800176a2 f   sf_runtime:sf_runtime.dll
 0001:000166a8       sf_get_dwork_info_from_mat_file 00000001800176a8 f   sf_runtime:sf_runtime.dll
 0001:000166ae       sf_mex_call_debug          00000001800176ae f   sf_runtime:sf_runtime.dll
 0001:000166b4       sf_mex_printf              00000001800176b4 f   sf_runtime:sf_runtime.dll
 0001:000166ba       cv_eval_point              00000001800176ba f   sf_runtime:sf_runtime.dll
 0001:000166c0       sf_debug_read_before_write_check 00000001800176c0 f   sf_runtime:sf_runtime.dll
 0001:000166c6       sf_debug_terminate         00000001800176c6 f   sf_runtime:sf_runtime.dll
 0001:000166cc       sf_debug_create_debug_instance_struct 00000001800176cc f   sf_runtime:sf_runtime.dll
 0001:000166d2       sf_debug_api               00000001800176d2 f   sf_runtime:sf_runtime.dll
 0001:000166d8       callMdlMethodAndReportError 00000001800176d8 f   sf_runtime:sf_runtime.dll
 0001:000166de       call_sf_machine_global_method_dispatcher 00000001800176de f   sf_runtime:sf_runtime.dll
 0001:000166e4       sf_clear_error_manager_info 00000001800176e4 f   sf_runtime:sf_runtime.dll
 0001:000166ea       sf_mex_error_direct_call   00000001800176ea f   sf_runtime:sf_runtime.dll
 0001:000166f0       mxCreateDoubleMatrix_730   00000001800176f0 f   libmx:libmx.dll
 0001:000166f6       mxGetScalar                00000001800176f6 f   libmx:libmx.dll
 0001:000166fc       mxGetString_730            00000001800176fc f   libmx:libmx.dll
 0001:00016702       mxIsChar                   0000000180017702 f   libmx:libmx.dll
 0001:00016708       mxGetPr                    0000000180017708 f   libmx:libmx.dll
 0001:0001670e       mxDestroyArray             000000018001770e f   libmx:libmx.dll
 0001:00016714       mxDuplicateArray           0000000180017714 f   libmx:libmx.dll
 0001:0001671a       mxCreateDoubleScalar       000000018001771a f   libmx:libmx.dll
 0001:00016720       mxSetField_730             0000000180017720 f   libmx:libmx.dll
 0001:00016726       mxCreateString             0000000180017726 f   libmx:libmx.dll
 0001:0001672c       mxCreateStructMatrix_730   000000018001772c f   libmx:libmx.dll
 0001:00016732       mxCreateCellMatrix_730     0000000180017732 f   libmx:libmx.dll
 0001:00016738       mxIsEmpty                  0000000180017738 f   libmx:libmx.dll
 0001:0001673e       mxGetClassID               000000018001773e f   libmx:libmx.dll
 0001:00016744       mxIsNumeric                0000000180017744 f   libmx:libmx.dll
 0001:0001674a       mxIsComplex                000000018001774a f   libmx:libmx.dll
 0001:00016750       mxGetN                     0000000180017750 f   libmx:libmx.dll
 0001:00016756       mxGetM                     0000000180017756 f   libmx:libmx.dll
 0001:0001675c       mxCalloc                   000000018001775c f   libmx:libmx.dll
 0001:00016762       mexMakeArrayPersistent     0000000180017762 f   libmex:libmex.dll
 0001:00016768       mexUnlock                  0000000180017768 f   libmex:libmex.dll
 0001:0001676e       mexIsLocked                000000018001776e f   libmex:libmex.dll
 0001:00016774       mexWarnMsgTxt              0000000180017774 f   libmex:libmex.dll
 0001:0001677a       mexCallMATLAB              000000018001777a f   libmex:libmex.dll
 0001:00016780       mexErrMsgTxt               0000000180017780 f   libmex:libmex.dll
 0001:00016786       mexLock                    0000000180017786 f   libmex:libmex.dll
 0001:0001678c       utMalloc                   000000018001778c f   libut:libut.dll
 0001:00016792       utFree                     0000000180017792 f   libut:libut.dll
 0001:00016798       muDoubleScalarSqrt         0000000180017798 f   libmwmathutil:libmwmathutil.dll
 0001:0001679e       muDoubleScalarAbs          000000018001779e f   libmwmathutil:libmwmathutil.dll
 0001:000167b0       Orientation_Library_initializer 00000001800177b0 f   Orientation_Library_sfun:Orientation_Library_sfun.obj
 0001:000167c0       Orientation_Library_terminator 00000001800177c0 f   Orientation_Library_sfun:Orientation_Library_sfun.obj
 0001:000167d0       sf_Orientation_Library_method_dispatcher 00000001800177d0 f   Orientation_Library_sfun:Orientation_Library_sfun.obj
 0001:00016840       sf_Orientation_Library_process_testpoint_info_call 0000000180017840 f   Orientation_Library_sfun:Orientation_Library_sfun.obj
 0001:000169a0       sf_Orientation_Library_process_check_sum_call 00000001800179a0 f   Orientation_Library_sfun:Orientation_Library_sfun.obj
 0001:00016c80       sf_Orientation_Library_autoinheritance_info 0000000180017c80 f   Orientation_Library_sfun:Orientation_Library_sfun.obj
 0001:00016e40       sf_Orientation_Library_get_eml_resolved_functions_info 0000000180017e40 f   Orientation_Library_sfun:Orientation_Library_sfun.obj
 0001:00016fb0       sf_Orientation_Library_third_party_uses_info 0000000180017fb0 f   Orientation_Library_sfun:Orientation_Library_sfun.obj
 0001:00017130       sf_Orientation_Library_updateBuildInfo_args_info 0000000180018130 f   Orientation_Library_sfun:Orientation_Library_sfun.obj
 0001:000172b0       Orientation_Library_debug_initialize 00000001800182b0 f   Orientation_Library_sfun:Orientation_Library_sfun.obj
 0001:00017340       Orientation_Library_register_exported_symbols 0000000180018340 f   Orientation_Library_sfun:Orientation_Library_sfun.obj
 0001:00017350       load_Orientation_Library_optimization_info 0000000180018350 f   Orientation_Library_sfun:Orientation_Library_sfun.obj
 0001:000173a0       unload_Orientation_Library_optimization_info 00000001800183a0 f   Orientation_Library_sfun:Orientation_Library_sfun.obj
 0001:000173d0       sf_c27_Orientation_Library_get_eml_resolved_functions_info 00000001800183d0 f   Orientation_Library_sfun:c27_Orientation_Library.obj
 0001:0001a100       sf_c27_Orientation_Library_get_check_sum 000000018001b100 f   Orientation_Library_sfun:c27_Orientation_Library.obj
 0001:0001a180       sf_c27_Orientation_Library_get_autoinheritance_info 000000018001b180 f   Orientation_Library_sfun:c27_Orientation_Library.obj
 0001:0001a980       sf_c27_Orientation_Library_third_party_uses_info 000000018001b980 f   Orientation_Library_sfun:c27_Orientation_Library.obj
 0001:0001a9b0       sf_c27_Orientation_Library_updateBuildInfo_args_info 000000018001b9b0 f   Orientation_Library_sfun:c27_Orientation_Library.obj
 0001:0001a9e0       sf_internal_get_sim_state_c27_Orientation_Library 000000018001b9e0 f   Orientation_Library_sfun:c27_Orientation_Library.obj
 0001:0001ae60       sf_internal_set_sim_state_c27_Orientation_Library 000000018001be60 f   Orientation_Library_sfun:c27_Orientation_Library.obj
 0001:0001b460       c27_Orientation_Library_method_dispatcher 000000018001c460 f   Orientation_Library_sfun:c27_Orientation_Library.obj
 0001:0001eea0       sf_c5_Orientation_Library_get_eml_resolved_functions_info 000000018001fea0 f   Orientation_Library_sfun:c5_Orientation_Library.obj
 0001:0001f990       sf_c5_Orientation_Library_get_check_sum 0000000180020990 f   Orientation_Library_sfun:c5_Orientation_Library.obj
 0001:0001fa10       sf_c5_Orientation_Library_get_autoinheritance_info 0000000180020a10 f   Orientation_Library_sfun:c5_Orientation_Library.obj
 0001:000200c0       sf_c5_Orientation_Library_third_party_uses_info 00000001800210c0 f   Orientation_Library_sfun:c5_Orientation_Library.obj
 0001:000200f0       sf_c5_Orientation_Library_updateBuildInfo_args_info 00000001800210f0 f   Orientation_Library_sfun:c5_Orientation_Library.obj
 0001:00020120       sf_internal_get_sim_state_c5_Orientation_Library 0000000180021120 f   Orientation_Library_sfun:c5_Orientation_Library.obj
 0001:00020520       sf_internal_set_sim_state_c5_Orientation_Library 0000000180021520 f   Orientation_Library_sfun:c5_Orientation_Library.obj
 0001:00020a10       c5_Orientation_Library_method_dispatcher 0000000180021a10 f   Orientation_Library_sfun:c5_Orientation_Library.obj
 0001:000239fc       __GSHandlerCheckCommon     00000001800249fc f   MSVCRT:gshandler.obj
 0001:00023a60       __GSHandlerCheck           0000000180024a60 f   MSVCRT:gshandler.obj
 0001:00023a7e       strcmp                     0000000180024a7e f   MSVCRT:MSVCR100.dll
 0001:00023aa0       __security_check_cookie    0000000180024aa0 f   MSVCRT:amdsecgs.obj
 0001:00023ac0       strlen                     0000000180024ac0 f   MSVCRT:MSVCR100.dll
 0001:00023ac6       memset                     0000000180024ac6 f   MSVCRT:MSVCR100.dll
 0001:00023acc       free                       0000000180024acc f   MSVCRT:MSVCR100.dll
 0001:00023ad2       sprintf                    0000000180024ad2 f   MSVCRT:MSVCR100.dll
 0001:00023ad8       malloc                     0000000180024ad8 f   MSVCRT:MSVCR100.dll
 0001:00023ade       strcat                     0000000180024ade f   MSVCRT:MSVCR100.dll
 0001:00023ae4       memcpy                     0000000180024ae4 f   MSVCRT:MSVCR100.dll
 0001:00023aec       NtCurrentTeb               0000000180024aec f i MSVCRT:crtdll.obj
 0001:00023b58       _CRT_INIT                  0000000180024b58 f   MSVCRT:crtdll.obj
 0001:00023ef0       _DllMainCRTStartup         0000000180024ef0 f   MSVCRT:crtdll.obj
 0001:00023f30       __report_gsfailure         0000000180024f30 f   MSVCRT:gs_report.obj
 0001:0002407c       __clean_type_info_names    000000018002507c f   MSVCRT:tncleanup.obj
 0001:00024088       _onexit                    0000000180025088 f   MSVCRT:atonexit.obj
 0001:00024138       atexit                     0000000180025138 f   MSVCRT:atonexit.obj
 0001:00024150       _RTC_Initialize            0000000180025150 f   MSVCRT:_initsect_.obj
 0001:00024188       _RTC_Terminate             0000000180025188 f   MSVCRT:_initsect_.obj
 0001:000241c0       _malloc_crt                00000001800251c0 f   MSVCRT:MSVCR100.dll
 0001:000241d0       _ValidateImageBase         00000001800251d0 f   MSVCRT:pesect.obj
 0001:00024200       _FindPESection             0000000180025200 f   MSVCRT:pesect.obj
 0001:00024250       _IsNonwritableInCurrentImage 0000000180025250 f   MSVCRT:pesect.obj
 0001:00024292       _initterm                  0000000180025292 f   MSVCRT:MSVCR100.dll
 0001:00024298       _initterm_e                0000000180025298 f   MSVCRT:MSVCR100.dll
 0001:0002429e       _encoded_null              000000018002529e f   MSVCRT:MSVCR100.dll
 0001:000242a4       _amsg_exit                 00000001800252a4 f   MSVCRT:MSVCR100.dll
 0001:000242aa       __C_specific_handler       00000001800252aa f   MSVCRT:MSVCR100.dll
 0001:000242b0       __CppXcptFilter            00000001800252b0 f   MSVCRT:MSVCR100.dll
 0001:000242b8       DllMain                    00000001800252b8 f   MSVCRT:dllmain.obj
 0001:000242dc       __security_init_cookie     00000001800252dc f   MSVCRT:gs_support.obj
 0001:00024390       __crt_debugger_hook        0000000180025390 f   MSVCRT:MSVCR100.dll
 0001:00024396       __clean_type_info_names_internal 0000000180025396 f   MSVCRT:MSVCR100.dll
 0001:0002439c       _unlock                    000000018002539c f   MSVCRT:MSVCR100.dll
 0001:000243a2       __dllonexit                00000001800253a2 f   MSVCRT:MSVCR100.dll
 0001:000243a8       _lock                      00000001800253a8 f   MSVCRT:MSVCR100.dll
 0001:000243ae       EncodePointer              00000001800253ae f   kernel32:KERNEL32.dll
 0001:000243b4       DecodePointer              00000001800253b4 f   kernel32:KERNEL32.dll
 0001:000243ba       Sleep                      00000001800253ba f   kernel32:KERNEL32.dll
 0001:000243c0       TerminateProcess           00000001800253c0 f   kernel32:KERNEL32.dll
 0001:000243c6       GetCurrentProcess          00000001800253c6 f   kernel32:KERNEL32.dll
 0001:000243cc       UnhandledExceptionFilter   00000001800253cc f   kernel32:KERNEL32.dll
 0001:000243d2       SetUnhandledExceptionFilter 00000001800253d2 f   kernel32:KERNEL32.dll
 0001:000243d8       IsDebuggerPresent          00000001800253d8 f   kernel32:KERNEL32.dll
 0001:000243de       RtlVirtualUnwind           00000001800253de f   kernel32:KERNEL32.dll
 0001:000243e4       RtlLookupFunctionEntry     00000001800253e4 f   kernel32:KERNEL32.dll
 0001:000243ea       RtlCaptureContext          00000001800253ea f   kernel32:KERNEL32.dll
 0001:000243f0       DisableThreadLibraryCalls  00000001800253f0 f   kernel32:KERNEL32.dll
 0001:000243f6       QueryPerformanceCounter    00000001800253f6 f   kernel32:KERNEL32.dll
 0001:000243fc       GetTickCount               00000001800253fc f   kernel32:KERNEL32.dll
 0001:00024402       GetCurrentThreadId         0000000180025402 f   kernel32:KERNEL32.dll
 0001:00024408       GetCurrentProcessId        0000000180025408 f   kernel32:KERNEL32.dll
 0001:0002440e       GetSystemTimeAsFileTime    000000018002540e f   kernel32:KERNEL32.dll
 0001:00024414       muDoubleScalarAcos         0000000180025414 f   libmwmathutil:libmwmathutil.dll
 0001:0002441a       muDoubleScalarAsin         000000018002541a f   libmwmathutil:libmwmathutil.dll
 0001:00024420       muDoubleScalarAtan2        0000000180025420 f   libmwmathutil:libmwmathutil.dll
 0001:00024426       muDoubleScalarCos          0000000180025426 f   libmwmathutil:libmwmathutil.dll
 0001:0002442c       muDoubleScalarSin          000000018002542c f   libmwmathutil:libmwmathutil.dll
 0002:00000000       __imp_EncodePointer        0000000180026000     kernel32:KERNEL32.dll
 0002:00000008       __imp_Sleep                0000000180026008     kernel32:KERNEL32.dll
 0002:00000010       __imp_TerminateProcess     0000000180026010     kernel32:KERNEL32.dll
 0002:00000018       __imp_GetCurrentProcess    0000000180026018     kernel32:KERNEL32.dll
 0002:00000020       __imp_UnhandledExceptionFilter 0000000180026020     kernel32:KERNEL32.dll
 0002:00000028       __imp_GetSystemTimeAsFileTime 0000000180026028     kernel32:KERNEL32.dll
 0002:00000030       __imp_GetCurrentProcessId  0000000180026030     kernel32:KERNEL32.dll
 0002:00000038       __imp_GetCurrentThreadId   0000000180026038     kernel32:KERNEL32.dll
 0002:00000040       __imp_GetTickCount         0000000180026040     kernel32:KERNEL32.dll
 0002:00000048       __imp_QueryPerformanceCounter 0000000180026048     kernel32:KERNEL32.dll
 0002:00000050       __imp_DisableThreadLibraryCalls 0000000180026050     kernel32:KERNEL32.dll
 0002:00000058       __imp_RtlCaptureContext    0000000180026058     kernel32:KERNEL32.dll
 0002:00000060       __imp_RtlLookupFunctionEntry 0000000180026060     kernel32:KERNEL32.dll
 0002:00000068       __imp_RtlVirtualUnwind     0000000180026068     kernel32:KERNEL32.dll
 0002:00000070       __imp_IsDebuggerPresent    0000000180026070     kernel32:KERNEL32.dll
 0002:00000078       __imp_SetUnhandledExceptionFilter 0000000180026078     kernel32:KERNEL32.dll
 0002:00000080       __imp_DecodePointer        0000000180026080     kernel32:KERNEL32.dll
 0002:00000088       \177KERNEL32_NULL_THUNK_DATA 0000000180026088     kernel32:KERNEL32.dll
 0002:00000090       __imp_memset               0000000180026090     MSVCRT:MSVCR100.dll
 0002:00000098       __imp_strlen               0000000180026098     MSVCRT:MSVCR100.dll
 0002:000000a0       __imp_free                 00000001800260a0     MSVCRT:MSVCR100.dll
 0002:000000a8       __imp_sprintf              00000001800260a8     MSVCRT:MSVCR100.dll
 0002:000000b0       __imp___crt_debugger_hook  00000001800260b0     MSVCRT:MSVCR100.dll
 0002:000000b8       __imp__onexit              00000001800260b8     MSVCRT:MSVCR100.dll
 0002:000000c0       __imp__lock                00000001800260c0     MSVCRT:MSVCR100.dll
 0002:000000c8       __imp___dllonexit          00000001800260c8     MSVCRT:MSVCR100.dll
 0002:000000d0       __imp__unlock              00000001800260d0     MSVCRT:MSVCR100.dll
 0002:000000d8       __imp___clean_type_info_names_internal 00000001800260d8     MSVCRT:MSVCR100.dll
 0002:000000e0       __imp_malloc               00000001800260e0     MSVCRT:MSVCR100.dll
 0002:000000e8       __imp___CppXcptFilter      00000001800260e8     MSVCRT:MSVCR100.dll
 0002:000000f0       __imp___C_specific_handler 00000001800260f0     MSVCRT:MSVCR100.dll
 0002:000000f8       __imp__amsg_exit           00000001800260f8     MSVCRT:MSVCR100.dll
 0002:00000100       __imp__encoded_null        0000000180026100     MSVCRT:MSVCR100.dll
 0002:00000108       __imp__initterm_e          0000000180026108     MSVCRT:MSVCR100.dll
 0002:00000110       __imp__initterm            0000000180026110     MSVCRT:MSVCR100.dll
 0002:00000118       __imp__malloc_crt          0000000180026118     MSVCRT:MSVCR100.dll
 0002:00000120       __imp_memcpy               0000000180026120     MSVCRT:MSVCR100.dll
 0002:00000128       __imp_strcat               0000000180026128     MSVCRT:MSVCR100.dll
 0002:00000130       __imp_strcmp               0000000180026130     MSVCRT:MSVCR100.dll
 0002:00000138       \177MSVCR100_NULL_THUNK_DATA 0000000180026138     MSVCRT:MSVCR100.dll
 0002:00000140       __imp_mexWarnMsgTxt        0000000180026140     libmex:libmex.dll
 0002:00000148       __imp_mexIsLocked          0000000180026148     libmex:libmex.dll
 0002:00000150       __imp_mexUnlock            0000000180026150     libmex:libmex.dll
 0002:00000158       __imp_mexCallMATLAB        0000000180026158     libmex:libmex.dll
 0002:00000160       __imp_mexMakeArrayPersistent 0000000180026160     libmex:libmex.dll
 0002:00000168       __imp_mexErrMsgTxt         0000000180026168     libmex:libmex.dll
 0002:00000170       __imp_mexLock              0000000180026170     libmex:libmex.dll
 0002:00000178       \177libmex_NULL_THUNK_DATA 0000000180026178     libmex:libmex.dll
 0002:00000180       __imp_muDoubleScalarAbs    0000000180026180     libmwmathutil:libmwmathutil.dll
 0002:00000188       __imp_muDoubleScalarAcos   0000000180026188     libmwmathutil:libmwmathutil.dll
 0002:00000190       __imp_muDoubleScalarAsin   0000000180026190     libmwmathutil:libmwmathutil.dll
 0002:00000198       __imp_muDoubleScalarAtan2  0000000180026198     libmwmathutil:libmwmathutil.dll
 0002:000001a0       __imp_muDoubleScalarCos    00000001800261a0     libmwmathutil:libmwmathutil.dll
 0002:000001a8       __imp_muDoubleScalarSin    00000001800261a8     libmwmathutil:libmwmathutil.dll
 0002:000001b0       __imp_muDoubleScalarSqrt   00000001800261b0     libmwmathutil:libmwmathutil.dll
 0002:000001b8       \177libmwmathutil_NULL_THUNK_DATA 00000001800261b8     libmwmathutil:libmwmathutil.dll
 0002:000001c0       __imp_mxCalloc             00000001800261c0     libmx:libmx.dll
 0002:000001c8       __imp_mxGetM               00000001800261c8     libmx:libmx.dll
 0002:000001d0       __imp_mxGetN               00000001800261d0     libmx:libmx.dll
 0002:000001d8       __imp_mxIsComplex          00000001800261d8     libmx:libmx.dll
 0002:000001e0       __imp_mxIsNumeric          00000001800261e0     libmx:libmx.dll
 0002:000001e8       __imp_mxGetClassID         00000001800261e8     libmx:libmx.dll
 0002:000001f0       __imp_mxIsEmpty            00000001800261f0     libmx:libmx.dll
 0002:000001f8       __imp_mxCreateCellMatrix_730 00000001800261f8     libmx:libmx.dll
 0002:00000200       __imp_mxCreateStructMatrix_730 0000000180026200     libmx:libmx.dll
 0002:00000208       __imp_mxCreateString       0000000180026208     libmx:libmx.dll
 0002:00000210       __imp_mxSetField_730       0000000180026210     libmx:libmx.dll
 0002:00000218       __imp_mxCreateDoubleScalar 0000000180026218     libmx:libmx.dll
 0002:00000220       __imp_mxDuplicateArray     0000000180026220     libmx:libmx.dll
 0002:00000228       __imp_mxDestroyArray       0000000180026228     libmx:libmx.dll
 0002:00000230       __imp_mxGetPr              0000000180026230     libmx:libmx.dll
 0002:00000238       __imp_mxIsChar             0000000180026238     libmx:libmx.dll
 0002:00000240       __imp_mxGetString_730      0000000180026240     libmx:libmx.dll
 0002:00000248       __imp_mxGetScalar          0000000180026248     libmx:libmx.dll
 0002:00000250       __imp_mxCreateDoubleMatrix_730 0000000180026250     libmx:libmx.dll
 0002:00000258       \177libmx_NULL_THUNK_DATA  0000000180026258     libmx:libmx.dll
 0002:00000260       __imp_utMalloc             0000000180026260     libut:libut.dll
 0002:00000268       __imp_utFree               0000000180026268     libut:libut.dll
 0002:00000270       \177libut_NULL_THUNK_DATA  0000000180026270     libut:libut.dll
 0002:00000278       __imp_call_sf_machine_global_method_dispatcher 0000000180026278     sf_runtime:sf_runtime.dll
 0002:00000280       __imp_callMdlMethodAndReportError 0000000180026280     sf_runtime:sf_runtime.dll
 0002:00000288       __imp_sf_debug_api         0000000180026288     sf_runtime:sf_runtime.dll
 0002:00000290       __imp_sf_debug_create_debug_instance_struct 0000000180026290     sf_runtime:sf_runtime.dll
 0002:00000298       __imp_sf_debug_terminate   0000000180026298     sf_runtime:sf_runtime.dll
 0002:000002a0       __imp_sf_debug_read_before_write_check 00000001800262a0     sf_runtime:sf_runtime.dll
 0002:000002a8       __imp_cv_eval_point        00000001800262a8     sf_runtime:sf_runtime.dll
 0002:000002b0       __imp_sf_mex_printf        00000001800262b0     sf_runtime:sf_runtime.dll
 0002:000002b8       __imp_sf_mex_call_debug    00000001800262b8     sf_runtime:sf_runtime.dll
 0002:000002c0       __imp_sf_get_dwork_info_from_mat_file 00000001800262c0     sf_runtime:sf_runtime.dll
 0002:000002c8       __imp_sf_debug_set_chart_substate_index 00000001800262c8     sf_runtime:sf_runtime.dll
 0002:000002d0       __imp_sf_debug_set_chart_state_substate_count 00000001800262d0     sf_runtime:sf_runtime.dll
 0002:000002d8       __imp_sf_set_encoded_dwork_info 00000001800262d8     sf_runtime:sf_runtime.dll
 0002:000002e0       __imp_sf_clear_error_manager_info 00000001800262e0     sf_runtime:sf_runtime.dll
 0002:000002e8       __imp_sf_debug_set_animation 00000001800262e8     sf_runtime:sf_runtime.dll
 0002:000002f0       __imp_sf_debug_set_honor_breakpoints 00000001800262f0     sf_runtime:sf_runtime.dll
 0002:000002f8       __imp_sf_debug_animate     00000001800262f8     sf_runtime:sf_runtime.dll
 0002:00000300       __imp_sf_clear_rtw_identifier 0000000180026300     sf_runtime:sf_runtime.dll
 0002:00000308       __imp_sf_debug_symbol_scope_push 0000000180026308     sf_runtime:sf_runtime.dll
 0002:00000310       __imp_sf_debug_call        0000000180026310     sf_runtime:sf_runtime.dll
 0002:00000318       __imp_sf_debug_data_range_wrapper 0000000180026318     sf_runtime:sf_runtime.dll
 0002:00000320       __imp_sf_debug_symbol_scope_push_eml 0000000180026320     sf_runtime:sf_runtime.dll
 0002:00000328       __imp_sf_debug_symbol_scope_add_eml_importable 0000000180026328     sf_runtime:sf_runtime.dll
 0002:00000330       __imp_sf_debug_symbol_scope_add_eml 0000000180026330     sf_runtime:sf_runtime.dll
 0002:00000338       __imp_cv_eml_eval          0000000180026338     sf_runtime:sf_runtime.dll
 0002:00000340       __imp_eml_debug_line_call  0000000180026340     sf_runtime:sf_runtime.dll
 0002:00000348       __imp_sf_debug_integer_check 0000000180026348     sf_runtime:sf_runtime.dll
 0002:00000350       __imp_sf_debug_get_animation 0000000180026350     sf_runtime:sf_runtime.dll
 0002:00000358       __imp_sf_mex_error_direct_call 0000000180026358     sf_runtime:sf_runtime.dll
 0002:00000360       __imp_sf_debug_eml_data_array_bounds_error_check 0000000180026360     sf_runtime:sf_runtime.dll
 0002:00000368       __imp_sf_debug_symbol_scope_pop 0000000180026368     sf_runtime:sf_runtime.dll
 0002:00000370       __imp_sf_debug_check_for_state_inconsistency 0000000180026370     sf_runtime:sf_runtime.dll
 0002:00000378       __imp_sf_get_time          0000000180026378     sf_runtime:sf_runtime.dll
 0002:00000380       __imp_sf_debug_initialize_chart 0000000180026380     sf_runtime:sf_runtime.dll
 0002:00000388       __imp_sf_debug_set_chart_disable_implicit_casting 0000000180026388     sf_runtime:sf_runtime.dll
 0002:00000390       __imp_sf_debug_set_chart_event_thresholds 0000000180026390     sf_runtime:sf_runtime.dll
 0002:00000398       __imp_sf_debug_set_chart_data_props 0000000180026398     sf_runtime:sf_runtime.dll
 0002:000003a0       __imp_sf_debug_set_chart_state_info 00000001800263a0     sf_runtime:sf_runtime.dll
 0002:000003a8       __imp_sf_debug_set_chart_substate_count 00000001800263a8     sf_runtime:sf_runtime.dll
 0002:000003b0       __imp_sf_debug_set_chart_decomposition 00000001800263b0     sf_runtime:sf_runtime.dll
 0002:000003b8       __imp_sf_debug_cv_init_chart 00000001800263b8     sf_runtime:sf_runtime.dll
 0002:000003c0       __imp_sf_debug_cv_init_state 00000001800263c0     sf_runtime:sf_runtime.dll
 0002:000003c8       __imp_sf_debug_cv_init_trans 00000001800263c8     sf_runtime:sf_runtime.dll
 0002:000003d0       __imp_cv_eml_init_script   00000001800263d0     sf_runtime:sf_runtime.dll
 0002:000003d8       __imp_cv_eml_init_fcn      00000001800263d8     sf_runtime:sf_runtime.dll
 0002:000003e0       __imp_cv_eml_init_if       00000001800263e0     sf_runtime:sf_runtime.dll
 0002:000003e8       __imp_cv_eml_init_mcdc     00000001800263e8     sf_runtime:sf_runtime.dll
 0002:000003f0       __imp_sf_debug_set_chart_data_compiled_props 00000001800263f0     sf_runtime:sf_runtime.dll
 0002:000003f8       __imp_sf_debug_set_instance_data_value_ptr 00000001800263f8     sf_runtime:sf_runtime.dll
 0002:00000400       __imp_sf_debug_reset_current_state_configuration 0000000180026400     sf_runtime:sf_runtime.dll
 0002:00000408       __imp_sim_mode_is_rtw_gen  0000000180026408     sf_runtime:sf_runtime.dll
 0002:00000410       __imp_sim_mode_is_external 0000000180026410     sf_runtime:sf_runtime.dll
 0002:00000418       __imp_sf_is_chart_inlinable 0000000180026418     sf_runtime:sf_runtime.dll
 0002:00000420       __imp_sf_rtw_info_uint_prop 0000000180026420     sf_runtime:sf_runtime.dll
 0002:00000428       __imp_sf_update_buildInfo  0000000180026428     sf_runtime:sf_runtime.dll
 0002:00000430       __imp_sf_mark_chart_expressionable_inputs 0000000180026430     sf_runtime:sf_runtime.dll
 0002:00000438       __imp_sf_mark_chart_reusable_outputs 0000000180026438     sf_runtime:sf_runtime.dll
 0002:00000440       __imp_sf_set_rtw_dwork_info 0000000180026440     sf_runtime:sf_runtime.dll
 0002:00000448       __imp_sf_mex_import        0000000180026448     sf_runtime:sf_runtime.dll
 0002:00000450       __imp_sf_mex_dup           0000000180026450     sf_runtime:sf_runtime.dll
 0002:00000458       __imp_sf_mex_getcell       0000000180026458     sf_runtime:sf_runtime.dll
 0002:00000460       __imp_sf_mex_decode_encoded_mx_struct_array 0000000180026460     sf_runtime:sf_runtime.dll
 0002:00000468       __imp_sf_mex_setcell       0000000180026468     sf_runtime:sf_runtime.dll
 0002:00000470       __imp_sf_mex_call_matlab   0000000180026470     sf_runtime:sf_runtime.dll
 0002:00000478       __imp_sf_mex_error_message 0000000180026478     sf_runtime:sf_runtime.dll
 0002:00000480       __imp_sf_mex_create        0000000180026480     sf_runtime:sf_runtime.dll
 0002:00000488       __imp_sf_mex_addfield      0000000180026488     sf_runtime:sf_runtime.dll
 0002:00000490       __imp_sf_mex_createcellmatrix 0000000180026490     sf_runtime:sf_runtime.dll
 0002:00000498       __imp_sf_mex_duplicatearraysafe 0000000180026498     sf_runtime:sf_runtime.dll
 0002:000004a0       __imp_sf_mex_destroy       00000001800264a0     sf_runtime:sf_runtime.dll
 0002:000004a8       __imp_sf_mex_createstruct  00000001800264a8     sf_runtime:sf_runtime.dll
 0002:000004b0       __imp_sf_mex_assign        00000001800264b0     sf_runtime:sf_runtime.dll
 0002:000004b8       __imp_sf_mex_emlrtNameCapturePostProcessR2012a 00000001800264b8     sf_runtime:sf_runtime.dll
 0002:000004c0       __imp_sf_load_rtw_optimization_info 00000001800264c0     sf_runtime:sf_runtime.dll
 0002:000004c8       __imp_sf_debug_initialize_machine 00000001800264c8     sf_runtime:sf_runtime.dll
 0002:000004d0       __imp_sf_debug_set_machine_event_thresholds 00000001800264d0     sf_runtime:sf_runtime.dll
 0002:000004d8       __imp_sf_debug_set_machine_data_thresholds 00000001800264d8     sf_runtime:sf_runtime.dll
 0002:000004e0       \177sf_runtime_NULL_THUNK_DATA 00000001800264e0     sf_runtime:sf_runtime.dll
 0002:000004e8       __xc_a                     00000001800264e8     MSVCRT:cinitexe.obj
 0002:000004f0       __xc_z                     00000001800264f0     MSVCRT:cinitexe.obj
 0002:000004f8       __xi_a                     00000001800264f8     MSVCRT:cinitexe.obj
 0002:00000508       __xi_z                     0000000180026508     MSVCRT:cinitexe.obj
 0002:00000510       __real@41ee2acdd3200000    0000000180026510     mission_server_leader_follower_qbot2_qbot2_sfun.obj
 0002:00000518       __real@41e8ed052c400000    0000000180026518     mission_server_leader_follower_qbot2_qbot2_sfun.obj
 0002:00000520       __real@41d0e0bd37400000    0000000180026520     mission_server_leader_follower_qbot2_qbot2_sfun.obj
 0002:00000528       __real@4192d86d70000000    0000000180026528     mission_server_leader_follower_qbot2_qbot2_sfun.obj
 0002:00000530       __real@41ad4b2baa000000    0000000180026530     mission_server_leader_follower_qbot2_qbot2_sfun.obj
 0002:00000538       __real@41e4f54984000000    0000000180026538     mission_server_leader_follower_qbot2_qbot2_sfun.obj
 0002:00000540       __real@41e2ce78c3a00000    0000000180026540     mission_server_leader_follower_qbot2_qbot2_sfun.obj
 0002:00000548       __real@41e6fa90b7000000    0000000180026548     mission_server_leader_follower_qbot2_qbot2_sfun.obj
 0002:00000550       __real@41e1c937b0200000    0000000180026550     mission_server_leader_follower_qbot2_qbot2_sfun.obj
 0002:00000558       __real@41ca5b942e800000    0000000180026558     mission_server_leader_follower_qbot2_qbot2_sfun.obj
 0002:00000560       __real@41d331c45c400000    0000000180026560     mission_server_leader_follower_qbot2_qbot2_sfun.obj
 0002:00000568       __real@41d319fa56400000    0000000180026568     mission_server_leader_follower_qbot2_qbot2_sfun.obj
 0002:00000570       __real@41d8bf7c8bc00000    0000000180026570     mission_server_leader_follower_qbot2_qbot2_sfun.obj
 0002:00000578       __real@41d364227d400000    0000000180026578     mission_server_leader_follower_qbot2_qbot2_sfun.obj
 0002:00000580       __real@41ee75b05fe00000    0000000180026580     mission_server_leader_follower_qbot2_qbot2_sfun.obj
 0002:00000588       __real@41d6c1a3dac00000    0000000180026588     mission_server_leader_follower_qbot2_qbot2_sfun.obj
 0002:00000590       __real@41e45cf1ca200000    0000000180026590     c2_mission_server_leader_follower_qbot2_qbot2.obj
 0002:00000598       __real@41ed6bcbce400000    0000000180026598     c2_mission_server_leader_follower_qbot2_qbot2.obj
 0002:000005a0       __real@41b8840d73000000    00000001800265a0     c2_mission_server_leader_follower_qbot2_qbot2.obj
 0002:000005a8       __real@41e652a629200000    00000001800265a8     c2_mission_server_leader_follower_qbot2_qbot2.obj
 0002:000005b0       __real@4024000000000000    00000001800265b0     c2_mission_server_leader_follower_qbot2_qbot2.obj
 0002:000005b8       __real@3ff0000000000000    00000001800265b8     c2_mission_server_leader_follower_qbot2_qbot2.obj
 0002:000005c0       __real@4014000000000000    00000001800265c0     c2_mission_server_leader_follower_qbot2_qbot2.obj
 0002:000005c8       __real@3fc3333333333333    00000001800265c8     c2_mission_server_leader_follower_qbot2_qbot2.obj
 0002:000005d0       __real@4010000000000000    00000001800265d0     c2_mission_server_leader_follower_qbot2_qbot2.obj
 0002:000005d8       __real@0010000000000000    00000001800265d8     c2_mission_server_leader_follower_qbot2_qbot2.obj
 0002:000005e0       __real@419b5ee370000000    00000001800265e0     c4_mission_server_leader_follower_qbot2_qbot2.obj
 0002:000005e8       __real@41e84744b3200000    00000001800265e8     c4_mission_server_leader_follower_qbot2_qbot2.obj
 0002:000005f0       __real@41c5bae431800000    00000001800265f0     c4_mission_server_leader_follower_qbot2_qbot2.obj
 0002:000005f8       __real@41c35bb692800000    00000001800265f8     c4_mission_server_leader_follower_qbot2_qbot2.obj
 0002:00000600       DYNAMIC_DIMENSION_DEF      0000000180026600     mission_server_leader_follower_qbot2_qbot2_sfun_registry.obj
 0002:00000620       _ssBadLevel2InputAccessMsg 0000000180026620     mission_server_leader_follower_qbot2_qbot2_sfun_registry.obj
 0002:000007b0       _ssBadLevel2DirectFeedMsg  00000001800267b0     mission_server_leader_follower_qbot2_qbot2_sfun_registry.obj
 0002:000008f0       _ssBadLevel2DirectFeedSolutionMsg 00000001800268f0     mission_server_leader_follower_qbot2_qbot2_sfun_registry.obj
 0002:00000960       _ssBadLevel2ZeroDirectFeedMsg 0000000180026960     mission_server_leader_follower_qbot2_qbot2_sfun_registry.obj
 0002:00000aa0       _ssBadLevel2ZeroDirectFeedMsg2 0000000180026aa0     mission_server_leader_follower_qbot2_qbot2_sfun_registry.obj
 0002:00000b88       __real@0000000000000000    0000000180026b88     mission_server_leader_follower_qbot2_qbot2_sfun_registry.obj
 0002:00000b90       __real@bff0000000000000    0000000180026b90     mission_server_leader_follower_qbot2_qbot2_sfun_registry.obj
 0002:00000b98       __real@41602cbca0000000    0000000180026b98     mission_server_leader_follower_qbot2_qbot2_sfun_registry.obj
 0002:00000ba0       __real@41e82f30d3000000    0000000180026ba0     Orientation_Library_sfun:Orientation_Library_sfun.obj
 0002:00000ba8       __real@41ca49e449000000    0000000180026ba8     Orientation_Library_sfun:Orientation_Library_sfun.obj
 0002:00000bb0       __real@41e9ad18ebc00000    0000000180026bb0     Orientation_Library_sfun:Orientation_Library_sfun.obj
 0002:00000bb8       __real@41db35ac12400000    0000000180026bb8     Orientation_Library_sfun:Orientation_Library_sfun.obj
 0002:00000bc0       __real@41d6da6e1d800000    0000000180026bc0     Orientation_Library_sfun:c27_Orientation_Library.obj
 0002:00000bc8       __real@419ef17858000000    0000000180026bc8     Orientation_Library_sfun:c27_Orientation_Library.obj
 0002:00000bd0       __real@41eaf37be7800000    0000000180026bd0     Orientation_Library_sfun:c27_Orientation_Library.obj
 0002:00000bd8       __real@41e37b2905a00000    0000000180026bd8     Orientation_Library_sfun:c27_Orientation_Library.obj
 0002:00000be0       __real@4008000000000000    0000000180026be0     Orientation_Library_sfun:c27_Orientation_Library.obj
 0002:00000bf0       __mask@@NegDouble@         0000000180026bf0     Orientation_Library_sfun:c27_Orientation_Library.obj
 0002:00000c00       __real@3cb0000000000000    0000000180026c00     Orientation_Library_sfun:c27_Orientation_Library.obj
 0002:00000c08       __real@4000000000000000    0000000180026c08     Orientation_Library_sfun:c27_Orientation_Library.obj
 0002:00000c10       __real@41bee3003b000000    0000000180026c10     Orientation_Library_sfun:c5_Orientation_Library.obj
 0002:00000c18       __real@41e4e31303800000    0000000180026c18     Orientation_Library_sfun:c5_Orientation_Library.obj
 0002:00000c20       __real@41e3b574a9600000    0000000180026c20     Orientation_Library_sfun:c5_Orientation_Library.obj
 0002:00000c28       __real@41ee88456ca00000    0000000180026c28     Orientation_Library_sfun:c5_Orientation_Library.obj
 0002:00000c30       _pDefaultRawDllMain        0000000180026c30     MSVCRT:crtdll.obj
 0002:00000c30       _pRawDllMain               0000000180026c30     MSVCRT:crtdll.obj
 0002:00000c48       ?ProcessDetach@NativeDll@<CrtImplementationDetails>@@0IB 0000000180026c48     MSVCRT:tncleanup.obj
 0002:00000c4c       ?ProcessAttach@NativeDll@<CrtImplementationDetails>@@0IB 0000000180026c4c     MSVCRT:tncleanup.obj
 0002:00000c50       ?ThreadAttach@NativeDll@<CrtImplementationDetails>@@0IB 0000000180026c50     MSVCRT:tncleanup.obj
 0002:00000c54       ?ThreadDetach@NativeDll@<CrtImplementationDetails>@@0IB 0000000180026c54     MSVCRT:tncleanup.obj
 0002:00000c58       ?ProcessVerifier@NativeDll@<CrtImplementationDetails>@@0IB 0000000180026c58     MSVCRT:tncleanup.obj
 0002:00000c60       __rtc_iaa                  0000000180026c60     MSVCRT:_initsect_.obj
 0002:00000c68       __rtc_izz                  0000000180026c68     MSVCRT:_initsect_.obj
 0002:00000c70       __rtc_taa                  0000000180026c70     MSVCRT:_initsect_.obj
 0002:00000c78       __rtc_tzz                  0000000180026c78     MSVCRT:_initsect_.obj
 0002:00001820       __IMPORT_DESCRIPTOR_sf_runtime 0000000180027820     sf_runtime:sf_runtime.dll
 0002:00001834       __IMPORT_DESCRIPTOR_libmx  0000000180027834     libmx:libmx.dll
 0002:00001848       __IMPORT_DESCRIPTOR_libmex 0000000180027848     libmex:libmex.dll
 0002:0000185c       __IMPORT_DESCRIPTOR_libut  000000018002785c     libut:libut.dll
 0002:00001870       __IMPORT_DESCRIPTOR_libmwmathutil 0000000180027870     libmwmathutil:libmwmathutil.dll
 0002:00001884       __IMPORT_DESCRIPTOR_MSVCR100 0000000180027884     MSVCRT:MSVCR100.dll
 0002:00001898       __IMPORT_DESCRIPTOR_KERNEL32 0000000180027898     kernel32:KERNEL32.dll
 0002:000018ac       __NULL_IMPORT_DESCRIPTOR   00000001800278ac     sf_runtime:sf_runtime.dll
 0003:000045f0       DYNAMIC_DIMENSION          000000018002d5f0     mission_server_leader_follower_qbot2_qbot2_sfun_registry.obj
 0003:000080f0       __security_cookie          00000001800310f0     MSVCRT:gs_cookie.obj
 0003:000080f8       __security_cookie_complement 00000001800310f8     MSVCRT:gs_cookie.obj
 0003:00008100       _fltused                   0000000180031100     MSVCRT:dllsupp.obj
 0003:00008110       __native_dllmain_reason    0000000180031110     MSVCRT:natstart.obj
 0003:00008114       __native_vcclrit_reason    0000000180031114     MSVCRT:natstart.obj
 0003:00008218       sfGlobalDebugInstanceStruct 0000000180031218     mission_server_leader_follower_qbot2_qbot2_sfun_registry.obj
 0003:000087c0       ?__type_info_root_node@@3U__type_info_node@@A 00000001800317c0     MSVCRT:tncleanup.obj
 0003:000087d0       _mission_server_leader_follower_qbot2_qbot2MachineNumber_ 00000001800317d0     <common>
 0003:000087d4       _Orientation_LibraryMachineNumber_ 00000001800317d4     <common>
 0003:000087d8       __native_startup_state     00000001800317d8     <common>
 0003:000087e0       __native_startup_lock      00000001800317e0     <common>
 0003:000087e8       __onexitend                00000001800317e8     <common>
 0003:000087f0       __onexitbegin              00000001800317f0     <common>
 0003:000087f8       __dyn_tls_init_callback    00000001800317f8     <common>

 entry point at        0001:00023ef0

 Static symbols

 0001:00000de0       c2_info_helper             0000000180001de0 f   c2_mission_server_leader_follower_qbot2_qbot2.obj
 0001:00004850       c2_emlrt_marshallOut       0000000180005850 f   c2_mission_server_leader_follower_qbot2_qbot2.obj
 0001:000048e0       c2_b_emlrt_marshallOut     00000001800058e0 f   c2_mission_server_leader_follower_qbot2_qbot2.obj
 0001:00005710       get_sim_state_c2_mission_server_leader_follower_qbot2_qbot2 0000000180006710 f   c2_mission_server_leader_follower_qbot2_qbot2.obj
 0001:00005c20       sf_get_sim_state_info_c2_mission_server_leader_follower_qbot2_qbot2 0000000180006c20 f   c2_mission_server_leader_follower_qbot2_qbot2.obj
 0001:00005df0       set_sim_state_c2_mission_server_leader_follower_qbot2_qbot2 0000000180006df0 f   c2_mission_server_leader_follower_qbot2_qbot2.obj
 0001:00005ff0       c2_update_debugger_state_c2_mission_server_leader_follower_qbot2 0000000180006ff0 f   c2_mission_server_leader_follower_qbot2_qbot2.obj
 0001:00006000       c2_emlrt_marshallIn        0000000180007000 f   c2_mission_server_leader_follower_qbot2_qbot2.obj
 0001:00006070       c2_b_emlrt_marshallIn      0000000180007070 f   c2_mission_server_leader_follower_qbot2_qbot2.obj
 0001:00006130       c2_c_emlrt_marshallIn      0000000180007130 f   c2_mission_server_leader_follower_qbot2_qbot2.obj
 0001:000061a0       c2_d_emlrt_marshallIn      00000001800071a0 f   c2_mission_server_leader_follower_qbot2_qbot2.obj
 0001:00006230       c2_f_emlrt_marshallIn      0000000180007230 f   c2_mission_server_leader_follower_qbot2_qbot2.obj
 0001:00006290       c2_g_emlrt_marshallIn      0000000180007290 f   c2_mission_server_leader_follower_qbot2_qbot2.obj
 0001:00006390       mdlProcessParameters_c2_mission_server_leader_follower_qbot2_qbot2 0000000180007390 f   c2_mission_server_leader_follower_qbot2_qbot2.obj
 0001:00006470       initialize_params_c2_mission_server_leader_follower_qbot2_qbot2 0000000180007470 f   c2_mission_server_leader_follower_qbot2_qbot2.obj
 0001:00006480       mdlSetWorkWidths_c2_mission_server_leader_follower_qbot2_qbot2 0000000180007480 f   c2_mission_server_leader_follower_qbot2_qbot2.obj
 0001:000069e0       sf_get_instance_specialization 00000001800079e0 f   c2_mission_server_leader_follower_qbot2_qbot2.obj
 0001:000069f0       mdlStart_c2_mission_server_leader_follower_qbot2_qbot2 00000001800079f0 f   c2_mission_server_leader_follower_qbot2_qbot2.obj
 0001:00006c20       init_dsm_address_info      0000000180007c20 f   c2_mission_server_leader_follower_qbot2_qbot2.obj
 0001:00006c30       chart_debug_initialization 0000000180007c30 f   c2_mission_server_leader_follower_qbot2_qbot2.obj
 0001:00007db0       init_script_number_translation 0000000180008db0 f   c2_mission_server_leader_follower_qbot2_qbot2.obj
 0001:00007dd0       c2_b_sf_marshallOut        0000000180008dd0 f   c2_mission_server_leader_follower_qbot2_qbot2.obj
 0001:00007e80       c2_b_sf_marshallIn         0000000180008e80 f   c2_mission_server_leader_follower_qbot2_qbot2.obj
 0001:00007f20       c2_c_sf_marshallOut        0000000180008f20 f   c2_mission_server_leader_follower_qbot2_qbot2.obj
 0001:00008080       sf_opaque_initialize_c2_mission_server_leader_follower_qbot2_qbot2 0000000180009080 f   c2_mission_server_leader_follower_qbot2_qbot2.obj
 0001:000080c0       initialize_c2_mission_server_leader_follower_qbot2_qbot2 00000001800090c0 f   c2_mission_server_leader_follower_qbot2_qbot2.obj
 0001:00008110       sf_opaque_enable_c2_mission_server_leader_follower_qbot2_qbot2 0000000180009110 f   c2_mission_server_leader_follower_qbot2_qbot2.obj
 0001:00008130       enable_c2_mission_server_leader_follower_qbot2_qbot2 0000000180009130 f   c2_mission_server_leader_follower_qbot2_qbot2.obj
 0001:00008160       sf_opaque_disable_c2_mission_server_leader_follower_qbot2_qbot2 0000000180009160 f   c2_mission_server_leader_follower_qbot2_qbot2.obj
 0001:00008180       disable_c2_mission_server_leader_follower_qbot2_qbot2 0000000180009180 f   c2_mission_server_leader_follower_qbot2_qbot2.obj
 0001:000081b0       sf_opaque_gateway_c2_mission_server_leader_follower_qbot2_qbot2 00000001800091b0 f   c2_mission_server_leader_follower_qbot2_qbot2.obj
 0001:000081d0       sf_gateway_c2_mission_server_leader_follower_qbot2_qbot2 00000001800091d0 f   c2_mission_server_leader_follower_qbot2_qbot2.obj
 0001:00009cb0       c2_sf_marshallOut          000000018000acb0 f   c2_mission_server_leader_follower_qbot2_qbot2.obj
 0001:00009dd0       c2_sf_marshallIn           000000018000add0 f   c2_mission_server_leader_follower_qbot2_qbot2.obj
 0001:00009e70       c2_eml_xnrm2               000000018000ae70 f   c2_mission_server_leader_follower_qbot2_qbot2.obj
 0001:0000a060       sf_opaque_get_sim_state_c2_mission_server_leader_follower_qbot2_qbot2 000000018000b060 f   c2_mission_server_leader_follower_qbot2_qbot2.obj
 0001:0000a080       sf_opaque_set_sim_state_c2_mission_server_leader_follower_qbot2_qbot2 000000018000b080 f   c2_mission_server_leader_follower_qbot2_qbot2.obj
 0001:0000a0b0       sf_opaque_terminate_c2_mission_server_leader_follower_qbot2_qbot2 000000018000b0b0 f   c2_mission_server_leader_follower_qbot2_qbot2.obj
 0001:0000a150       finalize_c2_mission_server_leader_follower_qbot2_qbot2 000000018000b150 f   c2_mission_server_leader_follower_qbot2_qbot2.obj
 0001:0000a160       sf_opaque_init_subchart_simstructs 000000018000b160 f   c2_mission_server_leader_follower_qbot2_qbot2.obj
 0001:0000a180       initSimStructsc2_mission_server_leader_follower_qbot2_qbot2 000000018000b180 f   c2_mission_server_leader_follower_qbot2_qbot2.obj
 0001:0000a190       mdlRTW_c2_mission_server_leader_follower_qbot2_qbot2 000000018000b190 f   c2_mission_server_leader_follower_qbot2_qbot2.obj
 0001:0000aeb0       get_sim_state_c4_mission_server_leader_follower_qbot2_qbot2 000000018000beb0 f   c4_mission_server_leader_follower_qbot2_qbot2.obj
 0001:0000b2b0       sf_get_sim_state_info_c4_mission_server_leader_follower_qbot2_qbot2 000000018000c2b0 f   c4_mission_server_leader_follower_qbot2_qbot2.obj
 0001:0000b480       set_sim_state_c4_mission_server_leader_follower_qbot2_qbot2 000000018000c480 f   c4_mission_server_leader_follower_qbot2_qbot2.obj
 0001:0000b6a0       c4_update_debugger_state_c4_mission_server_leader_follower_qbot2 000000018000c6a0 f   c4_mission_server_leader_follower_qbot2_qbot2.obj
 0001:0000ba60       c4_emlrt_marshallIn        000000018000ca60 f   c4_mission_server_leader_follower_qbot2_qbot2.obj
 0001:0000bad0       c4_b_emlrt_marshallIn      000000018000cad0 f   c4_mission_server_leader_follower_qbot2_qbot2.obj
 0001:0000bb60       c4_e_emlrt_marshallIn      000000018000cb60 f   c4_mission_server_leader_follower_qbot2_qbot2.obj
 0001:0000bbc0       c4_f_emlrt_marshallIn      000000018000cbc0 f   c4_mission_server_leader_follower_qbot2_qbot2.obj
 0001:0000bc50       c4_g_emlrt_marshallIn      000000018000cc50 f   c4_mission_server_leader_follower_qbot2_qbot2.obj
 0001:0000bcd0       c4_h_emlrt_marshallIn      000000018000ccd0 f   c4_mission_server_leader_follower_qbot2_qbot2.obj
 0001:0000bde0       mdlProcessParameters_c4_mission_server_leader_follower_qbot2_qbot2 000000018000cde0 f   c4_mission_server_leader_follower_qbot2_qbot2.obj
 0001:0000bec0       initialize_params_c4_mission_server_leader_follower_qbot2_qbot2 000000018000cec0 f   c4_mission_server_leader_follower_qbot2_qbot2.obj
 0001:0000bed0       mdlSetWorkWidths_c4_mission_server_leader_follower_qbot2_qbot2 000000018000ced0 f   c4_mission_server_leader_follower_qbot2_qbot2.obj
 0001:0000c460       sf_get_instance_specialization 000000018000d460 f   c4_mission_server_leader_follower_qbot2_qbot2.obj
 0001:0000c470       sf_set_sfun_dwork_info     000000018000d470 f   c4_mission_server_leader_follower_qbot2_qbot2.obj
 0001:0000c4b0       mdlStart_c4_mission_server_leader_follower_qbot2_qbot2 000000018000d4b0 f   c4_mission_server_leader_follower_qbot2_qbot2.obj
 0001:0000c6f0       init_dsm_address_info      000000018000d6f0 f   c4_mission_server_leader_follower_qbot2_qbot2.obj
 0001:0000c700       chart_debug_initialization 000000018000d700 f   c4_mission_server_leader_follower_qbot2_qbot2.obj
 0001:0000d940       init_script_number_translation 000000018000e940 f   c4_mission_server_leader_follower_qbot2_qbot2.obj
 0001:0000d960       c4_sf_marshallOut          000000018000e960 f   c4_mission_server_leader_follower_qbot2_qbot2.obj
 0001:0000da10       c4_sf_marshallIn           000000018000ea10 f   c4_mission_server_leader_follower_qbot2_qbot2.obj
 0001:0000dab0       sf_opaque_initialize_c4_mission_server_leader_follower_qbot2_qbot2 000000018000eab0 f   c4_mission_server_leader_follower_qbot2_qbot2.obj
 0001:0000db00       initialize_c4_mission_server_leader_follower_qbot2_qbot2 000000018000eb00 f   c4_mission_server_leader_follower_qbot2_qbot2.obj
 0001:0000dbb0       sf_check_dwork_consistency 000000018000ebb0 f   c4_mission_server_leader_follower_qbot2_qbot2.obj
 0001:0000dca0       sf_opaque_enable_c4_mission_server_leader_follower_qbot2_qbot2 000000018000eca0 f   c4_mission_server_leader_follower_qbot2_qbot2.obj
 0001:0000dcc0       enable_c4_mission_server_leader_follower_qbot2_qbot2 000000018000ecc0 f   c4_mission_server_leader_follower_qbot2_qbot2.obj
 0001:0000dcf0       sf_opaque_disable_c4_mission_server_leader_follower_qbot2_qbot2 000000018000ecf0 f   c4_mission_server_leader_follower_qbot2_qbot2.obj
 0001:0000dd10       disable_c4_mission_server_leader_follower_qbot2_qbot2 000000018000ed10 f   c4_mission_server_leader_follower_qbot2_qbot2.obj
 0001:0000dd40       sf_opaque_gateway_c4_mission_server_leader_follower_qbot2_qbot2 000000018000ed40 f   c4_mission_server_leader_follower_qbot2_qbot2.obj
 0001:0000dd60       sf_gateway_c4_mission_server_leader_follower_qbot2_qbot2 000000018000ed60 f   c4_mission_server_leader_follower_qbot2_qbot2.obj
 0001:0000f7a0       c4_set_sim_state_side_effects_c4_mission_server_leader_follower_ 00000001800107a0 f   c4_mission_server_leader_follower_qbot2_qbot2.obj
 0001:0000f7d0       c4_b_sf_marshallOut        00000001800107d0 f   c4_mission_server_leader_follower_qbot2_qbot2.obj
 0001:0000f880       c4_b_sf_marshallIn         0000000180010880 f   c4_mission_server_leader_follower_qbot2_qbot2.obj
 0001:0000f920       c4_c_emlrt_marshallIn      0000000180010920 f   c4_mission_server_leader_follower_qbot2_qbot2.obj
 0001:0000f9b0       c4_updateDataWrittenToVector 00000001800109b0 f   c4_mission_server_leader_follower_qbot2_qbot2.obj
 0001:0000fa30       c4_errorIfDataNotWrittenToFcn 0000000180010a30 f   c4_mission_server_leader_follower_qbot2_qbot2.obj
 0001:0000faf0       sf_opaque_ext_mode_exec_c4_mission_server_leader_follower_qbot2_qbot2 0000000180010af0 f   c4_mission_server_leader_follower_qbot2_qbot2.obj
 0001:0000fb10       ext_mode_exec_c4_mission_server_leader_follower_qbot2_qbot2 0000000180010b10 f   c4_mission_server_leader_follower_qbot2_qbot2.obj
 0001:0000fb30       sf_opaque_get_sim_state_c4_mission_server_leader_follower_qbot2_qbot2 0000000180010b30 f   c4_mission_server_leader_follower_qbot2_qbot2.obj
 0001:0000fb50       sf_opaque_set_sim_state_c4_mission_server_leader_follower_qbot2_qbot2 0000000180010b50 f   c4_mission_server_leader_follower_qbot2_qbot2.obj
 0001:0000fb80       sf_opaque_terminate_c4_mission_server_leader_follower_qbot2_qbot2 0000000180010b80 f   c4_mission_server_leader_follower_qbot2_qbot2.obj
 0001:0000fc20       finalize_c4_mission_server_leader_follower_qbot2_qbot2 0000000180010c20 f   c4_mission_server_leader_follower_qbot2_qbot2.obj
 0001:0000fc50       sf_opaque_init_subchart_simstructs 0000000180010c50 f   c4_mission_server_leader_follower_qbot2_qbot2.obj
 0001:0000fc70       initSimStructsc4_mission_server_leader_follower_qbot2_qbot2 0000000180010c70 f   c4_mission_server_leader_follower_qbot2_qbot2.obj
 0001:0000fc80       sf_get_sfun_dwork_checksum 0000000180010c80 f   c4_mission_server_leader_follower_qbot2_qbot2.obj
 0001:0000fc90       mdlRTW_c4_mission_server_leader_follower_qbot2_qbot2 0000000180010c90 f   c4_mission_server_leader_follower_qbot2_qbot2.obj
 0001:00010940       getChartInfoFromSimStruct  0000000180011940 f   mission_server_leader_follower_qbot2_qbot2_sfun_registry.obj
 0001:00011fe0       _ssFatalError              0000000180012fe0 f   mission_server_leader_follower_qbot2_qbot2_sfun_registry.obj
 0001:00015090       ProcessMexSfunctionCmdLineCall 0000000180016090 f   mission_server_leader_follower_qbot2_qbot2_sfun_registry.obj
 0001:000151f0       sf_debug_api_wrapper       00000001800161f0 f   mission_server_leader_follower_qbot2_qbot2_sfun_registry.obj
 0001:00015240       mdlStart                   0000000180016240 f   mission_server_leader_follower_qbot2_qbot2_sfun_registry.obj
 0001:00015270       mdl_start_processing       0000000180016270 f   mission_server_leader_follower_qbot2_qbot2_sfun_registry.obj
 0001:00015300       mdlTerminate               0000000180016300 f   mission_server_leader_follower_qbot2_qbot2_sfun_registry.obj
 0001:00015330       mdl_terminate_processing   0000000180016330 f   mission_server_leader_follower_qbot2_qbot2_sfun_registry.obj
 0001:000153b0       mdlInitializeSampleTimes   00000001800163b0 f   mission_server_leader_follower_qbot2_qbot2_sfun_registry.obj
 0001:000153e0       mdlZeroCrossings           00000001800163e0 f   mission_server_leader_follower_qbot2_qbot2_sfun_registry.obj
 0001:00015410       mdl_zeroCrossings_processing 0000000180016410 f   mission_server_leader_follower_qbot2_qbot2_sfun_registry.obj
 0001:00015450       mdlDerivatives             0000000180016450 f   mission_server_leader_follower_qbot2_qbot2_sfun_registry.obj
 0001:00015480       mdl_derivatives_processing 0000000180016480 f   mission_server_leader_follower_qbot2_qbot2_sfun_registry.obj
 0001:000154d0       mdlInitializeConditions    00000001800164d0 f   mission_server_leader_follower_qbot2_qbot2_sfun_registry.obj
 0001:00015500       mdl_initialize_conditions_processing 0000000180016500 f   mission_server_leader_follower_qbot2_qbot2_sfun_registry.obj
 0001:00015550       mdlEnable                  0000000180016550 f   mission_server_leader_follower_qbot2_qbot2_sfun_registry.obj
 0001:00015580       mdl_enable_processing      0000000180016580 f   mission_server_leader_follower_qbot2_qbot2_sfun_registry.obj
 0001:000155c0       mdlDisable                 00000001800165c0 f   mission_server_leader_follower_qbot2_qbot2_sfun_registry.obj
 0001:000155f0       mdl_disable_processing     00000001800165f0 f   mission_server_leader_follower_qbot2_qbot2_sfun_registry.obj
 0001:00015630       mdlOutputs                 0000000180016630 f   mission_server_leader_follower_qbot2_qbot2_sfun_registry.obj
 0001:00015660       mdl_outputs_processing     0000000180016660 f   mission_server_leader_follower_qbot2_qbot2_sfun_registry.obj
 0001:00015740       mdl_outputs_continuous_legacy 0000000180016740 f   mission_server_leader_follower_qbot2_qbot2_sfun_registry.obj
 0001:00015830       mdlGetTimeOfNextVarHit     0000000180016830 f   mission_server_leader_follower_qbot2_qbot2_sfun_registry.obj
 0001:00015880       _ProcessMexSfunctionCmdLineCall 0000000180016880 f   mission_server_leader_follower_qbot2_qbot2_sfun_registry.obj
 0001:00015fd0       mdlSetWorkWidths           0000000180016fd0 f   mission_server_leader_follower_qbot2_qbot2_sfun_registry.obj
 0001:00016000       mdlProcessParameters       0000000180017000 f   mission_server_leader_follower_qbot2_qbot2_sfun_registry.obj
 0001:00016030       mdlInitializeSizes         0000000180017030 f   mission_server_leader_follower_qbot2_qbot2_sfun_registry.obj
 0001:00016060       mdlExtModeExec             0000000180017060 f   mission_server_leader_follower_qbot2_qbot2_sfun_registry.obj
 0001:00016090       mdl_ext_mode_exec_processing 0000000180017090 f   mission_server_leader_follower_qbot2_qbot2_sfun_registry.obj
 0001:000160d0       mdlRTW                     00000001800170d0 f   mission_server_leader_follower_qbot2_qbot2_sfun_registry.obj
 0001:00016110       _CreateSimStruct           0000000180017110 f   mission_server_leader_follower_qbot2_qbot2_sfun_registry.obj
 0001:000162a0       _RegNumInputPortsCB        00000001800172a0 f   mission_server_leader_follower_qbot2_qbot2_sfun_registry.obj
 0001:00016320       _RegNumOutputPortsCB       0000000180017320 f   mission_server_leader_follower_qbot2_qbot2_sfun_registry.obj
 0001:00017440       c27_info_helper            0000000180018440 f   Orientation_Library_sfun:c27_Orientation_Library.obj
 0001:0001a000       c27_emlrt_marshallOut      000000018001b000 f   Orientation_Library_sfun:c27_Orientation_Library.obj
 0001:0001a090       c27_b_emlrt_marshallOut    000000018001b090 f   Orientation_Library_sfun:c27_Orientation_Library.obj
 0001:0001aae0       get_sim_state_c27_Orientation_Library 000000018001bae0 f   Orientation_Library_sfun:c27_Orientation_Library.obj
 0001:0001ada0       sf_get_sim_state_info_c27_Orientation_Library 000000018001bda0 f   Orientation_Library_sfun:c27_Orientation_Library.obj
 0001:0001af70       set_sim_state_c27_Orientation_Library 000000018001bf70 f   Orientation_Library_sfun:c27_Orientation_Library.obj
 0001:0001b100       c27_update_debugger_state_c27_Orientation_Library 000000018001c100 f   Orientation_Library_sfun:c27_Orientation_Library.obj
 0001:0001b110       c27_emlrt_marshallIn       000000018001c110 f   Orientation_Library_sfun:c27_Orientation_Library.obj
 0001:0001b180       c27_b_emlrt_marshallIn     000000018001c180 f   Orientation_Library_sfun:c27_Orientation_Library.obj
 0001:0001b210       c27_c_emlrt_marshallIn     000000018001c210 f   Orientation_Library_sfun:c27_Orientation_Library.obj
 0001:0001b280       c27_d_emlrt_marshallIn     000000018001c280 f   Orientation_Library_sfun:c27_Orientation_Library.obj
 0001:0001b370       c27_f_emlrt_marshallIn     000000018001c370 f   Orientation_Library_sfun:c27_Orientation_Library.obj
 0001:0001b3d0       c27_g_emlrt_marshallIn     000000018001c3d0 f   Orientation_Library_sfun:c27_Orientation_Library.obj
 0001:0001b4d0       mdlProcessParameters_c27_Orientation_Library 000000018001c4d0 f   Orientation_Library_sfun:c27_Orientation_Library.obj
 0001:0001b5b0       initialize_params_c27_Orientation_Library 000000018001c5b0 f   Orientation_Library_sfun:c27_Orientation_Library.obj
 0001:0001b5c0       mdlSetWorkWidths_c27_Orientation_Library 000000018001c5c0 f   Orientation_Library_sfun:c27_Orientation_Library.obj
 0001:0001baf0       sf_get_instance_specialization 000000018001caf0 f   Orientation_Library_sfun:c27_Orientation_Library.obj
 0001:0001bb00       mdlStart_c27_Orientation_Library 000000018001cb00 f   Orientation_Library_sfun:c27_Orientation_Library.obj
 0001:0001bd30       init_dsm_address_info      000000018001cd30 f   Orientation_Library_sfun:c27_Orientation_Library.obj
 0001:0001bd40       chart_debug_initialization 000000018001cd40 f   Orientation_Library_sfun:c27_Orientation_Library.obj
 0001:0001ca70       init_script_number_translation 000000018001da70 f   Orientation_Library_sfun:c27_Orientation_Library.obj
 0001:0001ca90       c27_sf_marshallOut         000000018001da90 f   Orientation_Library_sfun:c27_Orientation_Library.obj
 0001:0001cb40       c27_sf_marshallIn          000000018001db40 f   Orientation_Library_sfun:c27_Orientation_Library.obj
 0001:0001cbe0       c27_b_sf_marshallOut       000000018001dbe0 f   Orientation_Library_sfun:c27_Orientation_Library.obj
 0001:0001cd40       c27_b_sf_marshallIn        000000018001dd40 f   Orientation_Library_sfun:c27_Orientation_Library.obj
 0001:0001ce40       c27_c_sf_marshallOut       000000018001de40 f   Orientation_Library_sfun:c27_Orientation_Library.obj
 0001:0001d070       sf_opaque_initialize_c27_Orientation_Library 000000018001e070 f   Orientation_Library_sfun:c27_Orientation_Library.obj
 0001:0001d0b0       initialize_c27_Orientation_Library 000000018001e0b0 f   Orientation_Library_sfun:c27_Orientation_Library.obj
 0001:0001d100       sf_opaque_enable_c27_Orientation_Library 000000018001e100 f   Orientation_Library_sfun:c27_Orientation_Library.obj
 0001:0001d120       enable_c27_Orientation_Library 000000018001e120 f   Orientation_Library_sfun:c27_Orientation_Library.obj
 0001:0001d150       sf_opaque_disable_c27_Orientation_Library 000000018001e150 f   Orientation_Library_sfun:c27_Orientation_Library.obj
 0001:0001d170       disable_c27_Orientation_Library 000000018001e170 f   Orientation_Library_sfun:c27_Orientation_Library.obj
 0001:0001d1a0       sf_opaque_gateway_c27_Orientation_Library 000000018001e1a0 f   Orientation_Library_sfun:c27_Orientation_Library.obj
 0001:0001d1c0       sf_gateway_c27_Orientation_Library 000000018001e1c0 f   Orientation_Library_sfun:c27_Orientation_Library.obj
 0001:0001e900       c27_eml_error              000000018001f900 f   Orientation_Library_sfun:c27_Orientation_Library.obj
 0001:0001eaf0       c27_atan2                  000000018001faf0 f   Orientation_Library_sfun:c27_Orientation_Library.obj
 0001:0001eb40       c27_b_eml_error            000000018001fb40 f   Orientation_Library_sfun:c27_Orientation_Library.obj
 0001:0001ed30       sf_opaque_get_sim_state_c27_Orientation_Library 000000018001fd30 f   Orientation_Library_sfun:c27_Orientation_Library.obj
 0001:0001ed50       sf_opaque_set_sim_state_c27_Orientation_Library 000000018001fd50 f   Orientation_Library_sfun:c27_Orientation_Library.obj
 0001:0001ed80       sf_opaque_terminate_c27_Orientation_Library 000000018001fd80 f   Orientation_Library_sfun:c27_Orientation_Library.obj
 0001:0001ee20       finalize_c27_Orientation_Library 000000018001fe20 f   Orientation_Library_sfun:c27_Orientation_Library.obj
 0001:0001ee30       sf_opaque_init_subchart_simstructs 000000018001fe30 f   Orientation_Library_sfun:c27_Orientation_Library.obj
 0001:0001ee50       initSimStructsc27_Orientation_Library 000000018001fe50 f   Orientation_Library_sfun:c27_Orientation_Library.obj
 0001:0001ee60       mdlRTW_c27_Orientation_Library 000000018001fe60 f   Orientation_Library_sfun:c27_Orientation_Library.obj
 0001:0001ef10       c5_info_helper             000000018001ff10 f   Orientation_Library_sfun:c5_Orientation_Library.obj
 0001:0001f890       c5_emlrt_marshallOut       0000000180020890 f   Orientation_Library_sfun:c5_Orientation_Library.obj
 0001:0001f920       c5_b_emlrt_marshallOut     0000000180020920 f   Orientation_Library_sfun:c5_Orientation_Library.obj
 0001:00020220       get_sim_state_c5_Orientation_Library 0000000180021220 f   Orientation_Library_sfun:c5_Orientation_Library.obj
 0001:00020460       sf_get_sim_state_info_c5_Orientation_Library 0000000180021460 f   Orientation_Library_sfun:c5_Orientation_Library.obj
 0001:00020630       set_sim_state_c5_Orientation_Library 0000000180021630 f   Orientation_Library_sfun:c5_Orientation_Library.obj
 0001:00020790       c5_update_debugger_state_c5_Orientation_Library 0000000180021790 f   Orientation_Library_sfun:c5_Orientation_Library.obj
 0001:000207a0       c5_emlrt_marshallIn        00000001800217a0 f   Orientation_Library_sfun:c5_Orientation_Library.obj
 0001:00020810       c5_b_emlrt_marshallIn      0000000180021810 f   Orientation_Library_sfun:c5_Orientation_Library.obj
 0001:00020920       c5_e_emlrt_marshallIn      0000000180021920 f   Orientation_Library_sfun:c5_Orientation_Library.obj
 0001:00020980       c5_f_emlrt_marshallIn      0000000180021980 f   Orientation_Library_sfun:c5_Orientation_Library.obj
 0001:00020a80       mdlProcessParameters_c5_Orientation_Library 0000000180021a80 f   Orientation_Library_sfun:c5_Orientation_Library.obj
 0001:00020b60       initialize_params_c5_Orientation_Library 0000000180021b60 f   Orientation_Library_sfun:c5_Orientation_Library.obj
 0001:00020b70       mdlSetWorkWidths_c5_Orientation_Library 0000000180021b70 f   Orientation_Library_sfun:c5_Orientation_Library.obj
 0001:000210a0       sf_get_instance_specialization 00000001800220a0 f   Orientation_Library_sfun:c5_Orientation_Library.obj
 0001:000210b0       mdlStart_c5_Orientation_Library 00000001800220b0 f   Orientation_Library_sfun:c5_Orientation_Library.obj
 0001:000212e0       init_dsm_address_info      00000001800222e0 f   Orientation_Library_sfun:c5_Orientation_Library.obj
 0001:000212f0       chart_debug_initialization 00000001800222f0 f   Orientation_Library_sfun:c5_Orientation_Library.obj
 0001:00021d10       init_script_number_translation 0000000180022d10 f   Orientation_Library_sfun:c5_Orientation_Library.obj
 0001:00021d30       c5_sf_marshallOut          0000000180022d30 f   Orientation_Library_sfun:c5_Orientation_Library.obj
 0001:00021f80       c5_sf_marshallIn           0000000180022f80 f   Orientation_Library_sfun:c5_Orientation_Library.obj
 0001:00022100       c5_b_sf_marshallOut        0000000180023100 f   Orientation_Library_sfun:c5_Orientation_Library.obj
 0001:000221b0       sf_opaque_initialize_c5_Orientation_Library 00000001800231b0 f   Orientation_Library_sfun:c5_Orientation_Library.obj
 0001:000221f0       initialize_c5_Orientation_Library 00000001800231f0 f   Orientation_Library_sfun:c5_Orientation_Library.obj
 0001:00022240       sf_opaque_enable_c5_Orientation_Library 0000000180023240 f   Orientation_Library_sfun:c5_Orientation_Library.obj
 0001:00022260       enable_c5_Orientation_Library 0000000180023260 f   Orientation_Library_sfun:c5_Orientation_Library.obj
 0001:00022290       sf_opaque_disable_c5_Orientation_Library 0000000180023290 f   Orientation_Library_sfun:c5_Orientation_Library.obj
 0001:000222b0       disable_c5_Orientation_Library 00000001800232b0 f   Orientation_Library_sfun:c5_Orientation_Library.obj
 0001:000222e0       sf_opaque_gateway_c5_Orientation_Library 00000001800232e0 f   Orientation_Library_sfun:c5_Orientation_Library.obj
 0001:00022300       sf_gateway_c5_Orientation_Library 0000000180023300 f   Orientation_Library_sfun:c5_Orientation_Library.obj
 0001:00023760       c5_b_sf_marshallIn         0000000180024760 f   Orientation_Library_sfun:c5_Orientation_Library.obj
 0001:00023800       c5_c_emlrt_marshallIn      0000000180024800 f   Orientation_Library_sfun:c5_Orientation_Library.obj
 0001:00023890       sf_opaque_get_sim_state_c5_Orientation_Library 0000000180024890 f   Orientation_Library_sfun:c5_Orientation_Library.obj
 0001:000238b0       sf_opaque_set_sim_state_c5_Orientation_Library 00000001800248b0 f   Orientation_Library_sfun:c5_Orientation_Library.obj
 0001:000238e0       sf_opaque_terminate_c5_Orientation_Library 00000001800248e0 f   Orientation_Library_sfun:c5_Orientation_Library.obj
 0001:00023980       finalize_c5_Orientation_Library 0000000180024980 f   Orientation_Library_sfun:c5_Orientation_Library.obj
 0001:00023990       sf_opaque_init_subchart_simstructs 0000000180024990 f   Orientation_Library_sfun:c5_Orientation_Library.obj
 0001:000239b0       initSimStructsc5_Orientation_Library 00000001800249b0 f   Orientation_Library_sfun:c5_Orientation_Library.obj
 0001:000239c0       mdlRTW_c5_Orientation_Library 00000001800249c0 f   Orientation_Library_sfun:c5_Orientation_Library.obj
 0001:00023af8       pre_c_init                 0000000180024af8 f   MSVCRT:crtdll.obj
 0001:00023db4       __DllMainCRTStartup        0000000180024db4 f   MSVCRT:crtdll.obj
 0001:00024440       __DllMainCRTStartup$filt$0 0000000180025440 f   MSVCRT:crtdll.obj
 0001:00024470       __DllMainCRTStartup$fin$1  0000000180025470 f   MSVCRT:crtdll.obj
 0001:0002448a       _onexit$fin$0              000000018002548a f   MSVCRT:atonexit.obj
 0001:000244b0       _IsNonwritableInCurrentImage$filt$0 00000001800254b0 f   MSVCRT:pesect.obj
